Archive member included to satisfy reference by file (symbol)

c:/st/stm32cubeide_1.8.0/stm32cubeide/plugins/com.st.stm32cube.ide.mcu.externaltools.gnu-tools-for-stm32.9-2020-q2-update.win32_2.0.0.202105311346/tools/bin/../lib/gcc/arm-none-eabi/9.3.1/../../../../arm-none-eabi/lib/thumb/v7e-m+fp/hard\libc_nano.a(lib_a-errno.o)
                              ./Core/Src/syscalls.o (__errno)
c:/st/stm32cubeide_1.8.0/stm32cubeide/plugins/com.st.stm32cube.ide.mcu.externaltools.gnu-tools-for-stm32.9-2020-q2-update.win32_2.0.0.202105311346/tools/bin/../lib/gcc/arm-none-eabi/9.3.1/../../../../arm-none-eabi/lib/thumb/v7e-m+fp/hard\libc_nano.a(lib_a-exit.o)
                              c:/st/stm32cubeide_1.8.0/stm32cubeide/plugins/com.st.stm32cube.ide.mcu.externaltools.gnu-tools-for-stm32.9-2020-q2-update.win32_2.0.0.202105311346/tools/bin/../lib/gcc/arm-none-eabi/9.3.1/../../../../arm-none-eabi/lib/thumb/v7e-m+fp/hard/crt0.o (exit)
c:/st/stm32cubeide_1.8.0/stm32cubeide/plugins/com.st.stm32cube.ide.mcu.externaltools.gnu-tools-for-stm32.9-2020-q2-update.win32_2.0.0.202105311346/tools/bin/../lib/gcc/arm-none-eabi/9.3.1/../../../../arm-none-eabi/lib/thumb/v7e-m+fp/hard\libc_nano.a(lib_a-impure.o)
                              c:/st/stm32cubeide_1.8.0/stm32cubeide/plugins/com.st.stm32cube.ide.mcu.externaltools.gnu-tools-for-stm32.9-2020-q2-update.win32_2.0.0.202105311346/tools/bin/../lib/gcc/arm-none-eabi/9.3.1/../../../../arm-none-eabi/lib/thumb/v7e-m+fp/hard\libc_nano.a(lib_a-exit.o) (_global_impure_ptr)
c:/st/stm32cubeide_1.8.0/stm32cubeide/plugins/com.st.stm32cube.ide.mcu.externaltools.gnu-tools-for-stm32.9-2020-q2-update.win32_2.0.0.202105311346/tools/bin/../lib/gcc/arm-none-eabi/9.3.1/../../../../arm-none-eabi/lib/thumb/v7e-m+fp/hard\libc_nano.a(lib_a-init.o)
                              c:/st/stm32cubeide_1.8.0/stm32cubeide/plugins/com.st.stm32cube.ide.mcu.externaltools.gnu-tools-for-stm32.9-2020-q2-update.win32_2.0.0.202105311346/tools/bin/../lib/gcc/arm-none-eabi/9.3.1/../../../../arm-none-eabi/lib/thumb/v7e-m+fp/hard/crt0.o (__libc_init_array)
c:/st/stm32cubeide_1.8.0/stm32cubeide/plugins/com.st.stm32cube.ide.mcu.externaltools.gnu-tools-for-stm32.9-2020-q2-update.win32_2.0.0.202105311346/tools/bin/../lib/gcc/arm-none-eabi/9.3.1/../../../../arm-none-eabi/lib/thumb/v7e-m+fp/hard\libc_nano.a(lib_a-malloc.o)
                              ./Core/Src/SSD1306.o (malloc)
c:/st/stm32cubeide_1.8.0/stm32cubeide/plugins/com.st.stm32cube.ide.mcu.externaltools.gnu-tools-for-stm32.9-2020-q2-update.win32_2.0.0.202105311346/tools/bin/../lib/gcc/arm-none-eabi/9.3.1/../../../../arm-none-eabi/lib/thumb/v7e-m+fp/hard\libc_nano.a(lib_a-memset.o)
                              c:/st/stm32cubeide_1.8.0/stm32cubeide/plugins/com.st.stm32cube.ide.mcu.externaltools.gnu-tools-for-stm32.9-2020-q2-update.win32_2.0.0.202105311346/tools/bin/../lib/gcc/arm-none-eabi/9.3.1/../../../../arm-none-eabi/lib/thumb/v7e-m+fp/hard/crt0.o (memset)
c:/st/stm32cubeide_1.8.0/stm32cubeide/plugins/com.st.stm32cube.ide.mcu.externaltools.gnu-tools-for-stm32.9-2020-q2-update.win32_2.0.0.202105311346/tools/bin/../lib/gcc/arm-none-eabi/9.3.1/../../../../arm-none-eabi/lib/thumb/v7e-m+fp/hard\libc_nano.a(lib_a-nano-freer.o)
                              c:/st/stm32cubeide_1.8.0/stm32cubeide/plugins/com.st.stm32cube.ide.mcu.externaltools.gnu-tools-for-stm32.9-2020-q2-update.win32_2.0.0.202105311346/tools/bin/../lib/gcc/arm-none-eabi/9.3.1/../../../../arm-none-eabi/lib/thumb/v7e-m+fp/hard\libc_nano.a(lib_a-malloc.o) (_free_r)
c:/st/stm32cubeide_1.8.0/stm32cubeide/plugins/com.st.stm32cube.ide.mcu.externaltools.gnu-tools-for-stm32.9-2020-q2-update.win32_2.0.0.202105311346/tools/bin/../lib/gcc/arm-none-eabi/9.3.1/../../../../arm-none-eabi/lib/thumb/v7e-m+fp/hard\libc_nano.a(lib_a-nano-mallocr.o)
                              c:/st/stm32cubeide_1.8.0/stm32cubeide/plugins/com.st.stm32cube.ide.mcu.externaltools.gnu-tools-for-stm32.9-2020-q2-update.win32_2.0.0.202105311346/tools/bin/../lib/gcc/arm-none-eabi/9.3.1/../../../../arm-none-eabi/lib/thumb/v7e-m+fp/hard\libc_nano.a(lib_a-malloc.o) (_malloc_r)
c:/st/stm32cubeide_1.8.0/stm32cubeide/plugins/com.st.stm32cube.ide.mcu.externaltools.gnu-tools-for-stm32.9-2020-q2-update.win32_2.0.0.202105311346/tools/bin/../lib/gcc/arm-none-eabi/9.3.1/../../../../arm-none-eabi/lib/thumb/v7e-m+fp/hard\libc_nano.a(lib_a-nano-vfprintf_float.o)
                              (_printf_float)
c:/st/stm32cubeide_1.8.0/stm32cubeide/plugins/com.st.stm32cube.ide.mcu.externaltools.gnu-tools-for-stm32.9-2020-q2-update.win32_2.0.0.202105311346/tools/bin/../lib/gcc/arm-none-eabi/9.3.1/../../../../arm-none-eabi/lib/thumb/v7e-m+fp/hard\libc_nano.a(lib_a-nano-vfprintf_i.o)
[...]
Memory Configuration

Name             Origin             Length             Attributes
RAM              0x0000000020000000 0x0000000000050000 xrw
RAM2             0x0000000010000000 0x0000000000010000 xrw
FLASH            0x0000000008000000 0x0000000000100000 xr
*default*        0x0000000000000000 0xffffffffffffffff

Linker script and memory map

LOAD c:/st/stm32cubeide_1.8.0/stm32cubeide/plugins/com.st.stm32cube.ide.mcu.externaltools.gnu-tools-for-stm32.9-2020-q2-update.win32_2.0.0.202105311346/tools/bin/../lib/gcc/arm-none-eabi/9.3.1/thumb/v7e-m+fp/hard/crti.o
LOAD c:/st/stm32cubeide_1.8.0/stm32cubeide/plugins/com.st.stm32cube.ide.mcu.externaltools.gnu-tools-for-stm32.9-2020-q2-update.win32_2.0.0.202105311346/tools/bin/../lib/gcc/arm-none-eabi/9.3.1/thumb/v7e-m+fp/hard/crtbegin.o
LOAD c:/st/stm32cubeide_1.8.0/stm32cubeide/plugins/com.st.stm32cube.ide.mcu.externaltools.gnu-tools-for-stm32.9-2020-q2-update.win32_2.0.0.202105311346/tools/bin/../lib/gcc/arm-none-eabi/9.3.1/../../../../arm-none-eabi/lib/thumb/v7e-m+fp/hard/crt0.o
LOAD ./Core/Src/GFX.o
LOAD ./Core/Src/SSD1306.o
LOAD ./Core/Src/adc.o
LOAD ./Core/Src/bmp280.o
LOAD ./Core/Src/bmp280_add.o
LOAD ./Core/Src/dma.o
LOAD ./Core/Src/gpio.o
LOAD ./Core/Src/i2c.o
LOAD ./Core/Src/main.o
LOAD ./Core/Src/stm32l4xx_hal_msp.o
LOAD ./Core/Src/stm32l4xx_it.o
LOAD ./Core/Src/syscalls.o
LOAD ./Core/Src/sysmem.o
LOAD ./Core/Src/system_stm32l4xx.o
LOAD ./Core/Startup/startup_stm32l4a6zgtx.o
LOAD ./Drivers/STM32L4xx_HAL_Driver/stm32l4xx_hal.o
LOAD ./Drivers/STM32L4xx_HAL_Driver/stm32l4xx_hal_adc.o
LOAD ./Drivers/STM32L4xx_HAL_Driver/stm32l4xx_hal_adc_ex.o
LOAD ./Drivers/STM32L4xx_HAL_Driver/stm32l4xx_hal_cortex.o
LOAD ./Drivers/STM32L4xx_HAL_Driver/stm32l4xx_hal_dma.o
LOAD ./Drivers/STM32L4xx_HAL_Driver/stm32l4xx_hal_dma_ex.o
LOAD ./Drivers/STM32L4xx_HAL_Driver/stm32l4xx_hal_exti.o
LOAD ./Drivers/STM32L4xx_HAL_Driver/stm32l4xx_hal_flash.o
LOAD ./Drivers/STM32L4xx_HAL_Driver/stm32l4xx_hal_flash_ex.o
LOAD ./Drivers/STM32L4xx_HAL_Driver/stm32l4xx_hal_flash_ramfunc.o
LOAD ./Drivers/STM32L4xx_HAL_Driver/stm32l4xx_hal_gpio.o
LOAD ./Drivers/STM32L4xx_HAL_Driver/stm32l4xx_hal_i2c.o
LOAD ./Drivers/STM32L4xx_HAL_Driver/stm32l4xx_hal_i2c_ex.o
LOAD ./Drivers/STM32L4xx_HAL_Driver/stm32l4xx_hal_pcd.o
LOAD ./Drivers/STM32L4xx_HAL_Driver/stm32l4xx_hal_pcd_ex.o
LOAD ./Drivers/STM32L4xx_HAL_Driver/stm32l4xx_hal_pwr.o
LOAD ./Drivers/STM32L4xx_HAL_Driver/stm32l4xx_hal_pwr_ex.o
LOAD ./Drivers/STM32L4xx_HAL_Driver/stm32l4xx_hal_rcc.o
LOAD ./Drivers/STM32L4xx_HAL_Driver/stm32l4xx_hal_rcc_ex.o
LOAD ./Drivers/STM32L4xx_HAL_Driver/stm32l4xx_hal_tim.o
LOAD ./Drivers/STM32L4xx_HAL_Driver/stm32l4xx_hal_tim_ex.o
LOAD ./Drivers/STM32L4xx_HAL_Driver/stm32l4xx_ll_usb.o
LOAD ./Middlewares/USB_Device_Library/usbd_cdc.o
LOAD ./Middlewares/USB_Device_Library/usbd_core.o
LOAD ./Middlewares/USB_Device_Library/usbd_ctlreq.o
LOAD ./Middlewares/USB_Device_Library/usbd_ioreq.o
LOAD ./USB_DEVICE/App/usb_device.o
LOAD ./USB_DEVICE/App/usbd_cdc_if.o
LOAD ./USB_DEVICE/App/usbd_desc.o
LOAD ./USB_DEVICE/Target/usbd_conf.o
START GROUP
LOAD c:/st/stm32cubeide_1.8.0/stm32cubeide/plugins/com.st.stm32cube.ide.mcu.externaltools.gnu-tools-for-stm32.9-2020-q2-update.win32_2.0.0.202105311346/tools/bin/../lib/gcc/arm-none-eabi/9.3.1/../../../../arm-none-eabi/lib/thumb/v7e-m+fp/hard\libc_nano.a
LOAD c:/st/stm32cubeide_1.8.0/stm32cubeide/plugins/com.st.stm32cube.ide.mcu.externaltools.gnu-tools-for-stm32.9-2020-q2-update.win32_2.0.0.202105311346/tools/bin/../lib/gcc/arm-none-eabi/9.3.1/../../../../arm-none-eabi/lib/thumb/v7e-m+fp/hard\libm.a
END GROUP
START GROUP
LOAD c:/st/stm32cubeide_1.8.0/stm32cubeide/plugins/com.st.stm32cube.ide.mcu.externaltools.gnu-tools-for-stm32.9-2020-q2-update.win32_2.0.0.202105311346/tools/bin/../lib/gcc/arm-none-eabi/9.3.1/thumb/v7e-m+fp/hard\libgcc.a
LOAD c:/st/stm32cubeide_1.8.0/stm32cubeide/plugins/com.st.stm32cube.ide.mcu.externaltools.gnu-tools-for-stm32.9-2020-q2-update.win32_2.0.0.202105311346/tools/bin/../lib/gcc/arm-none-eabi/9.3.1/../../../../arm-none-eabi/lib/thumb/v7e-m+fp/hard\libc_nano.a
END GROUP
START GROUP
LOAD c:/st/stm32cubeide_1.8.0/stm32cubeide/plugins/com.st.stm32cube.ide.mcu.externaltools.gnu-tools-for-stm32.9-2020-q2-update.win32_2.0.0.202105311346/tools/bin/../lib/gcc/arm-none-eabi/9.3.1/thumb/v7e-m+fp/hard\libgcc.a
LOAD c:/st/stm32cubeide_1.8.0/stm32cubeide/plugins/com.st.stm32cube.ide.mcu.externaltools.gnu-tools-for-stm32.9-2020-q2-update.win32_2.0.0.202105311346/tools/bin/../lib/gcc/arm-none-eabi/9.3.1/../../../../arm-none-eabi/lib/thumb/v7e-m+fp/hard\libc_nano.a
LOAD c:/st/stm32cubeide_1.8.0/stm32cubeide/plugins/com.st.stm32cube.ide.mcu.externaltools.gnu-tools-for-stm32.9-2020-q2-update.win32_2.0.0.202105311346/tools/bin/../lib/gcc/arm-none-eabi/9.3.1/../../../../arm-none-eabi/lib/thumb/v7e-m+fp/hard\libnosys.a
END GROUP
START GROUP
LOAD c:/st/stm32cubeide_1.8.0/stm32cubeide/plugins/com.st.stm32cube.ide.mcu.externaltools.gnu-tools-for-stm32.9-2020-q2-update.win32_2.0.0.202105311346/tools/bin/../lib/gcc/arm-none-eabi/9.3.1/thumb/v7e-m+fp/hard\libgcc.a
LOAD c:/st/stm32cubeide_1.8.0/stm32cubeide/plugins/com.st.stm32cube.ide.mcu.externaltools.gnu-tools-for-stm32.9-2020-q2-update.win32_2.0.0.202105311346/tools/bin/../lib/gcc/arm-none-eabi/9.3.1/../../../../arm-none-eabi/lib/thumb/v7e-m+fp/hard\libc_nano.a
LOAD c:/st/stm32cubeide_1.8.0/stm32cubeide/plugins/com.st.stm32cube.ide.mcu.externaltools.gnu-tools-for-stm32.9-2020-q2-update.win32_2.0.0.202105311346/tools/bin/../lib/gcc/arm-none-eabi/9.3.1/../../../../arm-none-eabi/lib/thumb/v7e-m+fp/hard\libnosys.a
END GROUP
LOAD c:/st/stm32cubeide_1.8.0/stm32cubeide/plugins/com.st.stm32cube.ide.mcu.externaltools.gnu-tools-for-stm32.9-2020-q2-update.win32_2.0.0.202105311346/tools/bin/../lib/gcc/arm-none-eabi/9.3.1/thumb/v7e-m+fp/hard/crtend.o
LOAD c:/st/stm32cubeide_1.8.0/stm32cubeide/plugins/com.st.stm32cube.ide.mcu.externaltools.gnu-tools-for-stm32.9-2020-q2-update.win32_2.0.0.202105311346/tools/bin/../lib/gcc/arm-none-eabi/9.3.1/thumb/v7e-m+fp/hard/crtn.o
                0x0000000020050000                _estack = (ORIGIN (RAM) + LENGTH (RAM))
                0x0000000000000200                _Min_Heap_Size = 0x200
                0x0000000000000400                _Min_Stack_Size = 0x400

.isr_vector     0x0000000008000000      0x1ac
                0x0000000008000000                . = ALIGN (0x4)
 *(.isr_vector)
 .isr_vector    0x0000000008000000      0x1ac ./Core/Startup/startup_stm32l4a6zgtx.o
                0x0000000008000000                g_pfnVectors
                0x00000000080001ac                . = ALIGN (0x4)

.text           0x00000000080001b0    0x116ec
                0x00000000080001b0                . = ALIGN (0x4)
 *(.text)
 .text          0x00000000080001b0       0x40 c:/st/stm32cubeide_1.8.0/stm32cubeide/plugins/com.st.stm32cube.ide.mcu.externaltools.gnu-tools-for-stm32.9-2020-q2-update.win32_2.0.0.202105311346/tools/bin/../lib/gcc/arm-none-eabi/9.3.1/thumb/v7e-m+fp/hard/crtbegin.o
 .text          0x00000000080001f0       0x10 c:/st/stm32cubeide_1.8.0/stm32cubeide/plugins/com.st.stm32cube.ide.mcu.externaltools.gnu-tools-for-stm32.9-2020-q2-update.win32_2.0.0.202105311346/tools/bin/../lib/gcc/arm-none-eabi/9.3.1/../../../../arm-none-eabi/lib/thumb/v7e-m+fp/hard\libc_nano.a(lib_a-strlen.o)
                0x00000000080001f0                strlen
 .text          0x0000000008000200       0xa0 c:/st/stm32cubeide_1.8.0/stm32cubeide/plugins/com.st.stm32cube.ide.mcu.externaltools.gnu-tools-for-stm32.9-2020-q2-update.win32_2.0.0.202105311346/tools/bin/../lib/gcc/arm-none-eabi/9.3.1/../../../../arm-none-eabi/lib/thumb/v7e-m+fp/hard\libc_nano.a(lib_a-memchr.o)
                0x0000000008000200                memchr
 .text          0x00000000080002a0      0x378 c:/st/stm32cubeide_1.8.0/stm32cubeide/plugins/com.st.stm32cube.ide.mcu.externaltools.gnu-tools-for-stm32.9-2020-q2-update.win32_2.0.0.202105311346/tools/bin/../lib/gcc/arm-none-eabi/9.3.1/thumb/v7e-m+fp/hard\libgcc.a(_arm_addsubdf3.o)
                0x00000000080002a0                __aeabi_drsub
                0x00000000080002a8                __aeabi_dsub
                0x00000000080002a8                __subdf3
                0x00000000080002ac                __aeabi_dadd
                0x00000000080002ac                __adddf3
                0x0000000008000524                __floatunsidf
                0x0000000008000524                __aeabi_ui2d
                0x0000000008000544                __floatsidf
                0x0000000008000544                __aeabi_i2d
                0x0000000008000568                __aeabi_f2d
                0x0000000008000568                __extendsfdf2
                0x00000000080005ac                __floatundidf
                0x00000000080005ac                __aeabi_ul2d
                0x00000000080005bc                __floatdidf
                0x00000000080005bc                __aeabi_l2d
 .text          0x0000000008000618      0x424 c:/st/stm32cubeide_1.8.0/stm32cubeide/plugins/com.st.stm32cube.ide.mcu.externaltools.gnu-tools-for-stm32.9-2020-q2-update.win32_2.0.0.202105311346/tools/bin/../lib/gcc/arm-none-eabi/9.3.1/thumb/v7e-m+fp/hard\libgcc.a(_arm_muldivdf3.o)
                0x0000000008000618                __aeabi_dmul
                0x0000000008000618                __muldf3
                0x000000000800086c                __divdf3
                0x000000000800086c                __aeabi_ddiv
 .text          0x0000000008000a3c      0x110 c:/st/stm32cubeide_1.8.0/stm32cubeide/plugins/com.st.stm32cube.ide.mcu.externaltools.gnu-tools-for-stm32.9-2020-q2-update.win32_2.0.0.202105311346/tools/bin/../lib/gcc/arm-none-eabi/9.3.1/thumb/v7e-m+fp/hard\libgcc.a(_arm_cmpdf2.o)
                0x0000000008000a3c                __gtdf2
                0x0000000008000a3c                __gedf2
                0x0000000008000a44                __ltdf2
                0x0000000008000a44                __ledf2
                0x0000000008000a4c                __nedf2
                0x0000000008000a4c                __eqdf2
                0x0000000008000a4c                __cmpdf2
                0x0000000008000ac8                __aeabi_cdrcmple
                0x0000000008000ad8                __aeabi_cdcmpeq
                0x0000000008000ad8                __aeabi_cdcmple
                0x0000000008000ae8                __aeabi_dcmpeq
                0x0000000008000afc                __aeabi_dcmplt
                0x0000000008000b10                __aeabi_dcmple
                0x0000000008000b24                __aeabi_dcmpge
                0x0000000008000b38                __aeabi_dcmpgt
 .text          0x0000000008000b4c       0x2c c:/st/stm32cubeide_1.8.0/stm32cubeide/plugins/com.st.stm32cube.ide.mcu.externaltools.gnu-tools-for-stm32.9-2020-q2-update.win32_2.0.0.202105311346/tools/bin/../lib/gcc/arm-none-eabi/9.3.1/thumb/v7e-m+fp/hard\libgcc.a(_arm_unorddf2.o)
                0x0000000008000b4c                __unorddf2
                0x0000000008000b4c                __aeabi_dcmpun
 .text          0x0000000008000b78       0x50 c:/st/stm32cubeide_1.8.0/stm32cubeide/plugins/com.st.stm32cube.ide.mcu.externaltools.gnu-tools-for-stm32.9-2020-q2-update.win32_2.0.0.202105311346/tools/bin/../lib/gcc/arm-none-eabi/9.3.1/thumb/v7e-m+fp/hard\libgcc.a(_arm_fixdfsi.o)
                0x0000000008000b78                __aeabi_d2iz
                0x0000000008000b78                __fixdfsi
 .text          0x0000000008000bc8       0x40 c:/st/stm32cubeide_1.8.0/stm32cubeide/plugins/com.st.stm32cube.ide.mcu.externaltools.gnu-tools-for-stm32.9-2020-q2-update.win32_2.0.0.202105311346/tools/bin/../lib/gcc/arm-none-eabi/9.3.1/thumb/v7e-m+fp/hard\libgcc.a(_arm_fixunsdfsi.o)
                0x0000000008000bc8                __aeabi_d2uiz
                0x0000000008000bc8                __fixunsdfsi
 .text          0x0000000008000c08       0xa0 c:/st/stm32cubeide_1.8.0/stm32cubeide/plugins/com.st.stm32cube.ide.mcu.externaltools.gnu-tools-for-stm32.9-2020-q2-update.win32_2.0.0.202105311346/tools/bin/../lib/gcc/arm-none-eabi/9.3.1/thumb/v7e-m+fp/hard\libgcc.a(_arm_truncdfsf2.o)
                0x0000000008000c08                __truncdfsf2
                0x0000000008000c08                __aeabi_d2f
 .text          0x0000000008000ca8       0x30 c:/st/stm32cubeide_1.8.0/stm32cubeide/plugins/com.st.stm32cube.ide.mcu.externaltools.gnu-tools-for-stm32.9-2020-q2-update.win32_2.0.0.202105311346/tools/bin/../lib/gcc/arm-none-eabi/9.3.1/thumb/v7e-m+fp/hard\libgcc.a(_fixdfdi.o)
                0x0000000008000ca8                __fixdfdi
                0x0000000008000ca8                __aeabi_d2lz
 .text          0x0000000008000cd8       0x3c c:/st/stm32cubeide_1.8.0/stm32cubeide/plugins/com.st.stm32cube.ide.mcu.externaltools.gnu-tools-for-stm32.9-2020-q2-update.win32_2.0.0.202105311346/tools/bin/../lib/gcc/arm-none-eabi/9.3.1/thumb/v7e-m+fp/hard\libgcc.a(_fixunsdfdi.o)
                0x0000000008000cd8                __fixunsdfdi
                0x0000000008000cd8                __aeabi_d2ulz
 *(.text*)
 .text.GFX_draw_char
                0x0000000008000d14      0x234 ./Core/Src/GFX.o
                0x0000000008000d14                GFX_draw_char
 .text.GFX_draw_string
                0x0000000008000f48       0x72 ./Core/Src/GFX.o
                0x0000000008000f48                GFX_draw_string
 .text.GFX_draw_fill_rect
                0x0000000008000fba       0x5e ./Core/Src/GFX.o
                0x0000000008000fba                GFX_draw_fill_rect
 .text.platform_write
                0x0000000008001018       0x38 ./Core/Src/SSD1306.o
 .text.platform_write_dma
                0x0000000008001050       0x34 ./Core/Src/SSD1306.o
 .text.SSD1306_send_com
                0x0000000008001084       0x1e ./Core/Src/SSD1306.o
 *fill*         0x00000000080010a2        0x2 
 .text.SSD1306_init
                0x00000000080010a4      0x118 ./Core/Src/SSD1306.o
                0x00000000080010a4                SSD1306_init
 .text.SSD1306_draw_pixel
                0x00000000080011bc      0x1b4 ./Core/Src/SSD1306.o
                0x00000000080011bc                SSD1306_draw_pixel
 .text.SSD1306_display_clear
                0x0000000008001370       0x1c ./Core/Src/SSD1306.o
                0x0000000008001370                SSD1306_display_clear
 .text.SSD1306_draw_fast_hline_internal
                0x000000000800138c      0x124 ./Core/Src/SSD1306.o
                0x000000000800138c                SSD1306_draw_fast_hline_internal
 .text.SSD1306_draw_fast_vline
                0x00000000080014b0       0xf0 ./Core/Src/SSD1306.o
                0x00000000080014b0                SSD1306_draw_fast_vline
 .text.SSD1306_draw_fast_vline_internal
                0x00000000080015a0      0x1f4 ./Core/Src/SSD1306.o
                0x00000000080015a0                SSD1306_draw_fast_vline_internal
 .text.SSD1306_display_repaint
                0x0000000008001794       0x4c ./Core/Src/SSD1306.o
                0x0000000008001794                SSD1306_display_repaint
 .text.SSD1306_set_rotation
                0x00000000080017e0       0x20 ./Core/Src/SSD1306.o
                0x00000000080017e0                SSD1306_set_rotation
 .text.SSD1306_get_rotation
                0x0000000008001800       0x18 ./Core/Src/SSD1306.o
                0x0000000008001800                SSD1306_get_rotation
 .text.MX_ADC1_Init
                0x0000000008001818       0xec ./Core/Src/adc.o
                0x0000000008001818                MX_ADC1_Init
 .text.HAL_ADC_MspInit
                0x0000000008001904       0x40 ./Core/Src/adc.o
                0x0000000008001904                HAL_ADC_MspInit
 .text.bmp280_get_regs
                0x0000000008001944       0x6e ./Core/Src/bmp280.o
                0x0000000008001944                bmp280_get_regs
 .text.bmp280_set_regs
                0x00000000080019b2       0xdc ./Core/Src/bmp280.o
                0x00000000080019b2                bmp280_set_regs
 .text.bmp280_soft_reset
                0x0000000008001a8e       0x4a ./Core/Src/bmp280.o
                0x0000000008001a8e                bmp280_soft_reset
 .text.bmp280_init
                0x0000000008001ad8       0xcc ./Core/Src/bmp280.o
                0x0000000008001ad8                bmp280_init
 .text.bmp280_get_config
                0x0000000008001ba4       0xa0 ./Core/Src/bmp280.o
                0x0000000008001ba4                bmp280_get_config
 .text.bmp280_set_config
                0x0000000008001c44       0x1e ./Core/Src/bmp280.o
                0x0000000008001c44                bmp280_set_config
 .text.bmp280_set_power_mode
                0x0000000008001c62       0x3e ./Core/Src/bmp280.o
                0x0000000008001c62                bmp280_set_power_mode
 .text.bmp280_get_uncomp_data
                0x0000000008001ca0       0x9c ./Core/Src/bmp280.o
                0x0000000008001ca0                bmp280_get_uncomp_data
 .text.bmp280_get_comp_temp_double
                0x0000000008001d3c      0x1b0 ./Core/Src/bmp280.o
                0x0000000008001d3c                bmp280_get_comp_temp_double
 *fill*         0x0000000008001eec        0x4 
 .text.bmp280_get_comp_pres_double
                0x0000000008001ef0      0x390 ./Core/Src/bmp280.o
                0x0000000008001ef0                bmp280_get_comp_pres_double
 .text.null_ptr_check
                0x0000000008002280       0x40 ./Core/Src/bmp280.o
 .text.interleave_data
                0x00000000080022c0       0x58 ./Core/Src/bmp280.o
 .text.get_calib_param
                0x0000000008002318      0x13c ./Core/Src/bmp280.o
 .text.conf_sensor
                0x0000000008002454      0x16a ./Core/Src/bmp280.o
 *fill*         0x00000000080025be        0x2 
 .text.st_check_boundaries
                0x00000000080025c0       0x70 ./Core/Src/bmp280.o
 .text.BMP280_init
                0x0000000008002630       0xc4 ./Core/Src/bmp280_add.o
                0x0000000008002630                BMP280_init
 .text.BMP280_read
                0x00000000080026f4      0x128 ./Core/Src/bmp280_add.o
                0x00000000080026f4                BMP280_read
 .text.delay_ms
                0x000000000800281c       0x16 ./Core/Src/bmp280_add.o
                0x000000000800281c                delay_ms
 *fill*         0x0000000008002832        0x2 
 .text.i2c_reg_write
                0x0000000008002834       0x40 ./Core/Src/bmp280_add.o
                0x0000000008002834                i2c_reg_write
 .text.i2c_reg_read
                0x0000000008002874       0x40 ./Core/Src/bmp280_add.o
                0x0000000008002874                i2c_reg_read
 .text.print_rslt
                0x00000000080028b4       0xa8 ./Core/Src/bmp280_add.o
                0x00000000080028b4                print_rslt
 .text.MX_DMA_Init
                0x000000000800295c       0x3c ./Core/Src/dma.o
                0x000000000800295c                MX_DMA_Init
 .text.MX_GPIO_Init
                0x0000000008002998      0x150 ./Core/Src/gpio.o
                0x0000000008002998                MX_GPIO_Init
 .text.MX_I2C1_Init
                0x0000000008002ae8       0x80 ./Core/Src/i2c.o
                0x0000000008002ae8                MX_I2C1_Init
 .text.MX_I2C2_Init
                0x0000000008002b68       0x80 ./Core/Src/i2c.o
                0x0000000008002b68                MX_I2C2_Init
 .text.HAL_I2C_MspInit
                0x0000000008002be8      0x1b0 ./Core/Src/i2c.o
                0x0000000008002be8                HAL_I2C_MspInit
 .text.main     0x0000000008002d98       0x5a ./Core/Src/main.o
                0x0000000008002d98                main
 *fill*         0x0000000008002df2        0x2 
 .text.SystemClock_Config
                0x0000000008002df4       0xc8 ./Core/Src/main.o
                0x0000000008002df4                SystemClock_Config
 .text.PeriphCommonClock_Config
                0x0000000008002ebc       0x5e ./Core/Src/main.o
                0x0000000008002ebc                PeriphCommonClock_Config
 .text.Error_Handler
                0x0000000008002f1a        0xa ./Core/Src/main.o
                0x0000000008002f1a                Error_Handler
 .text.HAL_MspInit
                0x0000000008002f24       0x48 ./Core/Src/stm32l4xx_hal_msp.o
                0x0000000008002f24                HAL_MspInit
 .text.NMI_Handler
                0x0000000008002f6c        0x6 ./Core/Src/stm32l4xx_it.o
                0x0000000008002f6c                NMI_Handler
 .text.HardFault_Handler
                0x0000000008002f72        0x6 ./Core/Src/stm32l4xx_it.o
                0x0000000008002f72                HardFault_Handler
 .text.MemManage_Handler
                0x0000000008002f78        0x6 ./Core/Src/stm32l4xx_it.o
                0x0000000008002f78                MemManage_Handler
 .text.BusFault_Handler
                0x0000000008002f7e        0x6 ./Core/Src/stm32l4xx_it.o
                0x0000000008002f7e                BusFault_Handler
 .text.UsageFault_Handler
                0x0000000008002f84        0x6 ./Core/Src/stm32l4xx_it.o
                0x0000000008002f84                UsageFault_Handler
 .text.SVC_Handler
                0x0000000008002f8a        0xe ./Core/Src/stm32l4xx_it.o
                0x0000000008002f8a                SVC_Handler
 .text.DebugMon_Handler
                0x0000000008002f98        0xe ./Core/Src/stm32l4xx_it.o
                0x0000000008002f98                DebugMon_Handler
 .text.PendSV_Handler
                0x0000000008002fa6        0xe ./Core/Src/stm32l4xx_it.o
                0x0000000008002fa6                PendSV_Handler
 .text.SysTick_Handler
                0x0000000008002fb4        0xc ./Core/Src/stm32l4xx_it.o
                0x0000000008002fb4                SysTick_Handler
 .text.DMA1_Channel6_IRQHandler
                0x0000000008002fc0       0x14 ./Core/Src/stm32l4xx_it.o
                0x0000000008002fc0                DMA1_Channel6_IRQHandler
 .text.I2C1_EV_IRQHandler
                0x0000000008002fd4       0x14 ./Core/Src/stm32l4xx_it.o
                0x0000000008002fd4                I2C1_EV_IRQHandler
 .text.OTG_FS_IRQHandler
                0x0000000008002fe8       0x14 ./Core/Src/stm32l4xx_it.o
                0x0000000008002fe8                OTG_FS_IRQHandler
 .text._getpid  0x0000000008002ffc       0x10 ./Core/Src/syscalls.o
                0x0000000008002ffc                _getpid
 .text._kill    0x000000000800300c       0x20 ./Core/Src/syscalls.o
                0x000000000800300c                _kill
 .text._exit    0x000000000800302c       0x14 ./Core/Src/syscalls.o
                0x000000000800302c                _exit
 .text._read    0x0000000008003040       0x3a ./Core/Src/syscalls.o
                0x0000000008003040                _read
 .text._write   0x000000000800307a       0x38 ./Core/Src/syscalls.o
                0x000000000800307a                _write
 .text._close   0x00000000080030b2       0x18 ./Core/Src/syscalls.o
                0x00000000080030b2                _close
 .text._fstat   0x00000000080030ca       0x20 ./Core/Src/syscalls.o
                0x00000000080030ca                _fstat
 .text._isatty  0x00000000080030ea       0x16 ./Core/Src/syscalls.o
                0x00000000080030ea                _isatty
 .text._lseek   0x0000000008003100       0x1a ./Core/Src/syscalls.o
                0x0000000008003100                _lseek
 *fill*         0x000000000800311a        0x2 
 .text._sbrk    0x000000000800311c       0x6c ./Core/Src/sysmem.o
                0x000000000800311c                _sbrk
 .text.SystemInit
                0x0000000008003188       0x64 ./Core/Src/system_stm32l4xx.o
                0x0000000008003188                SystemInit
 .text.Reset_Handler
                0x00000000080031ec       0x50 ./Core/Startup/startup_stm32l4a6zgtx.o
                0x00000000080031ec                Reset_Handler
 .text.Default_Handler
                0x000000000800323c        0x2 ./Core/Startup/startup_stm32l4a6zgtx.o
                0x000000000800323c                RTC_Alarm_IRQHandler
                0x000000000800323c                HASH_RNG_IRQHandler
                0x000000000800323c                EXTI2_IRQHandler
                0x000000000800323c                TIM8_TRG_COM_IRQHandler
                0x000000000800323c                TIM8_CC_IRQHandler
                0x000000000800323c                TIM1_CC_IRQHandler
                0x000000000800323c                TSC_IRQHandler
                0x000000000800323c                TAMP_STAMP_IRQHandler
                0x000000000800323c                CAN2_RX1_IRQHandler
                0x000000000800323c                EXTI3_IRQHandler
                0x000000000800323c                LPTIM2_IRQHandler
                0x000000000800323c                DFSDM1_FLT1_IRQHandler
                0x000000000800323c                I2C3_ER_IRQHandler
                0x000000000800323c                DFSDM1_FLT2_IRQHandler
                0x000000000800323c                EXTI0_IRQHandler
                0x000000000800323c                I2C2_EV_IRQHandler
                0x000000000800323c                CAN1_RX0_IRQHandler
                0x000000000800323c                FPU_IRQHandler
                0x000000000800323c                TIM1_UP_TIM16_IRQHandler
                0x000000000800323c                CAN2_SCE_IRQHandler
                0x000000000800323c                ADC1_2_IRQHandler
                0x000000000800323c                SPI1_IRQHandler
                0x000000000800323c                TIM6_DAC_IRQHandler
                0x000000000800323c                DCMI_IRQHandler
                0x000000000800323c                CAN2_RX0_IRQHandler
                0x000000000800323c                TIM8_UP_IRQHandler
                0x000000000800323c                DMA2_Channel2_IRQHandler
                0x000000000800323c                DMA1_Channel4_IRQHandler
                0x000000000800323c                SAI2_IRQHandler
                0x000000000800323c                DFSDM1_FLT3_IRQHandler
                0x000000000800323c                USART3_IRQHandler
                0x000000000800323c                DMA1_Channel7_IRQHandler
                0x000000000800323c                CAN1_RX1_IRQHandler
                0x000000000800323c                LCD_IRQHandler
                0x000000000800323c                UART5_IRQHandler
                0x000000000800323c                ADC3_IRQHandler
                0x000000000800323c                TIM4_IRQHandler
                0x000000000800323c                DMA2_Channel1_IRQHandler
                0x000000000800323c                QUADSPI_IRQHandler
                0x000000000800323c                UART4_IRQHandler
                0x000000000800323c                DMA2_Channel4_IRQHandler
                0x000000000800323c                TIM3_IRQHandler
                0x000000000800323c                RCC_IRQHandler
                0x000000000800323c                DMA1_Channel1_IRQHandler
                0x000000000800323c                Default_Handler
                0x000000000800323c                DMA2_Channel7_IRQHandler
                0x000000000800323c                EXTI15_10_IRQHandler
                0x000000000800323c                TIM7_IRQHandler
                0x000000000800323c                SDMMC1_IRQHandler
                0x000000000800323c                CAN2_TX_IRQHandler
                0x000000000800323c                TIM5_IRQHandler
                0x000000000800323c                I2C3_EV_IRQHandler
                0x000000000800323c                EXTI9_5_IRQHandler
                0x000000000800323c                RTC_WKUP_IRQHandler
                0x000000000800323c                PVD_PVM_IRQHandler
                0x000000000800323c                SPI2_IRQHandler
                0x000000000800323c                CAN1_TX_IRQHandler
                0x000000000800323c                DMA2_Channel5_IRQHandler
                0x000000000800323c                CRS_IRQHandler
                0x000000000800323c                DMA1_Channel5_IRQHandler
                0x000000000800323c                EXTI4_IRQHandler
                0x000000000800323c                TIM1_TRG_COM_TIM17_IRQHandler
                0x000000000800323c                DMA1_Channel3_IRQHandler
                0x000000000800323c                COMP_IRQHandler
                0x000000000800323c                WWDG_IRQHandler
                0x000000000800323c                I2C4_EV_IRQHandler
                0x000000000800323c                LPUART1_IRQHandler
                0x000000000800323c                DMA2_Channel6_IRQHandler
                0x000000000800323c                TIM2_IRQHandler
                0x000000000800323c                DMA2D_IRQHandler
                0x000000000800323c                EXTI1_IRQHandler
                0x000000000800323c                AES_IRQHandler
                0x000000000800323c                USART2_IRQHandler
                0x000000000800323c                DFSDM1_FLT0_IRQHandler
                0x000000000800323c                I2C2_ER_IRQHandler
                0x000000000800323c                DMA1_Channel2_IRQHandler
                0x000000000800323c                TIM8_BRK_IRQHandler
                0x000000000800323c                CAN1_SCE_IRQHandler
                0x000000000800323c                FLASH_IRQHandler
                0x000000000800323c                USART1_IRQHandler
                0x000000000800323c                SPI3_IRQHandler
                0x000000000800323c                I2C1_ER_IRQHandler
                0x000000000800323c                FMC_IRQHandler
                0x000000000800323c                SWPMI1_IRQHandler
                0x000000000800323c                LPTIM1_IRQHandler
                0x000000000800323c                I2C4_ER_IRQHandler
                0x000000000800323c                SAI1_IRQHandler
                0x000000000800323c                DMA2_Channel3_IRQHandler
                0x000000000800323c                TIM1_BRK_TIM15_IRQHandler
 .text.HAL_Init
                0x000000000800323e       0x30 ./Drivers/STM32L4xx_HAL_Driver/stm32l4xx_hal.o
                0x000000000800323e                HAL_Init
 *fill*         0x000000000800326e        0x2 
 .text.HAL_InitTick
                0x0000000008003270       0x78 ./Drivers/STM32L4xx_HAL_Driver/stm32l4xx_hal.o
                0x0000000008003270                HAL_InitTick
 .text.HAL_IncTick
                0x00000000080032e8       0x28 ./Drivers/STM32L4xx_HAL_Driver/stm32l4xx_hal.o
                0x00000000080032e8                HAL_IncTick
 .text.HAL_GetTick
                0x0000000008003310       0x18 ./Drivers/STM32L4xx_HAL_Driver/stm32l4xx_hal.o
                0x0000000008003310                HAL_GetTick
 .text.HAL_Delay
                0x0000000008003328       0x48 ./Drivers/STM32L4xx_HAL_Driver/stm32l4xx_hal.o
                0x0000000008003328                HAL_Delay
 .text.LL_ADC_SetCommonClock
                0x0000000008003370       0x26 ./Drivers/STM32L4xx_HAL_Driver/stm32l4xx_hal_adc.o
 .text.LL_ADC_SetCommonPathInternalCh
                0x0000000008003396       0x26 ./Drivers/STM32L4xx_HAL_Driver/stm32l4xx_hal_adc.o
 .text.LL_ADC_GetCommonPathInternalCh
                0x00000000080033bc       0x1c ./Drivers/STM32L4xx_HAL_Driver/stm32l4xx_hal_adc.o
 .text.LL_ADC_SetOffset
                0x00000000080033d8       0x48 ./Drivers/STM32L4xx_HAL_Driver/stm32l4xx_hal_adc.o
 .text.LL_ADC_GetOffsetChannel
                0x0000000008003420       0x2c ./Drivers/STM32L4xx_HAL_Driver/stm32l4xx_hal_adc.o
 .text.LL_ADC_SetOffsetState
                0x000000000800344c       0x36 ./Drivers/STM32L4xx_HAL_Driver/stm32l4xx_hal_adc.o
 .text.LL_ADC_SetSamplingTimeCommonConfig
                0x0000000008003482       0x26 ./Drivers/STM32L4xx_HAL_Driver/stm32l4xx_hal_adc.o
 .text.LL_ADC_REG_SetSequencerRanks
                0x00000000080034a8       0x58 ./Drivers/STM32L4xx_HAL_Driver/stm32l4xx_hal_adc.o
 .text.LL_ADC_SetChannelSamplingTime
                0x0000000008003500       0x56 ./Drivers/STM32L4xx_HAL_Driver/stm32l4xx_hal_adc.o
 *fill*         0x0000000008003556        0x2 
 .text.LL_ADC_SetChannelSingleDiff
                0x0000000008003558       0x48 ./Drivers/STM32L4xx_HAL_Driver/stm32l4xx_hal_adc.o
 .text.LL_ADC_DisableDeepPowerDown
                0x00000000080035a0       0x24 ./Drivers/STM32L4xx_HAL_Driver/stm32l4xx_hal_adc.o
 .text.LL_ADC_IsDeepPowerDownEnabled
                0x00000000080035c4       0x28 ./Drivers/STM32L4xx_HAL_Driver/stm32l4xx_hal_adc.o
 .text.LL_ADC_EnableInternalRegulator
                0x00000000080035ec       0x28 ./Drivers/STM32L4xx_HAL_Driver/stm32l4xx_hal_adc.o
 .text.LL_ADC_IsInternalRegulatorEnabled
                0x0000000008003614       0x28 ./Drivers/STM32L4xx_HAL_Driver/stm32l4xx_hal_adc.o
 .text.LL_ADC_IsEnabled
                0x000000000800363c       0x26 ./Drivers/STM32L4xx_HAL_Driver/stm32l4xx_hal_adc.o
 .text.LL_ADC_REG_IsConversionOngoing
                0x0000000008003662       0x26 ./Drivers/STM32L4xx_HAL_Driver/stm32l4xx_hal_adc.o
 .text.LL_ADC_INJ_IsConversionOngoing
                0x0000000008003688       0x26 ./Drivers/STM32L4xx_HAL_Driver/stm32l4xx_hal_adc.o
 *fill*         0x00000000080036ae        0x2 
 .text.HAL_ADC_Init
                0x00000000080036b0      0x2b4 ./Drivers/STM32L4xx_HAL_Driver/stm32l4xx_hal_adc.o
                0x00000000080036b0                HAL_ADC_Init
 .text.HAL_ADC_ConfigChannel
                0x0000000008003964      0x818 ./Drivers/STM32L4xx_HAL_Driver/stm32l4xx_hal_adc.o
                0x0000000008003964                HAL_ADC_ConfigChannel
 .text.LL_ADC_IsEnabled
                0x000000000800417c       0x26 ./Drivers/STM32L4xx_HAL_Driver/stm32l4xx_hal_adc_ex.o
 .text.LL_ADC_REG_IsConversionOngoing
                0x00000000080041a2       0x26 ./Drivers/STM32L4xx_HAL_Driver/stm32l4xx_hal_adc_ex.o
 .text.HAL_ADCEx_MultiModeConfigChannel
                0x00000000080041c8      0x160 ./Drivers/STM32L4xx_HAL_Driver/stm32l4xx_hal_adc_ex.o
                0x00000000080041c8                HAL_ADCEx_MultiModeConfigChannel
 .text.__NVIC_SetPriorityGrouping
                0x0000000008004328       0x48 ./Drivers/STM32L4xx_HAL_Driver/stm32l4xx_hal_cortex.o
 .text.__NVIC_GetPriorityGrouping
                0x0000000008004370       0x1c ./Drivers/STM32L4xx_HAL_Driver/stm32l4xx_hal_cortex.o
 .text.__NVIC_EnableIRQ
                0x000000000800438c       0x3c ./Drivers/STM32L4xx_HAL_Driver/stm32l4xx_hal_cortex.o
 .text.__NVIC_SetPriority
                0x00000000080043c8       0x54 ./Drivers/STM32L4xx_HAL_Driver/stm32l4xx_hal_cortex.o
 .text.NVIC_EncodePriority
                0x000000000800441c       0x66 ./Drivers/STM32L4xx_HAL_Driver/stm32l4xx_hal_cortex.o
 *fill*         0x0000000008004482        0x2 
 .text.SysTick_Config
                0x0000000008004484       0x44 ./Drivers/STM32L4xx_HAL_Driver/stm32l4xx_hal_cortex.o
 .text.HAL_NVIC_SetPriorityGrouping
                0x00000000080044c8       0x16 ./Drivers/STM32L4xx_HAL_Driver/stm32l4xx_hal_cortex.o
                0x00000000080044c8                HAL_NVIC_SetPriorityGrouping
 .text.HAL_NVIC_SetPriority
                0x00000000080044de       0x38 ./Drivers/STM32L4xx_HAL_Driver/stm32l4xx_hal_cortex.o
                0x00000000080044de                HAL_NVIC_SetPriority
 .text.HAL_NVIC_EnableIRQ
                0x0000000008004516       0x1c ./Drivers/STM32L4xx_HAL_Driver/stm32l4xx_hal_cortex.o
                0x0000000008004516                HAL_NVIC_EnableIRQ
 .text.HAL_SYSTICK_Config
                0x0000000008004532       0x18 ./Drivers/STM32L4xx_HAL_Driver/stm32l4xx_hal_cortex.o
                0x0000000008004532                HAL_SYSTICK_Config
 *fill*         0x000000000800454a        0x2 
 .text.HAL_DMA_Init
                0x000000000800454c      0x170 ./Drivers/STM32L4xx_HAL_Driver/stm32l4xx_hal_dma.o
                0x000000000800454c                HAL_DMA_Init
 .text.HAL_DMA_Start_IT
                0x00000000080046bc       0xc0 ./Drivers/STM32L4xx_HAL_Driver/stm32l4xx_hal_dma.o
                0x00000000080046bc                HAL_DMA_Start_IT
 .text.HAL_DMA_Abort_IT
                0x000000000800477c       0x82 ./Drivers/STM32L4xx_HAL_Driver/stm32l4xx_hal_dma.o
                0x000000000800477c                HAL_DMA_Abort_IT
 .text.HAL_DMA_IRQHandler
                0x00000000080047fe      0x15e ./Drivers/STM32L4xx_HAL_Driver/stm32l4xx_hal_dma.o
                0x00000000080047fe                HAL_DMA_IRQHandler
 .text.HAL_DMA_GetState
                0x000000000800495c       0x1c ./Drivers/STM32L4xx_HAL_Driver/stm32l4xx_hal_dma.o
                0x000000000800495c                HAL_DMA_GetState
 .text.DMA_SetConfig
                0x0000000008004978       0x60 ./Drivers/STM32L4xx_HAL_Driver/stm32l4xx_hal_dma.o
 .text.HAL_GPIO_Init
                0x00000000080049d8      0x324 ./Drivers/STM32L4xx_HAL_Driver/stm32l4xx_hal_gpio.o
                0x00000000080049d8                HAL_GPIO_Init
 .text.HAL_GPIO_WritePin
                0x0000000008004cfc       0x30 ./Drivers/STM32L4xx_HAL_Driver/stm32l4xx_hal_gpio.o
                0x0000000008004cfc                HAL_GPIO_WritePin
 .text.HAL_I2C_Init
                0x0000000008004d2c      0x11e ./Drivers/STM32L4xx_HAL_Driver/stm32l4xx_hal_i2c.o
                0x0000000008004d2c                HAL_I2C_Init
 *fill*         0x0000000008004e4a        0x2 
 .text.HAL_I2C_Mem_Write
                0x0000000008004e4c      0x228 ./Drivers/STM32L4xx_HAL_Driver/stm32l4xx_hal_i2c.o
                0x0000000008004e4c                HAL_I2C_Mem_Write
 .text.HAL_I2C_Mem_Read
                0x0000000008005074      0x234 ./Drivers/STM32L4xx_HAL_Driver/stm32l4xx_hal_i2c.o
                0x0000000008005074                HAL_I2C_Mem_Read
 .text.HAL_I2C_Mem_Write_DMA
                0x00000000080052a8      0x1ec ./Drivers/STM32L4xx_HAL_Driver/stm32l4xx_hal_i2c.o
                0x00000000080052a8                HAL_I2C_Mem_Write_DMA
 .text.HAL_I2C_EV_IRQHandler
                0x0000000008005494       0x34 ./Drivers/STM32L4xx_HAL_Driver/stm32l4xx_hal_i2c.o
                0x0000000008005494                HAL_I2C_EV_IRQHandler
 .text.HAL_I2C_MasterTxCpltCallback
                0x00000000080054c8       0x14 ./Drivers/STM32L4xx_HAL_Driver/stm32l4xx_hal_i2c.o
                0x00000000080054c8                HAL_I2C_MasterTxCpltCallback
 .text.HAL_I2C_MasterRxCpltCallback
                0x00000000080054dc       0x14 ./Drivers/STM32L4xx_HAL_Driver/stm32l4xx_hal_i2c.o
                0x00000000080054dc                HAL_I2C_MasterRxCpltCallback
 .text.HAL_I2C_SlaveTxCpltCallback
                0x00000000080054f0       0x14 ./Drivers/STM32L4xx_HAL_Driver/stm32l4xx_hal_i2c.o
                0x00000000080054f0                HAL_I2C_SlaveTxCpltCallback
 .text.HAL_I2C_SlaveRxCpltCallback
                0x0000000008005504       0x14 ./Drivers/STM32L4xx_HAL_Driver/stm32l4xx_hal_i2c.o
                0x0000000008005504                HAL_I2C_SlaveRxCpltCallback
 .text.HAL_I2C_AddrCallback
                0x0000000008005518       0x1c ./Drivers/STM32L4xx_HAL_Driver/stm32l4xx_hal_i2c.o
                0x0000000008005518                HAL_I2C_AddrCallback
 .text.HAL_I2C_ListenCpltCallback
                0x0000000008005534       0x14 ./Drivers/STM32L4xx_HAL_Driver/stm32l4xx_hal_i2c.o
                0x0000000008005534                HAL_I2C_ListenCpltCallback
 .text.HAL_I2C_MemTxCpltCallback
                0x0000000008005548       0x14 ./Drivers/STM32L4xx_HAL_Driver/stm32l4xx_hal_i2c.o
                0x0000000008005548                HAL_I2C_MemTxCpltCallback
 .text.HAL_I2C_MemRxCpltCallback
                0x000000000800555c       0x14 ./Drivers/STM32L4xx_HAL_Driver/stm32l4xx_hal_i2c.o
                0x000000000800555c                HAL_I2C_MemRxCpltCallback
 .text.HAL_I2C_ErrorCallback
                0x0000000008005570       0x14 ./Drivers/STM32L4xx_HAL_Driver/stm32l4xx_hal_i2c.o
                0x0000000008005570                HAL_I2C_ErrorCallback
 .text.HAL_I2C_AbortCpltCallback
                0x0000000008005584       0x14 ./Drivers/STM32L4xx_HAL_Driver/stm32l4xx_hal_i2c.o
                0x0000000008005584                HAL_I2C_AbortCpltCallback
 .text.I2C_Slave_ISR_IT
                0x0000000008005598      0x206 ./Drivers/STM32L4xx_HAL_Driver/stm32l4xx_hal_i2c.o
 .text.I2C_Master_ISR_DMA
                0x000000000800579e      0x1e6 ./Drivers/STM32L4xx_HAL_Driver/stm32l4xx_hal_i2c.o
 .text.I2C_Slave_ISR_DMA
                0x0000000008005984      0x1c0 ./Drivers/STM32L4xx_HAL_Driver/stm32l4xx_hal_i2c.o
 .text.I2C_RequestMemoryWrite
                0x0000000008005b44       0xa8 ./Drivers/STM32L4xx_HAL_Driver/stm32l4xx_hal_i2c.o
 .text.I2C_RequestMemoryRead
                0x0000000008005bec       0xa8 ./Drivers/STM32L4xx_HAL_Driver/stm32l4xx_hal_i2c.o
 .text.I2C_ITAddrCplt
                0x0000000008005c94      0x108 ./Drivers/STM32L4xx_HAL_Driver/stm32l4xx_hal_i2c.o
 .text.I2C_ITMasterSeqCplt
                0x0000000008005d9c       0x7a ./Drivers/STM32L4xx_HAL_Driver/stm32l4xx_hal_i2c.o
 .text.I2C_ITSlaveSeqCplt
                0x0000000008005e16       0xbc ./Drivers/STM32L4xx_HAL_Driver/stm32l4xx_hal_i2c.o
 *fill*         0x0000000008005ed2        0x2 
 .text.I2C_ITMasterCplt
                0x0000000008005ed4      0x194 ./Drivers/STM32L4xx_HAL_Driver/stm32l4xx_hal_i2c.o
 .text.I2C_ITSlaveCplt
                0x0000000008006068      0x214 ./Drivers/STM32L4xx_HAL_Driver/stm32l4xx_hal_i2c.o
 .text.I2C_ITListenCplt
                0x000000000800627c       0xac ./Drivers/STM32L4xx_HAL_Driver/stm32l4xx_hal_i2c.o
 .text.I2C_ITError
                0x0000000008006328      0x1a0 ./Drivers/STM32L4xx_HAL_Driver/stm32l4xx_hal_i2c.o
 .text.I2C_TreatErrorCallback
                0x00000000080064c8       0x4e ./Drivers/STM32L4xx_HAL_Driver/stm32l4xx_hal_i2c.o
 .text.I2C_Flush_TXDR
                0x0000000008006516       0x48 ./Drivers/STM32L4xx_HAL_Driver/stm32l4xx_hal_i2c.o
 .text.I2C_DMAMasterTransmitCplt
                0x000000000800655e       0x96 ./Drivers/STM32L4xx_HAL_Driver/stm32l4xx_hal_i2c.o
 .text.I2C_DMAError
                0x00000000080065f4       0x2e ./Drivers/STM32L4xx_HAL_Driver/stm32l4xx_hal_i2c.o
 .text.I2C_DMAAbort
                0x0000000008006622       0x3c ./Drivers/STM32L4xx_HAL_Driver/stm32l4xx_hal_i2c.o
 .text.I2C_WaitOnFlagUntilTimeout
                0x000000000800665e       0x80 ./Drivers/STM32L4xx_HAL_Driver/stm32l4xx_hal_i2c.o
 .text.I2C_WaitOnTXISFlagUntilTimeout
                0x00000000080066de       0x80 ./Drivers/STM32L4xx_HAL_Driver/stm32l4xx_hal_i2c.o
 .text.I2C_WaitOnSTOPFlagUntilTimeout
                0x000000000800675e       0x78 ./Drivers/STM32L4xx_HAL_Driver/stm32l4xx_hal_i2c.o
 *fill*         0x00000000080067d6        0x2 
 .text.I2C_IsErrorOccurred
                0x00000000080067d8      0x1d8 ./Drivers/STM32L4xx_HAL_Driver/stm32l4xx_hal_i2c.o
 .text.I2C_TransferConfig
                0x00000000080069b0       0x64 ./Drivers/STM32L4xx_HAL_Driver/stm32l4xx_hal_i2c.o
 .text.I2C_Enable_IRQ
                0x0000000008006a14       0xc8 ./Drivers/STM32L4xx_HAL_Driver/stm32l4xx_hal_i2c.o
 .text.I2C_Disable_IRQ
                0x0000000008006adc       0xbc ./Drivers/STM32L4xx_HAL_Driver/stm32l4xx_hal_i2c.o
 .text.HAL_I2CEx_ConfigAnalogFilter
                0x0000000008006b98       0x96 ./Drivers/STM32L4xx_HAL_Driver/stm32l4xx_hal_i2c_ex.o
                0x0000000008006b98                HAL_I2CEx_ConfigAnalogFilter
 .text.HAL_I2CEx_ConfigDigitalFilter
                0x0000000008006c2e       0x98 ./Drivers/STM32L4xx_HAL_Driver/stm32l4xx_hal_i2c_ex.o
                0x0000000008006c2e                HAL_I2CEx_ConfigDigitalFilter
 .text.HAL_PCD_Init
                0x0000000008006cc6      0x248 ./Drivers/STM32L4xx_HAL_Driver/stm32l4xx_hal_pcd.o
                0x0000000008006cc6                HAL_PCD_Init
 .text.HAL_PCD_Start
                0x0000000008006f0e       0x5e ./Drivers/STM32L4xx_HAL_Driver/stm32l4xx_hal_pcd.o
                0x0000000008006f0e                HAL_PCD_Start
 .text.HAL_PCD_IRQHandler
                0x0000000008006f6c      0x732 ./Drivers/STM32L4xx_HAL_Driver/stm32l4xx_hal_pcd.o
                0x0000000008006f6c                HAL_PCD_IRQHandler
 .text.HAL_PCD_SetAddress
                0x000000000800769e       0x4a ./Drivers/STM32L4xx_HAL_Driver/stm32l4xx_hal_pcd.o
                0x000000000800769e                HAL_PCD_SetAddress
 .text.HAL_PCD_EP_Open
                0x00000000080076e8       0xd0 ./Drivers/STM32L4xx_HAL_Driver/stm32l4xx_hal_pcd.o
                0x00000000080076e8                HAL_PCD_EP_Open
 .text.HAL_PCD_EP_Close
                0x00000000080077b8       0x94 ./Drivers/STM32L4xx_HAL_Driver/stm32l4xx_hal_pcd.o
                0x00000000080077b8                HAL_PCD_EP_Close
 .text.HAL_PCD_EP_Receive
                0x000000000800784c       0x7c ./Drivers/STM32L4xx_HAL_Driver/stm32l4xx_hal_pcd.o
                0x000000000800784c                HAL_PCD_EP_Receive
 .text.HAL_PCD_EP_GetRxCount
                0x00000000080078c8       0x30 ./Drivers/STM32L4xx_HAL_Driver/stm32l4xx_hal_pcd.o
                0x00000000080078c8                HAL_PCD_EP_GetRxCount
 .text.HAL_PCD_EP_Transmit
                0x00000000080078f8       0x7a ./Drivers/STM32L4xx_HAL_Driver/stm32l4xx_hal_pcd.o
                0x00000000080078f8                HAL_PCD_EP_Transmit
 .text.HAL_PCD_EP_SetStall
                0x0000000008007972       0xc4 ./Drivers/STM32L4xx_HAL_Driver/stm32l4xx_hal_pcd.o
                0x0000000008007972                HAL_PCD_EP_SetStall
 .text.HAL_PCD_EP_ClrStall
                0x0000000008007a36       0xac ./Drivers/STM32L4xx_HAL_Driver/stm32l4xx_hal_pcd.o
                0x0000000008007a36                HAL_PCD_EP_ClrStall
 .text.PCD_WriteEmptyTxFifo
                0x0000000008007ae2      0x110 ./Drivers/STM32L4xx_HAL_Driver/stm32l4xx_hal_pcd.o
 *fill*         0x0000000008007bf2        0x2 
 .text.PCD_EP_OutXfrComplete_int
                0x0000000008007bf4       0x9c ./Drivers/STM32L4xx_HAL_Driver/stm32l4xx_hal_pcd.o
 .text.PCD_EP_OutSetupPacket_int
                0x0000000008007c90       0x68 ./Drivers/STM32L4xx_HAL_Driver/stm32l4xx_hal_pcd.o
 .text.HAL_PCDEx_SetTxFiFo
                0x0000000008007cf8       0x8e ./Drivers/STM32L4xx_HAL_Driver/stm32l4xx_hal_pcd_ex.o
                0x0000000008007cf8                HAL_PCDEx_SetTxFiFo
 .text.HAL_PCDEx_SetRxFiFo
                0x0000000008007d86       0x22 ./Drivers/STM32L4xx_HAL_Driver/stm32l4xx_hal_pcd_ex.o
                0x0000000008007d86                HAL_PCDEx_SetRxFiFo
 .text.HAL_PCDEx_ActivateLPM
                0x0000000008007da8       0x48 ./Drivers/STM32L4xx_HAL_Driver/stm32l4xx_hal_pcd_ex.o
                0x0000000008007da8                HAL_PCDEx_ActivateLPM
 .text.HAL_PWR_EnableBkUpAccess
                0x0000000008007df0       0x20 ./Drivers/STM32L4xx_HAL_Driver/stm32l4xx_hal_pwr.o
                0x0000000008007df0                HAL_PWR_EnableBkUpAccess
 .text.HAL_PWREx_GetVoltageRange
                0x0000000008007e10       0x1c ./Drivers/STM32L4xx_HAL_Driver/stm32l4xx_hal_pwr_ex.o
                0x0000000008007e10                HAL_PWREx_GetVoltageRange
 .text.HAL_PWREx_ControlVoltageScaling
                0x0000000008007e2c       0xac ./Drivers/STM32L4xx_HAL_Driver/stm32l4xx_hal_pwr_ex.o
                0x0000000008007e2c                HAL_PWREx_ControlVoltageScaling
 .text.HAL_PWREx_EnableVddUSB
                0x0000000008007ed8       0x20 ./Drivers/STM32L4xx_HAL_Driver/stm32l4xx_hal_pwr_ex.o
                0x0000000008007ed8                HAL_PWREx_EnableVddUSB
 .text.HAL_PWREx_EnableVddIO2
                0x0000000008007ef8       0x20 ./Drivers/STM32L4xx_HAL_Driver/stm32l4xx_hal_pwr_ex.o
                0x0000000008007ef8                HAL_PWREx_EnableVddIO2
 .text.HAL_RCC_OscConfig
                0x0000000008007f18      0x84c ./Drivers/STM32L4xx_HAL_Driver/stm32l4xx_hal_rcc.o
                0x0000000008007f18                HAL_RCC_OscConfig
 .text.HAL_RCC_ClockConfig
                0x0000000008008764      0x1c4 ./Drivers/STM32L4xx_HAL_Driver/stm32l4xx_hal_rcc.o
                0x0000000008008764                HAL_RCC_ClockConfig
 .text.HAL_RCC_GetSysClockFreq
                0x0000000008008928      0x118 ./Drivers/STM32L4xx_HAL_Driver/stm32l4xx_hal_rcc.o
                0x0000000008008928                HAL_RCC_GetSysClockFreq
 .text.HAL_RCC_GetHCLKFreq
                0x0000000008008a40       0x18 ./Drivers/STM32L4xx_HAL_Driver/stm32l4xx_hal_rcc.o
                0x0000000008008a40                HAL_RCC_GetHCLKFreq
 .text.RCC_SetFlashLatencyFromMSIRange
                0x0000000008008a58       0xc0 ./Drivers/STM32L4xx_HAL_Driver/stm32l4xx_hal_rcc.o
 .text.HAL_RCCEx_PeriphCLKConfig
                0x0000000008008b18      0x5f8 ./Drivers/STM32L4xx_HAL_Driver/stm32l4xx_hal_rcc_ex.o
                0x0000000008008b18                HAL_RCCEx_PeriphCLKConfig
 .text.HAL_RCCEx_EnableMSIPLLMode
                0x0000000008009110       0x20 ./Drivers/STM32L4xx_HAL_Driver/stm32l4xx_hal_rcc_ex.o
                0x0000000008009110                HAL_RCCEx_EnableMSIPLLMode
 .text.RCCEx_PLLSAI1_Config
                0x0000000008009130      0x1e4 ./Drivers/STM32L4xx_HAL_Driver/stm32l4xx_hal_rcc_ex.o
 .text.RCCEx_PLLSAI2_Config
                0x0000000008009314      0x1b8 ./Drivers/STM32L4xx_HAL_Driver/stm32l4xx_hal_rcc_ex.o
 .text.USB_CoreInit
                0x00000000080094cc       0x58 ./Drivers/STM32L4xx_HAL_Driver/stm32l4xx_ll_usb.o
                0x00000000080094cc                USB_CoreInit
 .text.USB_SetTurnaroundTime
                0x0000000008009524      0x138 ./Drivers/STM32L4xx_HAL_Driver/stm32l4xx_ll_usb.o
                0x0000000008009524                USB_SetTurnaroundTime
 .text.USB_EnableGlobalInt
                0x000000000800965c       0x22 ./Drivers/STM32L4xx_HAL_Driver/stm32l4xx_ll_usb.o
                0x000000000800965c                USB_EnableGlobalInt
 .text.USB_DisableGlobalInt
                0x000000000800967e       0x22 ./Drivers/STM32L4xx_HAL_Driver/stm32l4xx_ll_usb.o
                0x000000000800967e                USB_DisableGlobalInt
 .text.USB_SetCurrentMode
                0x00000000080096a0       0x98 ./Drivers/STM32L4xx_HAL_Driver/stm32l4xx_ll_usb.o
                0x00000000080096a0                USB_SetCurrentMode
 .text.USB_DevInit
                0x0000000008009738      0x298 ./Drivers/STM32L4xx_HAL_Driver/stm32l4xx_ll_usb.o
                0x0000000008009738                USB_DevInit
 .text.USB_FlushTxFifo
                0x00000000080099d0       0x64 ./Drivers/STM32L4xx_HAL_Driver/stm32l4xx_ll_usb.o
                0x00000000080099d0                USB_FlushTxFifo
 .text.USB_FlushRxFifo
                0x0000000008009a34       0x5c ./Drivers/STM32L4xx_HAL_Driver/stm32l4xx_ll_usb.o
                0x0000000008009a34                USB_FlushRxFifo
 .text.USB_SetDevSpeed
                0x0000000008009a90       0x32 ./Drivers/STM32L4xx_HAL_Driver/stm32l4xx_ll_usb.o
                0x0000000008009a90                USB_SetDevSpeed
 .text.USB_GetDevSpeed
                0x0000000008009ac2       0x3e ./Drivers/STM32L4xx_HAL_Driver/stm32l4xx_ll_usb.o
                0x0000000008009ac2                USB_GetDevSpeed
 .text.USB_ActivateEndpoint
                0x0000000008009b00      0x10e ./Drivers/STM32L4xx_HAL_Driver/stm32l4xx_ll_usb.o
                0x0000000008009b00                USB_ActivateEndpoint
 *fill*         0x0000000008009c0e        0x2 
 .text.USB_DeactivateEndpoint
                0x0000000008009c10      0x1b8 ./Drivers/STM32L4xx_HAL_Driver/stm32l4xx_ll_usb.o
                0x0000000008009c10                USB_DeactivateEndpoint
 .text.USB_EPStartXfer
                0x0000000008009dc8      0x3b8 ./Drivers/STM32L4xx_HAL_Driver/stm32l4xx_ll_usb.o
                0x0000000008009dc8                USB_EPStartXfer
 .text.USB_EP0StartXfer
                0x000000000800a180      0x23c ./Drivers/STM32L4xx_HAL_Driver/stm32l4xx_ll_usb.o
                0x000000000800a180                USB_EP0StartXfer
 .text.USB_WritePacket
                0x000000000800a3bc       0x74 ./Drivers/STM32L4xx_HAL_Driver/stm32l4xx_ll_usb.o
                0x000000000800a3bc                USB_WritePacket
 .text.USB_ReadPacket
                0x000000000800a430       0xb0 ./Drivers/STM32L4xx_HAL_Driver/stm32l4xx_ll_usb.o
                0x000000000800a430                USB_ReadPacket
 .text.USB_EPSetStall
                0x000000000800a4e0       0xdc ./Drivers/STM32L4xx_HAL_Driver/stm32l4xx_ll_usb.o
                0x000000000800a4e0                USB_EPSetStall
 .text.USB_EPClearStall
                0x000000000800a5bc       0xcc ./Drivers/STM32L4xx_HAL_Driver/stm32l4xx_ll_usb.o
                0x000000000800a5bc                USB_EPClearStall
 .text.USB_SetDevAddress
                0x000000000800a688       0x4c ./Drivers/STM32L4xx_HAL_Driver/stm32l4xx_ll_usb.o
                0x000000000800a688                USB_SetDevAddress
 .text.USB_DevConnect
                0x000000000800a6d4       0x42 ./Drivers/STM32L4xx_HAL_Driver/stm32l4xx_ll_usb.o
                0x000000000800a6d4                USB_DevConnect
 .text.USB_DevDisconnect
                0x000000000800a716       0x42 ./Drivers/STM32L4xx_HAL_Driver/stm32l4xx_ll_usb.o
                0x000000000800a716                USB_DevDisconnect
 .text.USB_ReadInterrupts
                0x000000000800a758       0x26 ./Drivers/STM32L4xx_HAL_Driver/stm32l4xx_ll_usb.o
                0x000000000800a758                USB_ReadInterrupts
 .text.USB_ReadDevAllOutEpInterrupt
                0x000000000800a77e       0x34 ./Drivers/STM32L4xx_HAL_Driver/stm32l4xx_ll_usb.o
                0x000000000800a77e                USB_ReadDevAllOutEpInterrupt
 .text.USB_ReadDevAllInEpInterrupt
                0x000000000800a7b2       0x34 ./Drivers/STM32L4xx_HAL_Driver/stm32l4xx_ll_usb.o
                0x000000000800a7b2                USB_ReadDevAllInEpInterrupt
 .text.USB_ReadDevOutEPInterrupt
                0x000000000800a7e6       0x3c ./Drivers/STM32L4xx_HAL_Driver/stm32l4xx_ll_usb.o
                0x000000000800a7e6                USB_ReadDevOutEPInterrupt
 .text.USB_ReadDevInEPInterrupt
                0x000000000800a822       0x5c ./Drivers/STM32L4xx_HAL_Driver/stm32l4xx_ll_usb.o
                0x000000000800a822                USB_ReadDevInEPInterrupt
 .text.USB_GetMode
                0x000000000800a87e       0x1c ./Drivers/STM32L4xx_HAL_Driver/stm32l4xx_ll_usb.o
                0x000000000800a87e                USB_GetMode
 .text.USB_ActivateSetup
                0x000000000800a89a       0x46 ./Drivers/STM32L4xx_HAL_Driver/stm32l4xx_ll_usb.o
                0x000000000800a89a                USB_ActivateSetup
 .text.USB_EP0_OutStart
                0x000000000800a8e0       0x90 ./Drivers/STM32L4xx_HAL_Driver/stm32l4xx_ll_usb.o
                0x000000000800a8e0                USB_EP0_OutStart
 .text.USB_CoreReset
                0x000000000800a970       0x64 ./Drivers/STM32L4xx_HAL_Driver/stm32l4xx_ll_usb.o
 .text.USBD_CDC_Init
                0x000000000800a9d4       0xfe ./Middlewares/USB_Device_Library/usbd_cdc.o
 .text.USBD_CDC_DeInit
                0x000000000800aad2       0x74 ./Middlewares/USB_Device_Library/usbd_cdc.o
 *fill*         0x000000000800ab46        0x2 
 .text.USBD_CDC_Setup
                0x000000000800ab48      0x190 ./Middlewares/USB_Device_Library/usbd_cdc.o
 .text.USBD_CDC_DataIn
                0x000000000800acd8       0xca ./Middlewares/USB_Device_Library/usbd_cdc.o
 .text.USBD_CDC_DataOut
                0x000000000800ada2       0x56 ./Middlewares/USB_Device_Library/usbd_cdc.o
 .text.USBD_CDC_EP0_RxReady
                0x000000000800adf8       0x5a ./Middlewares/USB_Device_Library/usbd_cdc.o
 *fill*         0x000000000800ae52        0x2 
 .text.USBD_CDC_GetFSCfgDesc
                0x000000000800ae54       0x20 ./Middlewares/USB_Device_Library/usbd_cdc.o
 .text.USBD_CDC_GetHSCfgDesc
                0x000000000800ae74       0x20 ./Middlewares/USB_Device_Library/usbd_cdc.o
 .text.USBD_CDC_GetOtherSpeedCfgDesc
                0x000000000800ae94       0x20 ./Middlewares/USB_Device_Library/usbd_cdc.o
 .text.USBD_CDC_GetDeviceQualifierDescriptor
                0x000000000800aeb4       0x20 ./Middlewares/USB_Device_Library/usbd_cdc.o
                0x000000000800aeb4                USBD_CDC_GetDeviceQualifierDescriptor
 .text.USBD_CDC_RegisterInterface
                0x000000000800aed4       0x2a ./Middlewares/USB_Device_Library/usbd_cdc.o
                0x000000000800aed4                USBD_CDC_RegisterInterface
 .text.USBD_CDC_SetTxBuffer
                0x000000000800aefe       0x3c ./Middlewares/USB_Device_Library/usbd_cdc.o
                0x000000000800aefe                USBD_CDC_SetTxBuffer
 .text.USBD_CDC_SetRxBuffer
                0x000000000800af3a       0x32 ./Middlewares/USB_Device_Library/usbd_cdc.o
                0x000000000800af3a                USBD_CDC_SetRxBuffer
 .text.USBD_CDC_TransmitPacket
                0x000000000800af6c       0x60 ./Middlewares/USB_Device_Library/usbd_cdc.o
                0x000000000800af6c                USBD_CDC_TransmitPacket
 .text.USBD_CDC_ReceivePacket
                0x000000000800afcc       0x54 ./Middlewares/USB_Device_Library/usbd_cdc.o
                0x000000000800afcc                USBD_CDC_ReceivePacket
 .text.USBD_Init
                0x000000000800b020       0x60 ./Middlewares/USB_Device_Library/usbd_core.o
                0x000000000800b020                USBD_Init
 .text.USBD_RegisterClass
                0x000000000800b080       0x4e ./Middlewares/USB_Device_Library/usbd_core.o
                0x000000000800b080                USBD_RegisterClass
 .text.USBD_Start
                0x000000000800b0ce       0x18 ./Middlewares/USB_Device_Library/usbd_core.o
                0x000000000800b0ce                USBD_Start
 .text.USBD_RunTestMode
                0x000000000800b0e6       0x16 ./Middlewares/USB_Device_Library/usbd_core.o
                0x000000000800b0e6                USBD_RunTestMode
 .text.USBD_SetClassConfig
                0x000000000800b0fc       0x38 ./Middlewares/USB_Device_Library/usbd_core.o
                0x000000000800b0fc                USBD_SetClassConfig
 .text.USBD_ClrClassConfig
                0x000000000800b134       0x30 ./Middlewares/USB_Device_Library/usbd_core.o
                0x000000000800b134                USBD_ClrClassConfig
 .text.USBD_LL_SetupStage
                0x000000000800b164       0xaa ./Middlewares/USB_Device_Library/usbd_core.o
                0x000000000800b164                USBD_LL_SetupStage
 .text.USBD_LL_DataOutStage
                0x000000000800b20e       0xc6 ./Middlewares/USB_Device_Library/usbd_core.o
                0x000000000800b20e                USBD_LL_DataOutStage
 .text.USBD_LL_DataInStage
                0x000000000800b2d4      0x12c ./Middlewares/USB_Device_Library/usbd_core.o
                0x000000000800b2d4                USBD_LL_DataInStage
 .text.USBD_LL_Reset
                0x000000000800b400       0x9c ./Middlewares/USB_Device_Library/usbd_core.o
                0x000000000800b400                USBD_LL_Reset
 .text.USBD_LL_SetSpeed
                0x000000000800b49c       0x20 ./Middlewares/USB_Device_Library/usbd_core.o
                0x000000000800b49c                USBD_LL_SetSpeed
 .text.USBD_LL_Suspend
                0x000000000800b4bc       0x2c ./Middlewares/USB_Device_Library/usbd_core.o
                0x000000000800b4bc                USBD_LL_Suspend
 .text.USBD_LL_Resume
                0x000000000800b4e8       0x30 ./Middlewares/USB_Device_Library/usbd_core.o
                0x000000000800b4e8                USBD_LL_Resume
 .text.USBD_LL_SOF
                0x000000000800b518       0x44 ./Middlewares/USB_Device_Library/usbd_core.o
                0x000000000800b518                USBD_LL_SOF
 .text.USBD_LL_IsoINIncomplete
                0x000000000800b55c       0x4c ./Middlewares/USB_Device_Library/usbd_core.o
                0x000000000800b55c                USBD_LL_IsoINIncomplete
 .text.USBD_LL_IsoOUTIncomplete
                0x000000000800b5a8       0x4c ./Middlewares/USB_Device_Library/usbd_core.o
                0x000000000800b5a8                USBD_LL_IsoOUTIncomplete
 .text.USBD_LL_DevConnected
                0x000000000800b5f4       0x16 ./Middlewares/USB_Device_Library/usbd_core.o
                0x000000000800b5f4                USBD_LL_DevConnected
 .text.USBD_LL_DevDisconnected
                0x000000000800b60a       0x38 ./Middlewares/USB_Device_Library/usbd_core.o
                0x000000000800b60a                USBD_LL_DevDisconnected
 .text.SWAPBYTE
                0x000000000800b642       0x3c ./Middlewares/USB_Device_Library/usbd_ctlreq.o
 *fill*         0x000000000800b67e        0x2 
 .text.USBD_StdDevReq
                0x000000000800b680       0xdc ./Middlewares/USB_Device_Library/usbd_ctlreq.o
                0x000000000800b680                USBD_StdDevReq
 .text.USBD_StdItfReq
                0x000000000800b75c       0x92 ./Middlewares/USB_Device_Library/usbd_ctlreq.o
                0x000000000800b75c                USBD_StdItfReq
 .text.USBD_StdEPReq
                0x000000000800b7ee      0x2c4 ./Middlewares/USB_Device_Library/usbd_ctlreq.o
                0x000000000800b7ee                USBD_StdEPReq
 *fill*         0x000000000800bab2        0x2 
 .text.USBD_GetDescriptor
                0x000000000800bab4      0x328 ./Middlewares/USB_Device_Library/usbd_ctlreq.o
 .text.USBD_SetAddress
                0x000000000800bddc       0x88 ./Middlewares/USB_Device_Library/usbd_ctlreq.o
 .text.USBD_SetConfig
                0x000000000800be64      0x14c ./Middlewares/USB_Device_Library/usbd_ctlreq.o
 .text.USBD_GetConfig
                0x000000000800bfb0       0x6c ./Middlewares/USB_Device_Library/usbd_ctlreq.o
 .text.USBD_GetStatus
                0x000000000800c01c       0x68 ./Middlewares/USB_Device_Library/usbd_ctlreq.o
 .text.USBD_SetFeature
                0x000000000800c084       0x28 ./Middlewares/USB_Device_Library/usbd_ctlreq.o
 .text.USBD_ClrFeature
                0x000000000800c0ac       0x44 ./Middlewares/USB_Device_Library/usbd_ctlreq.o
 .text.USBD_ParseSetupRequest
                0x000000000800c0f0       0x74 ./Middlewares/USB_Device_Library/usbd_ctlreq.o
                0x000000000800c0f0                USBD_ParseSetupRequest
 .text.USBD_CtlError
                0x000000000800c164       0x22 ./Middlewares/USB_Device_Library/usbd_ctlreq.o
                0x000000000800c164                USBD_CtlError
 .text.USBD_GetString
                0x000000000800c186       0x8c ./Middlewares/USB_Device_Library/usbd_ctlreq.o
                0x000000000800c186                USBD_GetString
 .text.USBD_GetLen
                0x000000000800c212       0x34 ./Middlewares/USB_Device_Library/usbd_ctlreq.o
 .text.USBD_CtlSendData
                0x000000000800c246       0x36 ./Middlewares/USB_Device_Library/usbd_ioreq.o
                0x000000000800c246                USBD_CtlSendData
 .text.USBD_CtlContinueSendData
                0x000000000800c27c       0x22 ./Middlewares/USB_Device_Library/usbd_ioreq.o
                0x000000000800c27c                USBD_CtlContinueSendData
 .text.USBD_CtlPrepareRx
                0x000000000800c29e       0x3a ./Middlewares/USB_Device_Library/usbd_ioreq.o
                0x000000000800c29e                USBD_CtlPrepareRx
 .text.USBD_CtlContinueRx
                0x000000000800c2d8       0x22 ./Middlewares/USB_Device_Library/usbd_ioreq.o
                0x000000000800c2d8                USBD_CtlContinueRx
 .text.USBD_CtlSendStatus
                0x000000000800c2fa       0x26 ./Middlewares/USB_Device_Library/usbd_ioreq.o
                0x000000000800c2fa                USBD_CtlSendStatus
 .text.USBD_CtlReceiveStatus
                0x000000000800c320       0x26 ./Middlewares/USB_Device_Library/usbd_ioreq.o
                0x000000000800c320                USBD_CtlReceiveStatus
 *fill*         0x000000000800c346        0x2 
 .text.MX_USB_DEVICE_Init
                0x000000000800c348       0x60 ./USB_DEVICE/App/usb_device.o
                0x000000000800c348                MX_USB_DEVICE_Init
 .text.CDC_Init_FS
                0x000000000800c3a8       0x28 ./USB_DEVICE/App/usbd_cdc_if.o
 .text.CDC_DeInit_FS
                0x000000000800c3d0       0x10 ./USB_DEVICE/App/usbd_cdc_if.o
 .text.CDC_Control_FS
                0x000000000800c3e0       0xbc ./USB_DEVICE/App/usbd_cdc_if.o
 .text.CDC_Receive_FS
                0x000000000800c49c       0x28 ./USB_DEVICE/App/usbd_cdc_if.o
 .text.CDC_Transmit_FS
                0x000000000800c4c4       0x4c ./USB_DEVICE/App/usbd_cdc_if.o
                0x000000000800c4c4                CDC_Transmit_FS
 .text.CDC_TransmitCplt_FS
                0x000000000800c510       0x22 ./USB_DEVICE/App/usbd_cdc_if.o
 *fill*         0x000000000800c532        0x2 
 .text.USBD_FS_DeviceDescriptor
                0x000000000800c534       0x24 ./USB_DEVICE/App/usbd_desc.o
                0x000000000800c534                USBD_FS_DeviceDescriptor
 .text.USBD_FS_LangIDStrDescriptor
                0x000000000800c558       0x24 ./USB_DEVICE/App/usbd_desc.o
                0x000000000800c558                USBD_FS_LangIDStrDescriptor
 .text.USBD_FS_ProductStrDescriptor
                0x000000000800c57c       0x3c ./USB_DEVICE/App/usbd_desc.o
                0x000000000800c57c                USBD_FS_ProductStrDescriptor
 .text.USBD_FS_ManufacturerStrDescriptor
                0x000000000800c5b8       0x28 ./USB_DEVICE/App/usbd_desc.o
                0x000000000800c5b8                USBD_FS_ManufacturerStrDescriptor
 .text.USBD_FS_SerialStrDescriptor
                0x000000000800c5e0       0x24 ./USB_DEVICE/App/usbd_desc.o
                0x000000000800c5e0                USBD_FS_SerialStrDescriptor
 .text.USBD_FS_ConfigStrDescriptor
                0x000000000800c604       0x3c ./USB_DEVICE/App/usbd_desc.o
                0x000000000800c604                USBD_FS_ConfigStrDescriptor
 .text.USBD_FS_InterfaceStrDescriptor
                0x000000000800c640       0x3c ./USB_DEVICE/App/usbd_desc.o
                0x000000000800c640                USBD_FS_InterfaceStrDescriptor
 .text.USBD_FS_USR_BOSDescriptor
                0x000000000800c67c       0x24 ./USB_DEVICE/App/usbd_desc.o
                0x000000000800c67c                USBD_FS_USR_BOSDescriptor
 .text.Get_SerialNum
                0x000000000800c6a0       0x58 ./USB_DEVICE/App/usbd_desc.o
 .text.IntToUnicode
                0x000000000800c6f8       0x7e ./USB_DEVICE/App/usbd_desc.o
 *fill*         0x000000000800c776        0x2 
 .text.HAL_PCD_MspInit
                0x000000000800c778       0xcc ./USB_DEVICE/Target/usbd_conf.o
                0x000000000800c778                HAL_PCD_MspInit
 .text.HAL_PCD_SetupStageCallback
                0x000000000800c844       0x24 ./USB_DEVICE/Target/usbd_conf.o
                0x000000000800c844                HAL_PCD_SetupStageCallback
 .text.HAL_PCD_DataOutStageCallback
                0x000000000800c868       0x36 ./USB_DEVICE/Target/usbd_conf.o
                0x000000000800c868                HAL_PCD_DataOutStageCallback
 .text.HAL_PCD_DataInStageCallback
                0x000000000800c89e       0x34 ./USB_DEVICE/Target/usbd_conf.o
                0x000000000800c89e                HAL_PCD_DataInStageCallback
 .text.HAL_PCD_SOFCallback
                0x000000000800c8d2       0x1c ./USB_DEVICE/Target/usbd_conf.o
                0x000000000800c8d2                HAL_PCD_SOFCallback
 .text.HAL_PCD_ResetCallback
                0x000000000800c8ee       0x3c ./USB_DEVICE/Target/usbd_conf.o
                0x000000000800c8ee                HAL_PCD_ResetCallback
 *fill*         0x000000000800c92a        0x2 
 .text.HAL_PCD_SuspendCallback
                0x000000000800c92c       0x4c ./USB_DEVICE/Target/usbd_conf.o
                0x000000000800c92c                HAL_PCD_SuspendCallback
 .text.HAL_PCD_ResumeCallback
                0x000000000800c978       0x50 ./USB_DEVICE/Target/usbd_conf.o
                0x000000000800c978                HAL_PCD_ResumeCallback
 .text.HAL_PCD_ISOOUTIncompleteCallback
                0x000000000800c9c8       0x24 ./USB_DEVICE/Target/usbd_conf.o
                0x000000000800c9c8                HAL_PCD_ISOOUTIncompleteCallback
 .text.HAL_PCD_ISOINIncompleteCallback
                0x000000000800c9ec       0x24 ./USB_DEVICE/Target/usbd_conf.o
                0x000000000800c9ec                HAL_PCD_ISOINIncompleteCallback
 .text.HAL_PCD_ConnectCallback
                0x000000000800ca10       0x1c ./USB_DEVICE/Target/usbd_conf.o
                0x000000000800ca10                HAL_PCD_ConnectCallback
 .text.HAL_PCD_DisconnectCallback
                0x000000000800ca2c       0x1c ./USB_DEVICE/Target/usbd_conf.o
                0x000000000800ca2c                HAL_PCD_DisconnectCallback
 .text.USBD_LL_Init
                0x000000000800ca48       0x98 ./USB_DEVICE/Target/usbd_conf.o
                0x000000000800ca48                USBD_LL_Init
 .text.USBD_LL_Start
                0x000000000800cae0       0x64 ./USB_DEVICE/Target/usbd_conf.o
                0x000000000800cae0                USBD_LL_Start
 .text.USBD_LL_OpenEP
                0x000000000800cb44       0x7c ./USB_DEVICE/Target/usbd_conf.o
                0x000000000800cb44                USBD_LL_OpenEP
 .text.USBD_LL_CloseEP
                0x000000000800cbc0       0x6c ./USB_DEVICE/Target/usbd_conf.o
                0x000000000800cbc0                USBD_LL_CloseEP
 .text.USBD_LL_StallEP
                0x000000000800cc2c       0x6c ./USB_DEVICE/Target/usbd_conf.o
                0x000000000800cc2c                USBD_LL_StallEP
 .text.USBD_LL_ClearStallEP
                0x000000000800cc98       0x6c ./USB_DEVICE/Target/usbd_conf.o
                0x000000000800cc98                USBD_LL_ClearStallEP
 .text.USBD_LL_IsStallEP
                0x000000000800cd04       0x58 ./USB_DEVICE/Target/usbd_conf.o
                0x000000000800cd04                USBD_LL_IsStallEP
 .text.USBD_LL_SetUSBAddress
                0x000000000800cd5c       0x6c ./USB_DEVICE/Target/usbd_conf.o
                0x000000000800cd5c                USBD_LL_SetUSBAddress
 .text.USBD_LL_Transmit
                0x000000000800cdc8       0x70 ./USB_DEVICE/Target/usbd_conf.o
                0x000000000800cdc8                USBD_LL_Transmit
 .text.USBD_LL_PrepareReceive
                0x000000000800ce38       0x70 ./USB_DEVICE/Target/usbd_conf.o
                0x000000000800ce38                USBD_LL_PrepareReceive
 .text.USBD_LL_GetRxDataSize
                0x000000000800cea8       0x26 ./USB_DEVICE/Target/usbd_conf.o
                0x000000000800cea8                USBD_LL_GetRxDataSize
 *fill*         0x000000000800cece        0x2 
 .text.HAL_PCDEx_LPM_Callback
                0x000000000800ced0       0x9c ./USB_DEVICE/Target/usbd_conf.o
                0x000000000800ced0                HAL_PCDEx_LPM_Callback
 .text.USBD_static_malloc
                0x000000000800cf6c       0x1c ./USB_DEVICE/Target/usbd_conf.o
                0x000000000800cf6c                USBD_static_malloc
 .text.USBD_static_free
                0x000000000800cf88       0x14 ./USB_DEVICE/Target/usbd_conf.o
                0x000000000800cf88                USBD_static_free
 .text.SystemClockConfig_Resume
                0x000000000800cf9c        0xc ./USB_DEVICE/Target/usbd_conf.o
 .text.__errno  0x000000000800cfa8        0xc c:/st/stm32cubeide_1.8.0/stm32cubeide/plugins/com.st.stm32cube.ide.mcu.externaltools.gnu-tools-for-stm32.9-2020-q2-update.win32_2.0.0.202105311346/tools/bin/../lib/gcc/arm-none-eabi/9.3.1/../../../../arm-none-eabi/lib/thumb/v7e-m+fp/hard\libc_nano.a(lib_a-errno.o)
                0x000000000800cfa8                __errno
 .text.__libc_init_array
                0x000000000800cfb4       0x48 c:/st/stm32cubeide_1.8.0/stm32cubeide/plugins/com.st.stm32cube.ide.mcu.externaltools.gnu-tools-for-stm32.9-2020-q2-update.win32_2.0.0.202105311346/tools/bin/../lib/gcc/arm-none-eabi/9.3.1/../../../../arm-none-eabi/lib/thumb/v7e-m+fp/hard\libc_nano.a(lib_a-init.o)
                0x000000000800cfb4                __libc_init_array
 .text.malloc   0x000000000800cffc       0x10 c:/st/stm32cubeide_1.8.0/stm32cubeide/plugins/com.st.stm32cube.ide.mcu.externaltools.gnu-tools-for-stm32.9-2020-q2-update.win32_2.0.0.202105311346/tools/bin/../lib/gcc/arm-none-eabi/9.3.1/../../../../arm-none-eabi/lib/thumb/v7e-m+fp/hard\libc_nano.a(lib_a-malloc.o)
                0x000000000800cffc                malloc
 .text.memset   0x000000000800d00c       0x10 c:/st/stm32cubeide_1.8.0/stm32cubeide/plugins/com.st.stm32cube.ide.mcu.externaltools.gnu-tools-for-stm32.9-2020-q2-update.win32_2.0.0.202105311346/tools/bin/../lib/gcc/arm-none-eabi/9.3.1/../../../../arm-none-eabi/lib/thumb/v7e-m+fp/hard\libc_nano.a(lib_a-memset.o)
                0x000000000800d00c                memset
 .text._free_r  0x000000000800d01c       0xa0 c:/st/stm32cubeide_1.8.0/stm32cubeide/plugins/com.st.stm32cube.ide.mcu.externaltools.gnu-tools-for-stm32.9-2020-q2-update.win32_2.0.0.202105311346/tools/bin/../lib/gcc/arm-none-eabi/9.3.1/../../../../arm-none-eabi/lib/thumb/v7e-m+fp/hard\libc_nano.a(lib_a-nano-freer.o)
                0x000000000800d01c                _free_r
 .text._malloc_r
                0x000000000800d0bc       0xb4 c:/st/stm32cubeide_1.8.0/stm32cubeide/plugins/com.st.stm32cube.ide.mcu.externaltools.gnu-tools-for-stm32.9-2020-q2-update.win32_2.0.0.202105311346/tools/bin/../lib/gcc/arm-none-eabi/9.3.1/../../../../arm-none-eabi/lib/thumb/v7e-m+fp/hard\libc_nano.a(lib_a-nano-mallocr.o)
                0x000000000800d0bc                _malloc_r
 .text.__cvt    0x000000000800d170       0xc4 c:/st/stm32cubeide_1.8.0/stm32cubeide/plugins/com.st.stm32cube.ide.mcu.externaltools.gnu-tools-for-stm32.9-2020-q2-update.win32_2.0.0.202105311346/tools/bin/../lib/gcc/arm-none-eabi/9.3.1/../../../../arm-none-eabi/lib/thumb/v7e-m+fp/hard\libc_nano.a(lib_a-nano-vfprintf_float.o)
                0x000000000800d170                __cvt
 .text.__exponent
                0x000000000800d234       0x7c c:/st/stm32cubeide_1.8.0/stm32cubeide/plugins/com.st.stm32cube.ide.mcu.externaltools.gnu-tools-for-stm32.9-2020-q2-update.win32_2.0.0.202105311346/tools/bin/../lib/gcc/arm-none-eabi/9.3.1/../../../../arm-none-eabi/lib/thumb/v7e-m+fp/hard\libc_nano.a(lib_a-nano-vfprintf_float.o)
                0x000000000800d234                __exponent
 .text._printf_float
                0x000000000800d2b0      0x46c c:/st/stm32cubeide_1.8.0/stm32cubeide/plugins/com.st.stm32cube.ide.mcu.externaltools.gnu-tools-for-stm32.9-2020-q2-update.win32_2.0.0.202105311346/tools/bin/../lib/gcc/arm-none-eabi/9.3.1/../../../../arm-none-eabi/lib/thumb/v7e-m+fp/hard\libc_nano.a(lib_a-nano-vfprintf_float.o)
                0x000000000800d2b0                _printf_float
 .text._printf_common
                0x000000000800d71c       0xda c:/st/stm32cubeide_1.8.0/stm32cubeide/plugins/com.st.stm32cube.ide.mcu.externaltools.gnu-tools-for-stm32.9-2020-q2-update.win32_2.0.0.202105311346/tools/bin/../lib/gcc/arm-none-eabi/9.3.1/../../../../arm-none-eabi/lib/thumb/v7e-m+fp/hard\libc_nano.a(lib_a-nano-vfprintf_i.o)
                0x000000000800d71c                _printf_common
 *fill*         0x000000000800d7f6        0x2 
 .text._printf_i
                0x000000000800d7f8      0x24c c:/st/stm32cubeide_1.8.0/stm32cubeide/plugins/com.st.stm32cube.ide.mcu.externaltools.gnu-tools-for-stm32.9-2020-q2-update.win32_2.0.0.202105311346/tools/bin/../lib/gcc/arm-none-eabi/9.3.1/../../../../arm-none-eabi/lib/thumb/v7e-m+fp/hard\libc_nano.a(lib_a-nano-vfprintf_i.o)
                0x000000000800d7f8                _printf_i
 .text._scanf_float
                0x000000000800da44      0x420 c:/st/stm32cubeide_1.8.0/stm32cubeide/plugins/com.st.stm32cube.ide.mcu.externaltools.gnu-tools-for-stm32.9-2020-q2-update.win32_2.0.0.202105311346/tools/bin/../lib/gcc/arm-none-eabi/9.3.1/../../../../arm-none-eabi/lib/thumb/v7e-m+fp/hard\libc_nano.a(lib_a-nano-vfscanf_float.o)
                0x000000000800da44                _scanf_float
 .text.printf   0x000000000800de64       0x30 c:/st/stm32cubeide_1.8.0/stm32cubeide/plugins/com.st.stm32cube.ide.mcu.externaltools.gnu-tools-for-stm32.9-2020-q2-update.win32_2.0.0.202105311346/tools/bin/../lib/gcc/arm-none-eabi/9.3.1/../../../../arm-none-eabi/lib/thumb/v7e-m+fp/hard\libc_nano.a(lib_a-printf.o)
                0x000000000800de64                iprintf
                0x000000000800de64                printf
 .text._sbrk_r  0x000000000800de94       0x20 c:/st/stm32cubeide_1.8.0/stm32cubeide/plugins/com.st.stm32cube.ide.mcu.externaltools.gnu-tools-for-stm32.9-2020-q2-update.win32_2.0.0.202105311346/tools/bin/../lib/gcc/arm-none-eabi/9.3.1/../../../../arm-none-eabi/lib/thumb/v7e-m+fp/hard\libc_nano.a(lib_a-sbrkr.o)
                0x000000000800de94                _sbrk_r
 .text.nanf     0x000000000800deb4        0xc c:/st/stm32cubeide_1.8.0/stm32cubeide/plugins/com.st.stm32cube.ide.mcu.externaltools.gnu-tools-for-stm32.9-2020-q2-update.win32_2.0.0.202105311346/tools/bin/../lib/gcc/arm-none-eabi/9.3.1/../../../../arm-none-eabi/lib/thumb/v7e-m+fp/hard\libc_nano.a(lib_a-sf_nan.o)
                0x000000000800deb4                nanf
 .text.sprintf  0x000000000800dec0       0x40 c:/st/stm32cubeide_1.8.0/stm32cubeide/plugins/com.st.stm32cube.ide.mcu.externaltools.gnu-tools-for-stm32.9-2020-q2-update.win32_2.0.0.202105311346/tools/bin/../lib/gcc/arm-none-eabi/9.3.1/../../../../arm-none-eabi/lib/thumb/v7e-m+fp/hard\libc_nano.a(lib_a-sprintf.o)
                0x000000000800dec0                siprintf
                0x000000000800dec0                sprintf
 .text.sulp     0x000000000800df00       0x38 c:/st/stm32cubeide_1.8.0/stm32cubeide/plugins/com.st.stm32cube.ide.mcu.externaltools.gnu-tools-for-stm32.9-2020-q2-update.win32_2.0.0.202105311346/tools/bin/../lib/gcc/arm-none-eabi/9.3.1/../../../../arm-none-eabi/lib/thumb/v7e-m+fp/hard\libc_nano.a(lib_a-strtod.o)
 .text._strtod_l
                0x000000000800df38      0xc14 c:/st/stm32cubeide_1.8.0/stm32cubeide/plugins/com.st.stm32cube.ide.mcu.externaltools.gnu-tools-for-stm32.9-2020-q2-update.win32_2.0.0.202105311346/tools/bin/../lib/gcc/arm-none-eabi/9.3.1/../../../../arm-none-eabi/lib/thumb/v7e-m+fp/hard\libc_nano.a(lib_a-strtod.o)
                0x000000000800df38                _strtod_l
 .text._strtod_r
                0x000000000800eb4c        0xc c:/st/stm32cubeide_1.8.0/stm32cubeide/plugins/com.st.stm32cube.ide.mcu.externaltools.gnu-tools-for-stm32.9-2020-q2-update.win32_2.0.0.202105311346/tools/bin/../lib/gcc/arm-none-eabi/9.3.1/../../../../arm-none-eabi/lib/thumb/v7e-m+fp/hard\libc_nano.a(lib_a-strtod.o)
                0x000000000800eb4c                _strtod_r
 .text._strtol_l.isra.0
                0x000000000800eb58      0x108 c:/st/stm32cubeide_1.8.0/stm32cubeide/plugins/com.st.stm32cube.ide.mcu.externaltools.gnu-tools-for-stm32.9-2020-q2-update.win32_2.0.0.202105311346/tools/bin/../lib/gcc/arm-none-eabi/9.3.1/../../../../arm-none-eabi/lib/thumb/v7e-m+fp/hard\libc_nano.a(lib_a-strtol.o)
 .text._strtol_r
                0x000000000800ec60        0x4 c:/st/stm32cubeide_1.8.0/stm32cubeide/plugins/com.st.stm32cube.ide.mcu.externaltools.gnu-tools-for-stm32.9-2020-q2-update.win32_2.0.0.202105311346/tools/bin/../lib/gcc/arm-none-eabi/9.3.1/../../../../arm-none-eabi/lib/thumb/v7e-m+fp/hard\libc_nano.a(lib_a-strtol.o)
                0x000000000800ec60                _strtol_r
 .text.quorem   0x000000000800ec64      0x116 c:/st/stm32cubeide_1.8.0/stm32cubeide/plugins/com.st.stm32cube.ide.mcu.externaltools.gnu-tools-for-stm32.9-2020-q2-update.win32_2.0.0.202105311346/tools/bin/../lib/gcc/arm-none-eabi/9.3.1/../../../../arm-none-eabi/lib/thumb/v7e-m+fp/hard\libc_nano.a(lib_a-dtoa.o)
 *fill*         0x000000000800ed7a        0x6 
 .text._dtoa_r  0x000000000800ed80      0xbd8 c:/st/stm32cubeide_1.8.0/stm32cubeide/plugins/com.st.stm32cube.ide.mcu.externaltools.gnu-tools-for-stm32.9-2020-q2-update.win32_2.0.0.202105311346/tools/bin/../lib/gcc/arm-none-eabi/9.3.1/../../../../arm-none-eabi/lib/thumb/v7e-m+fp/hard\libc_nano.a(lib_a-dtoa.o)
                0x000000000800ed80                _dtoa_r
 .text.std      0x000000000800f958       0x48 c:/st/stm32cubeide_1.8.0/stm32cubeide/plugins/com.st.stm32cube.ide.mcu.externaltools.gnu-tools-for-stm32.9-2020-q2-update.win32_2.0.0.202105311346/tools/bin/../lib/gcc/arm-none-eabi/9.3.1/../../../../arm-none-eabi/lib/thumb/v7e-m+fp/hard\libc_nano.a(lib_a-findfp.o)
 .text._cleanup_r
                0x000000000800f9a0        0xc c:/st/stm32cubeide_1.8.0/stm32cubeide/plugins/com.st.stm32cube.ide.mcu.externaltools.gnu-tools-for-stm32.9-2020-q2-update.win32_2.0.0.202105311346/tools/bin/../lib/gcc/arm-none-eabi/9.3.1/../../../../arm-none-eabi/lib/thumb/v7e-m+fp/hard\libc_nano.a(lib_a-findfp.o)
                0x000000000800f9a0                _cleanup_r
 .text.__sfmoreglue
                0x000000000800f9ac       0x2c c:/st/stm32cubeide_1.8.0/stm32cubeide/plugins/com.st.stm32cube.ide.mcu.externaltools.gnu-tools-for-stm32.9-2020-q2-update.win32_2.0.0.202105311346/tools/bin/../lib/gcc/arm-none-eabi/9.3.1/../../../../arm-none-eabi/lib/thumb/v7e-m+fp/hard\libc_nano.a(lib_a-findfp.o)
                0x000000000800f9ac                __sfmoreglue
 .text.__sfp_lock_acquire
                0x000000000800f9d8        0xc c:/st/stm32cubeide_1.8.0/stm32cubeide/plugins/com.st.stm32cube.ide.mcu.externaltools.gnu-tools-for-stm32.9-2020-q2-update.win32_2.0.0.202105311346/tools/bin/../lib/gcc/arm-none-eabi/9.3.1/../../../../arm-none-eabi/lib/thumb/v7e-m+fp/hard\libc_nano.a(lib_a-findfp.o)
                0x000000000800f9d8                __sfp_lock_acquire
 .text.__sfp_lock_release
                0x000000000800f9e4        0xc c:/st/stm32cubeide_1.8.0/stm32cubeide/plugins/com.st.stm32cube.ide.mcu.externaltools.gnu-tools-for-stm32.9-2020-q2-update.win32_2.0.0.202105311346/tools/bin/../lib/gcc/arm-none-eabi/9.3.1/../../../../arm-none-eabi/lib/thumb/v7e-m+fp/hard\libc_nano.a(lib_a-findfp.o)
                0x000000000800f9e4                __sfp_lock_release
 .text.__sinit_lock_acquire
                0x000000000800f9f0        0xc c:/st/stm32cubeide_1.8.0/stm32cubeide/plugins/com.st.stm32cube.ide.mcu.externaltools.gnu-tools-for-stm32.9-2020-q2-update.win32_2.0.0.202105311346/tools/bin/../lib/gcc/arm-none-eabi/9.3.1/../../../../arm-none-eabi/lib/thumb/v7e-m+fp/hard\libc_nano.a(lib_a-findfp.o)
                0x000000000800f9f0                __sinit_lock_acquire
 .text.__sinit_lock_release
                0x000000000800f9fc        0xc c:/st/stm32cubeide_1.8.0/stm32cubeide/plugins/com.st.stm32cube.ide.mcu.externaltools.gnu-tools-for-stm32.9-2020-q2-update.win32_2.0.0.202105311346/tools/bin/../lib/gcc/arm-none-eabi/9.3.1/../../../../arm-none-eabi/lib/thumb/v7e-m+fp/hard\libc_nano.a(lib_a-findfp.o)
                0x000000000800f9fc                __sinit_lock_release
 .text.__sinit  0x000000000800fa08       0x70 c:/st/stm32cubeide_1.8.0/stm32cubeide/plugins/com.st.stm32cube.ide.mcu.externaltools.gnu-tools-for-stm32.9-2020-q2-update.win32_2.0.0.202105311346/tools/bin/../lib/gcc/arm-none-eabi/9.3.1/../../../../arm-none-eabi/lib/thumb/v7e-m+fp/hard\libc_nano.a(lib_a-findfp.o)
                0x000000000800fa08                __sinit
 .text.__sfp    0x000000000800fa78       0x8c c:/st/stm32cubeide_1.8.0/stm32cubeide/plugins/com.st.stm32cube.ide.mcu.externaltools.gnu-tools-for-stm32.9-2020-q2-update.win32_2.0.0.202105311346/tools/bin/../lib/gcc/arm-none-eabi/9.3.1/../../../../arm-none-eabi/lib/thumb/v7e-m+fp/hard\libc_nano.a(lib_a-findfp.o)
                0x000000000800fa78                __sfp
 .text._fwalk_reent
                0x000000000800fb04       0x3e c:/st/stm32cubeide_1.8.0/stm32cubeide/plugins/com.st.stm32cube.ide.mcu.externaltools.gnu-tools-for-stm32.9-2020-q2-update.win32_2.0.0.202105311346/tools/bin/../lib/gcc/arm-none-eabi/9.3.1/../../../../arm-none-eabi/lib/thumb/v7e-m+fp/hard\libc_nano.a(lib_a-fwalk.o)
                0x000000000800fb04                _fwalk_reent
 .text.rshift   0x000000000800fb42       0xa4 c:/st/stm32cubeide_1.8.0/stm32cubeide/plugins/com.st.stm32cube.ide.mcu.externaltools.gnu-tools-for-stm32.9-2020-q2-update.win32_2.0.0.202105311346/tools/bin/../lib/gcc/arm-none-eabi/9.3.1/../../../../arm-none-eabi/lib/thumb/v7e-m+fp/hard\libc_nano.a(lib_a-gdtoa-gethex.o)
 .text.__hexdig_fun
                0x000000000800fbe6       0x2a c:/st/stm32cubeide_1.8.0/stm32cubeide/plugins/com.st.stm32cube.ide.mcu.externaltools.gnu-tools-for-stm32.9-2020-q2-update.win32_2.0.0.202105311346/tools/bin/../lib/gcc/arm-none-eabi/9.3.1/../../../../arm-none-eabi/lib/thumb/v7e-m+fp/hard\libc_nano.a(lib_a-gdtoa-gethex.o)
                0x000000000800fbe6                __hexdig_fun
 .text.__gethex
                0x000000000800fc10      0x48c c:/st/stm32cubeide_1.8.0/stm32cubeide/plugins/com.st.stm32cube.ide.mcu.externaltools.gnu-tools-for-stm32.9-2020-q2-update.win32_2.0.0.202105311346/tools/bin/../lib/gcc/arm-none-eabi/9.3.1/../../../../arm-none-eabi/lib/thumb/v7e-m+fp/hard\libc_nano.a(lib_a-gdtoa-gethex.o)
                0x000000000800fc10                __gethex
 .text.L_shift  0x000000000801009c       0x24 c:/st/stm32cubeide_1.8.0/stm32cubeide/plugins/com.st.stm32cube.ide.mcu.externaltools.gnu-tools-for-stm32.9-2020-q2-update.win32_2.0.0.202105311346/tools/bin/../lib/gcc/arm-none-eabi/9.3.1/../../../../arm-none-eabi/lib/thumb/v7e-m+fp/hard\libc_nano.a(lib_a-gdtoa-hexnan.o)
 .text.__match  0x00000000080100c0       0x28 c:/st/stm32cubeide_1.8.0/stm32cubeide/plugins/com.st.stm32cube.ide.mcu.externaltools.gnu-tools-for-stm32.9-2020-q2-update.win32_2.0.0.202105311346/tools/bin/../lib/gcc/arm-none-eabi/9.3.1/../../../../arm-none-eabi/lib/thumb/v7e-m+fp/hard\libc_nano.a(lib_a-gdtoa-hexnan.o)
                0x00000000080100c0                __match
 .text.__hexnan
                0x00000000080100e8      0x138 c:/st/stm32cubeide_1.8.0/stm32cubeide/plugins/com.st.stm32cube.ide.mcu.externaltools.gnu-tools-for-stm32.9-2020-q2-update.win32_2.0.0.202105311346/tools/bin/../lib/gcc/arm-none-eabi/9.3.1/../../../../arm-none-eabi/lib/thumb/v7e-m+fp/hard\libc_nano.a(lib_a-gdtoa-hexnan.o)
                0x00000000080100e8                __hexnan
 .text._localeconv_r
                0x0000000008010220        0x8 c:/st/stm32cubeide_1.8.0/stm32cubeide/plugins/com.st.stm32cube.ide.mcu.externaltools.gnu-tools-for-stm32.9-2020-q2-update.win32_2.0.0.202105311346/tools/bin/../lib/gcc/arm-none-eabi/9.3.1/../../../../arm-none-eabi/lib/thumb/v7e-m+fp/hard\libc_nano.a(lib_a-localeconv.o)
                0x0000000008010220                _localeconv_r
 .text.__retarget_lock_init_recursive
                0x0000000008010228        0x2 c:/st/stm32cubeide_1.8.0/stm32cubeide/plugins/com.st.stm32cube.ide.mcu.externaltools.gnu-tools-for-stm32.9-2020-q2-update.win32_2.0.0.202105311346/tools/bin/../lib/gcc/arm-none-eabi/9.3.1/../../../../arm-none-eabi/lib/thumb/v7e-m+fp/hard\libc_nano.a(lib_a-lock.o)
                0x0000000008010228                __retarget_lock_init_recursive
 .text.__retarget_lock_acquire_recursive
                0x000000000801022a        0x2 c:/st/stm32cubeide_1.8.0/stm32cubeide/plugins/com.st.stm32cube.ide.mcu.externaltools.gnu-tools-for-stm32.9-2020-q2-update.win32_2.0.0.202105311346/tools/bin/../lib/gcc/arm-none-eabi/9.3.1/../../../../arm-none-eabi/lib/thumb/v7e-m+fp/hard\libc_nano.a(lib_a-lock.o)
                0x000000000801022a                __retarget_lock_acquire_recursive
 .text.__retarget_lock_release_recursive
                0x000000000801022c        0x2 c:/st/stm32cubeide_1.8.0/stm32cubeide/plugins/com.st.stm32cube.ide.mcu.externaltools.gnu-tools-for-stm32.9-2020-q2-update.win32_2.0.0.202105311346/tools/bin/../lib/gcc/arm-none-eabi/9.3.1/../../../../arm-none-eabi/lib/thumb/v7e-m+fp/hard\libc_nano.a(lib_a-lock.o)
                0x000000000801022c                __retarget_lock_release_recursive
 .text.__ascii_mbtowc
                0x000000000801022e       0x24 c:/st/stm32cubeide_1.8.0/stm32cubeide/plugins/com.st.stm32cube.ide.mcu.externaltools.gnu-tools-for-stm32.9-2020-q2-update.win32_2.0.0.202105311346/tools/bin/../lib/gcc/arm-none-eabi/9.3.1/../../../../arm-none-eabi/lib/thumb/v7e-m+fp/hard\libc_nano.a(lib_a-mbtowc_r.o)
                0x000000000801022e                __ascii_mbtowc
 .text.memcpy   0x0000000008010252       0x1c c:/st/stm32cubeide_1.8.0/stm32cubeide/plugins/com.st.stm32cube.ide.mcu.externaltools.gnu-tools-for-stm32.9-2020-q2-update.win32_2.0.0.202105311346/tools/bin/../lib/gcc/arm-none-eabi/9.3.1/../../../../arm-none-eabi/lib/thumb/v7e-m+fp/hard\libc_nano.a(lib_a-memcpy-stub.o)
                0x0000000008010252                memcpy
 *fill*         0x000000000801026e        0x2 
 .text.__malloc_lock
                0x0000000008010270        0xc c:/st/stm32cubeide_1.8.0/stm32cubeide/plugins/com.st.stm32cube.ide.mcu.externaltools.gnu-tools-for-stm32.9-2020-q2-update.win32_2.0.0.202105311346/tools/bin/../lib/gcc/arm-none-eabi/9.3.1/../../../../arm-none-eabi/lib/thumb/v7e-m+fp/hard\libc_nano.a(lib_a-mlock.o)
                0x0000000008010270                __malloc_lock
 .text.__malloc_unlock
                0x000000000801027c        0xc c:/st/stm32cubeide_1.8.0/stm32cubeide/plugins/com.st.stm32cube.ide.mcu.externaltools.gnu-tools-for-stm32.9-2020-q2-update.win32_2.0.0.202105311346/tools/bin/../lib/gcc/arm-none-eabi/9.3.1/../../../../arm-none-eabi/lib/thumb/v7e-m+fp/hard\libc_nano.a(lib_a-mlock.o)
                0x000000000801027c                __malloc_unlock
 .text._Balloc  0x0000000008010288       0x80 c:/st/stm32cubeide_1.8.0/stm32cubeide/plugins/com.st.stm32cube.ide.mcu.externaltools.gnu-tools-for-stm32.9-2020-q2-update.win32_2.0.0.202105311346/tools/bin/../lib/gcc/arm-none-eabi/9.3.1/../../../../arm-none-eabi/lib/thumb/v7e-m+fp/hard\libc_nano.a(lib_a-mprec.o)
                0x0000000008010288                _Balloc
 .text._Bfree   0x0000000008010308       0x44 c:/st/stm32cubeide_1.8.0/stm32cubeide/plugins/com.st.stm32cube.ide.mcu.externaltools.gnu-tools-for-stm32.9-2020-q2-update.win32_2.0.0.202105311346/tools/bin/../lib/gcc/arm-none-eabi/9.3.1/../../../../arm-none-eabi/lib/thumb/v7e-m+fp/hard\libc_nano.a(lib_a-mprec.o)
                0x0000000008010308                _Bfree
 .text.__multadd
                0x000000000801034c       0x94 c:/st/stm32cubeide_1.8.0/stm32cubeide/plugins/com.st.stm32cube.ide.mcu.externaltools.gnu-tools-for-stm32.9-2020-q2-update.win32_2.0.0.202105311346/tools/bin/../lib/gcc/arm-none-eabi/9.3.1/../../../../arm-none-eabi/lib/thumb/v7e-m+fp/hard\libc_nano.a(lib_a-mprec.o)
                0x000000000801034c                __multadd
 .text.__s2b    0x00000000080103e0       0x94 c:/st/stm32cubeide_1.8.0/stm32cubeide/plugins/com.st.stm32cube.ide.mcu.externaltools.gnu-tools-for-stm32.9-2020-q2-update.win32_2.0.0.202105311346/tools/bin/../lib/gcc/arm-none-eabi/9.3.1/../../../../arm-none-eabi/lib/thumb/v7e-m+fp/hard\libc_nano.a(lib_a-mprec.o)
                0x00000000080103e0                __s2b
 .text.__hi0bits
                0x0000000008010474       0x40 c:/st/stm32cubeide_1.8.0/stm32cubeide/plugins/com.st.stm32cube.ide.mcu.externaltools.gnu-tools-for-stm32.9-2020-q2-update.win32_2.0.0.202105311346/tools/bin/../lib/gcc/arm-none-eabi/9.3.1/../../../../arm-none-eabi/lib/thumb/v7e-m+fp/hard\libc_nano.a(lib_a-mprec.o)
                0x0000000008010474                __hi0bits
 .text.__lo0bits
                0x00000000080104b4       0x60 c:/st/stm32cubeide_1.8.0/stm32cubeide/plugins/com.st.stm32cube.ide.mcu.externaltools.gnu-tools-for-stm32.9-2020-q2-update.win32_2.0.0.202105311346/tools/bin/../lib/gcc/arm-none-eabi/9.3.1/../../../../arm-none-eabi/lib/thumb/v7e-m+fp/hard\libc_nano.a(lib_a-mprec.o)
                0x00000000080104b4                __lo0bits
 .text.__i2b    0x0000000008010514       0x2c c:/st/stm32cubeide_1.8.0/stm32cubeide/plugins/com.st.stm32cube.ide.mcu.externaltools.gnu-tools-for-stm32.9-2020-q2-update.win32_2.0.0.202105311346/tools/bin/../lib/gcc/arm-none-eabi/9.3.1/../../../../arm-none-eabi/lib/thumb/v7e-m+fp/hard\libc_nano.a(lib_a-mprec.o)
                0x0000000008010514                __i2b
 .text.__multiply
                0x0000000008010540      0x14c c:/st/stm32cubeide_1.8.0/stm32cubeide/plugins/com.st.stm32cube.ide.mcu.externaltools.gnu-tools-for-stm32.9-2020-q2-update.win32_2.0.0.202105311346/tools/bin/../lib/gcc/arm-none-eabi/9.3.1/../../../../arm-none-eabi/lib/thumb/v7e-m+fp/hard\libc_nano.a(lib_a-mprec.o)
                0x0000000008010540                __multiply
 .text.__pow5mult
                0x000000000801068c       0xb4 c:/st/stm32cubeide_1.8.0/stm32cubeide/plugins/com.st.stm32cube.ide.mcu.externaltools.gnu-tools-for-stm32.9-2020-q2-update.win32_2.0.0.202105311346/tools/bin/../lib/gcc/arm-none-eabi/9.3.1/../../../../arm-none-eabi/lib/thumb/v7e-m+fp/hard\libc_nano.a(lib_a-mprec.o)
                0x000000000801068c                __pow5mult
 .text.__lshift
                0x0000000008010740       0xd8 c:/st/stm32cubeide_1.8.0/stm32cubeide/plugins/com.st.stm32cube.ide.mcu.externaltools.gnu-tools-for-stm32.9-2020-q2-update.win32_2.0.0.202105311346/tools/bin/../lib/gcc/arm-none-eabi/9.3.1/../../../../arm-none-eabi/lib/thumb/v7e-m+fp/hard\libc_nano.a(lib_a-mprec.o)
                0x0000000008010740                __lshift
 .text.__mcmp   0x0000000008010818       0x38 c:/st/stm32cubeide_1.8.0/stm32cubeide/plugins/com.st.stm32cube.ide.mcu.externaltools.gnu-tools-for-stm32.9-2020-q2-update.win32_2.0.0.202105311346/tools/bin/../lib/gcc/arm-none-eabi/9.3.1/../../../../arm-none-eabi/lib/thumb/v7e-m+fp/hard\libc_nano.a(lib_a-mprec.o)
                0x0000000008010818                __mcmp
 .text.__mdiff  0x0000000008010850      0x110 c:/st/stm32cubeide_1.8.0/stm32cubeide/plugins/com.st.stm32cube.ide.mcu.externaltools.gnu-tools-for-stm32.9-2020-q2-update.win32_2.0.0.202105311346/tools/bin/../lib/gcc/arm-none-eabi/9.3.1/../../../../arm-none-eabi/lib/thumb/v7e-m+fp/hard\libc_nano.a(lib_a-mprec.o)
                0x0000000008010850                __mdiff