Archive member included to satisfy reference by file (symbol)

c:/st/stm32cubeide_1.8.0/stm32cubeide/plugins/com.st.stm32cube.ide.mcu.externaltools.gnu-tools-for-stm32.9-2020-q2-update.win32_2.0.0.202105311346/tools/bin/../lib/gcc/arm-none-eabi/9.3.1/../../../../arm-none-eabi/lib/thumb/v7e-m+fp/hard\libc_nano.a(lib_a-errno.o)
                              ./Core/Src/syscalls.o (__errno)
c:/st/stm32cubeide_1.8.0/stm32cubeide/plugins/com.st.stm32cube.ide.mcu.externaltools.gnu-tools-for-stm32.9-2020-q2-update.win32_2.0.0.202105311346/tools/bin/../lib/gcc/arm-none-eabi/9.3.1/../../../../arm-none-eabi/lib/thumb/v7e-m+fp/hard\libc_nano.a(lib_a-exit.o)
                              c:/st/stm32cubeide_1.8.0/stm32cubeide/plugins/com.st.stm32cube.ide.mcu.externaltools.gnu-tools-for-stm32.9-2020-q2-update.win32_2.0.0.202105311346/tools/bin/../lib/gcc/arm-none-eabi/9.3.1/../../../../arm-none-eabi/lib/thumb/v7e-m+fp/hard/crt0.o (exit)
c:/st/stm32cubeide_1.8.0/stm32cubeide/plugins/com.st.stm32cube.ide.mcu.externaltools.gnu-tools-for-stm32.9-2020-q2-update.win32_2.0.0.202105311346/tools/bin/../lib/gcc/arm-none-eabi/9.3.1/../../../../arm-none-eabi/lib/thumb/v7e-m+fp/hard\libc_nano.a(lib_a-impure.o)
                              c:/st/stm32cubeide_1.8.0/stm32cubeide/plugins/com.st.stm32cube.ide.mcu.externaltools.gnu-tools-for-stm32.9-2020-q2-update.win32_2.0.0.202105311346/tools/bin/../lib/gcc/arm-none-eabi/9.3.1/../../../../arm-none-eabi/lib/thumb/v7e-m+fp/hard\libc_nano.a(lib_a-exit.o) (_global_impure_ptr)
c:/st/stm32cubeide_1.8.0/stm32cubeide/plugins/com.st.stm32cube.ide.mcu.externaltools.gnu-tools-for-stm32.9-2020-q2-update.win32_2.0.0.202105311346/tools/bin/../lib/gcc/arm-none-eabi/9.3.1/../../../../arm-none-eabi/lib/thumb/v7e-m+fp/hard\libc_nano.a(lib_a-init.o)
                              c:/st/stm32cubeide_1.8.0/stm32cubeide/plugins/com.st.stm32cube.ide.mcu.externaltools.gnu-tools-for-stm32.9-2020-q2-update.win32_2.0.0.202105311346/tools/bin/../lib/gcc/arm-none-eabi/9.3.1/../../../../arm-none-eabi/lib/thumb/v7e-m+fp/hard/crt0.o (__libc_init_array)
c:/st/stm32cubeide_1.8.0/stm32cubeide/plugins/com.st.stm32cube.ide.mcu.externaltools.gnu-tools-for-stm32.9-2020-q2-update.win32_2.0.0.202105311346/tools/bin/../lib/gcc/arm-none-eabi/9.3.1/../../../../arm-none-eabi/lib/thumb/v7e-m+fp/hard\libc_nano.a(lib_a-malloc.o)
                              ./Core/Src/SSD1306.o (malloc)
c:/st/stm32cubeide_1.8.0/stm32cubeide/plugins/com.st.stm32cube.ide.mcu.externaltools.gnu-tools-for-stm32.9-2020-q2-update.win32_2.0.0.202105311346/tools/bin/../lib/gcc/arm-none-eabi/9.3.1/../../../../arm-none-eabi/lib/thumb/v7e-m+fp/hard\libc_nano.a(lib_a-memset.o)
                              c:/st/stm32cubeide_1.8.0/stm32cubeide/plugins/com.st.stm32cube.ide.mcu.externaltools.gnu-tools-for-stm32.9-2020-q2-update.win32_2.0.0.202105311346/tools/bin/../lib/gcc/arm-none-eabi/9.3.1/../../../../arm-none-eabi/lib/thumb/v7e-m+fp/hard/crt0.o (memset)
c:/st/stm32cubeide_1.8.0/stm32cubeide/plugins/com.st.stm32cube.ide.mcu.externaltools.gnu-tools-for-stm32.9-2020-q2-update.win32_2.0.0.202105311346/tools/bin/../lib/gcc/arm-none-eabi/9.3.1/../../../../arm-none-eabi/lib/thumb/v7e-m+fp/hard\libc_nano.a(lib_a-nano-freer.o)
                              c:/st/stm32cubeide_1.8.0/stm32cubeide/plugins/com.st.stm32cube.ide.mcu.externaltools.gnu-tools-for-stm32.9-2020-q2-update.win32_2.0.0.202105311346/tools/bin/../lib/gcc/arm-none-eabi/9.3.1/../../../../arm-none-eabi/lib/thumb/v7e-m+fp/hard\libc_nano.a(lib_a-malloc.o) (_free_r)
c:/st/stm32cubeide_1.8.0/stm32cubeide/plugins/com.st.stm32cube.ide.mcu.externaltools.gnu-tools-for-stm32.9-2020-q2-update.win32_2.0.0.202105311346/tools/bin/../lib/gcc/arm-none-eabi/9.3.1/../../../../arm-none-eabi/lib/thumb/v7e-m+fp/hard\libc_nano.a(lib_a-nano-mallocr.o)
                              c:/st/stm32cubeide_1.8.0/stm32cubeide/plugins/com.st.stm32cube.ide.mcu.externaltools.gnu-tools-for-stm32.9-2020-q2-update.win32_2.0.0.202105311346/tools/bin/../lib/gcc/arm-none-eabi/9.3.1/../../../../arm-none-eabi/lib/thumb/v7e-m+fp/hard\libc_nano.a(lib_a-malloc.o) (_malloc_r)
c:/st/stm32cubeide_1.8.0/stm32cubeide/plugins/com.st.stm32cube.ide.mcu.externaltools.gnu-tools-for-stm32.9-2020-q2-update.win32_2.0.0.202105311346/tools/bin/../lib/gcc/arm-none-eabi/9.3.1/../../../../arm-none-eabi/lib/thumb/v7e-m+fp/hard\libc_nano.a(lib_a-nano-vfprintf_float.o)
                              (_printf_float)
c:/st/stm32cubeide_1.8.0/stm32cubeide/plugins/com.st.stm32cube.ide.mcu.externaltools.gnu-tools-for-stm32.9-2020-q2-update.win32_2.0.0.202105311346/tools/bin/../lib/gcc/arm-none-eabi/9.3.1/../../../../arm-none-eabi/lib/thumb/v7e-m+fp/hard\libc_nano.a(lib_a-nano-vfprintf_i.o)
[...]
Memory Configuration

Name             Origin             Length             Attributes
RAM              0x0000000020000000 0x0000000000050000 xrw
RAM2             0x0000000010000000 0x0000000000010000 xrw
FLASH            0x0000000008000000 0x0000000000100000 xr
*default*        0x0000000000000000 0xffffffffffffffff

Linker script and memory map

LOAD c:/st/stm32cubeide_1.8.0/stm32cubeide/plugins/com.st.stm32cube.ide.mcu.externaltools.gnu-tools-for-stm32.9-2020-q2-update.win32_2.0.0.202105311346/tools/bin/../lib/gcc/arm-none-eabi/9.3.1/thumb/v7e-m+fp/hard/crti.o
LOAD c:/st/stm32cubeide_1.8.0/stm32cubeide/plugins/com.st.stm32cube.ide.mcu.externaltools.gnu-tools-for-stm32.9-2020-q2-update.win32_2.0.0.202105311346/tools/bin/../lib/gcc/arm-none-eabi/9.3.1/thumb/v7e-m+fp/hard/crtbegin.o
LOAD c:/st/stm32cubeide_1.8.0/stm32cubeide/plugins/com.st.stm32cube.ide.mcu.externaltools.gnu-tools-for-stm32.9-2020-q2-update.win32_2.0.0.202105311346/tools/bin/../lib/gcc/arm-none-eabi/9.3.1/../../../../arm-none-eabi/lib/thumb/v7e-m+fp/hard/crt0.o
LOAD ./Core/Src/GFX.o
LOAD ./Core/Src/SSD1306.o
LOAD ./Core/Src/adc.o
LOAD ./Core/Src/bmp280.o
LOAD ./Core/Src/bmp280_add.o
LOAD ./Core/Src/dma.o
LOAD ./Core/Src/gpio.o
LOAD ./Core/Src/i2c.o
LOAD ./Core/Src/main.o
LOAD ./Core/Src/rtc.o
LOAD ./Core/Src/stm32l4xx_hal_msp.o
LOAD ./Core/Src/stm32l4xx_hal_timebase_tim.o
LOAD ./Core/Src/stm32l4xx_it.o
LOAD ./Core/Src/syscalls.o
LOAD ./Core/Src/sysmem.o
LOAD ./Core/Src/system_stm32l4xx.o
LOAD ./Core/Startup/startup_stm32l4a6zgtx.o
LOAD ./Drivers/STM32L4xx_HAL_Driver/stm32l4xx_hal.o
LOAD ./Drivers/STM32L4xx_HAL_Driver/stm32l4xx_hal_adc.o
LOAD ./Drivers/STM32L4xx_HAL_Driver/stm32l4xx_hal_adc_ex.o
LOAD ./Drivers/STM32L4xx_HAL_Driver/stm32l4xx_hal_cortex.o
LOAD ./Drivers/STM32L4xx_HAL_Driver/stm32l4xx_hal_dma.o
LOAD ./Drivers/STM32L4xx_HAL_Driver/stm32l4xx_hal_dma_ex.o
LOAD ./Drivers/STM32L4xx_HAL_Driver/stm32l4xx_hal_exti.o
LOAD ./Drivers/STM32L4xx_HAL_Driver/stm32l4xx_hal_flash.o
LOAD ./Drivers/STM32L4xx_HAL_Driver/stm32l4xx_hal_flash_ex.o
LOAD ./Drivers/STM32L4xx_HAL_Driver/stm32l4xx_hal_flash_ramfunc.o
LOAD ./Drivers/STM32L4xx_HAL_Driver/stm32l4xx_hal_gpio.o
LOAD ./Drivers/STM32L4xx_HAL_Driver/stm32l4xx_hal_i2c.o
LOAD ./Drivers/STM32L4xx_HAL_Driver/stm32l4xx_hal_i2c_ex.o
LOAD ./Drivers/STM32L4xx_HAL_Driver/stm32l4xx_hal_pcd.o
LOAD ./Drivers/STM32L4xx_HAL_Driver/stm32l4xx_hal_pcd_ex.o
LOAD ./Drivers/STM32L4xx_HAL_Driver/stm32l4xx_hal_pwr.o
LOAD ./Drivers/STM32L4xx_HAL_Driver/stm32l4xx_hal_pwr_ex.o
LOAD ./Drivers/STM32L4xx_HAL_Driver/stm32l4xx_hal_rcc.o
LOAD ./Drivers/STM32L4xx_HAL_Driver/stm32l4xx_hal_rcc_ex.o
LOAD ./Drivers/STM32L4xx_HAL_Driver/stm32l4xx_hal_rtc.o
LOAD ./Drivers/STM32L4xx_HAL_Driver/stm32l4xx_hal_rtc_ex.o
LOAD ./Drivers/STM32L4xx_HAL_Driver/stm32l4xx_hal_tim.o
LOAD ./Drivers/STM32L4xx_HAL_Driver/stm32l4xx_hal_tim_ex.o
LOAD ./Drivers/STM32L4xx_HAL_Driver/stm32l4xx_ll_usb.o
LOAD ./Middlewares/USB_Device_Library/usbd_cdc.o
LOAD ./Middlewares/USB_Device_Library/usbd_core.o
LOAD ./Middlewares/USB_Device_Library/usbd_ctlreq.o
LOAD ./Middlewares/USB_Device_Library/usbd_ioreq.o
LOAD ./USB_DEVICE/App/usb_device.o
LOAD ./USB_DEVICE/App/usbd_cdc_if.o
LOAD ./USB_DEVICE/App/usbd_desc.o
LOAD ./USB_DEVICE/Target/usbd_conf.o
START GROUP
LOAD c:/st/stm32cubeide_1.8.0/stm32cubeide/plugins/com.st.stm32cube.ide.mcu.externaltools.gnu-tools-for-stm32.9-2020-q2-update.win32_2.0.0.202105311346/tools/bin/../lib/gcc/arm-none-eabi/9.3.1/../../../../arm-none-eabi/lib/thumb/v7e-m+fp/hard\libc_nano.a
LOAD c:/st/stm32cubeide_1.8.0/stm32cubeide/plugins/com.st.stm32cube.ide.mcu.externaltools.gnu-tools-for-stm32.9-2020-q2-update.win32_2.0.0.202105311346/tools/bin/../lib/gcc/arm-none-eabi/9.3.1/../../../../arm-none-eabi/lib/thumb/v7e-m+fp/hard\libm.a
END GROUP
START GROUP
LOAD c:/st/stm32cubeide_1.8.0/stm32cubeide/plugins/com.st.stm32cube.ide.mcu.externaltools.gnu-tools-for-stm32.9-2020-q2-update.win32_2.0.0.202105311346/tools/bin/../lib/gcc/arm-none-eabi/9.3.1/thumb/v7e-m+fp/hard\libgcc.a
LOAD c:/st/stm32cubeide_1.8.0/stm32cubeide/plugins/com.st.stm32cube.ide.mcu.externaltools.gnu-tools-for-stm32.9-2020-q2-update.win32_2.0.0.202105311346/tools/bin/../lib/gcc/arm-none-eabi/9.3.1/../../../../arm-none-eabi/lib/thumb/v7e-m+fp/hard\libc_nano.a
END GROUP
START GROUP
LOAD c:/st/stm32cubeide_1.8.0/stm32cubeide/plugins/com.st.stm32cube.ide.mcu.externaltools.gnu-tools-for-stm32.9-2020-q2-update.win32_2.0.0.202105311346/tools/bin/../lib/gcc/arm-none-eabi/9.3.1/thumb/v7e-m+fp/hard\libgcc.a
LOAD c:/st/stm32cubeide_1.8.0/stm32cubeide/plugins/com.st.stm32cube.ide.mcu.externaltools.gnu-tools-for-stm32.9-2020-q2-update.win32_2.0.0.202105311346/tools/bin/../lib/gcc/arm-none-eabi/9.3.1/../../../../arm-none-eabi/lib/thumb/v7e-m+fp/hard\libc_nano.a
LOAD c:/st/stm32cubeide_1.8.0/stm32cubeide/plugins/com.st.stm32cube.ide.mcu.externaltools.gnu-tools-for-stm32.9-2020-q2-update.win32_2.0.0.202105311346/tools/bin/../lib/gcc/arm-none-eabi/9.3.1/../../../../arm-none-eabi/lib/thumb/v7e-m+fp/hard\libnosys.a
END GROUP
START GROUP
LOAD c:/st/stm32cubeide_1.8.0/stm32cubeide/plugins/com.st.stm32cube.ide.mcu.externaltools.gnu-tools-for-stm32.9-2020-q2-update.win32_2.0.0.202105311346/tools/bin/../lib/gcc/arm-none-eabi/9.3.1/thumb/v7e-m+fp/hard\libgcc.a
LOAD c:/st/stm32cubeide_1.8.0/stm32cubeide/plugins/com.st.stm32cube.ide.mcu.externaltools.gnu-tools-for-stm32.9-2020-q2-update.win32_2.0.0.202105311346/tools/bin/../lib/gcc/arm-none-eabi/9.3.1/../../../../arm-none-eabi/lib/thumb/v7e-m+fp/hard\libc_nano.a
LOAD c:/st/stm32cubeide_1.8.0/stm32cubeide/plugins/com.st.stm32cube.ide.mcu.externaltools.gnu-tools-for-stm32.9-2020-q2-update.win32_2.0.0.202105311346/tools/bin/../lib/gcc/arm-none-eabi/9.3.1/../../../../arm-none-eabi/lib/thumb/v7e-m+fp/hard\libnosys.a
END GROUP
LOAD c:/st/stm32cubeide_1.8.0/stm32cubeide/plugins/com.st.stm32cube.ide.mcu.externaltools.gnu-tools-for-stm32.9-2020-q2-update.win32_2.0.0.202105311346/tools/bin/../lib/gcc/arm-none-eabi/9.3.1/thumb/v7e-m+fp/hard/crtend.o
LOAD c:/st/stm32cubeide_1.8.0/stm32cubeide/plugins/com.st.stm32cube.ide.mcu.externaltools.gnu-tools-for-stm32.9-2020-q2-update.win32_2.0.0.202105311346/tools/bin/../lib/gcc/arm-none-eabi/9.3.1/thumb/v7e-m+fp/hard/crtn.o
                0x0000000020050000                _estack = (ORIGIN (RAM) + LENGTH (RAM))
                0x0000000000000200                _Min_Heap_Size = 0x200
                0x0000000000000400                _Min_Stack_Size = 0x400

.isr_vector     0x0000000008000000      0x1ac
                0x0000000008000000                . = ALIGN (0x4)
 *(.isr_vector)
 .isr_vector    0x0000000008000000      0x1ac ./Core/Startup/startup_stm32l4a6zgtx.o
                0x0000000008000000                g_pfnVectors
                0x00000000080001ac                . = ALIGN (0x4)

.text           0x00000000080001b0    0x1257c
                0x00000000080001b0                . = ALIGN (0x4)
 *(.text)
 .text          0x00000000080001b0       0x40 c:/st/stm32cubeide_1.8.0/stm32cubeide/plugins/com.st.stm32cube.ide.mcu.externaltools.gnu-tools-for-stm32.9-2020-q2-update.win32_2.0.0.202105311346/tools/bin/../lib/gcc/arm-none-eabi/9.3.1/thumb/v7e-m+fp/hard/crtbegin.o
 .text          0x00000000080001f0       0x10 c:/st/stm32cubeide_1.8.0/stm32cubeide/plugins/com.st.stm32cube.ide.mcu.externaltools.gnu-tools-for-stm32.9-2020-q2-update.win32_2.0.0.202105311346/tools/bin/../lib/gcc/arm-none-eabi/9.3.1/../../../../arm-none-eabi/lib/thumb/v7e-m+fp/hard\libc_nano.a(lib_a-strlen.o)
                0x00000000080001f0                strlen
 .text          0x0000000008000200       0xa0 c:/st/stm32cubeide_1.8.0/stm32cubeide/plugins/com.st.stm32cube.ide.mcu.externaltools.gnu-tools-for-stm32.9-2020-q2-update.win32_2.0.0.202105311346/tools/bin/../lib/gcc/arm-none-eabi/9.3.1/../../../../arm-none-eabi/lib/thumb/v7e-m+fp/hard\libc_nano.a(lib_a-memchr.o)
                0x0000000008000200                memchr
 .text          0x00000000080002a0      0x378 c:/st/stm32cubeide_1.8.0/stm32cubeide/plugins/com.st.stm32cube.ide.mcu.externaltools.gnu-tools-for-stm32.9-2020-q2-update.win32_2.0.0.202105311346/tools/bin/../lib/gcc/arm-none-eabi/9.3.1/thumb/v7e-m+fp/hard\libgcc.a(_arm_addsubdf3.o)
                0x00000000080002a0                __aeabi_drsub
                0x00000000080002a8                __aeabi_dsub
                0x00000000080002a8                __subdf3
                0x00000000080002ac                __aeabi_dadd
                0x00000000080002ac                __adddf3
                0x0000000008000524                __floatunsidf
                0x0000000008000524                __aeabi_ui2d
                0x0000000008000544                __floatsidf
                0x0000000008000544                __aeabi_i2d
                0x0000000008000568                __aeabi_f2d
                0x0000000008000568                __extendsfdf2
                0x00000000080005ac                __floatundidf
                0x00000000080005ac                __aeabi_ul2d
                0x00000000080005bc                __floatdidf
                0x00000000080005bc                __aeabi_l2d
 .text          0x0000000008000618      0x424 c:/st/stm32cubeide_1.8.0/stm32cubeide/plugins/com.st.stm32cube.ide.mcu.externaltools.gnu-tools-for-stm32.9-2020-q2-update.win32_2.0.0.202105311346/tools/bin/../lib/gcc/arm-none-eabi/9.3.1/thumb/v7e-m+fp/hard\libgcc.a(_arm_muldivdf3.o)
                0x0000000008000618                __aeabi_dmul
                0x0000000008000618                __muldf3
                0x000000000800086c                __divdf3
                0x000000000800086c                __aeabi_ddiv
 .text          0x0000000008000a3c      0x110 c:/st/stm32cubeide_1.8.0/stm32cubeide/plugins/com.st.stm32cube.ide.mcu.externaltools.gnu-tools-for-stm32.9-2020-q2-update.win32_2.0.0.202105311346/tools/bin/../lib/gcc/arm-none-eabi/9.3.1/thumb/v7e-m+fp/hard\libgcc.a(_arm_cmpdf2.o)
                0x0000000008000a3c                __gtdf2
                0x0000000008000a3c                __gedf2
                0x0000000008000a44                __ltdf2
                0x0000000008000a44                __ledf2
                0x0000000008000a4c                __nedf2
                0x0000000008000a4c                __eqdf2
                0x0000000008000a4c                __cmpdf2
                0x0000000008000ac8                __aeabi_cdrcmple
                0x0000000008000ad8                __aeabi_cdcmpeq
                0x0000000008000ad8                __aeabi_cdcmple
                0x0000000008000ae8                __aeabi_dcmpeq
                0x0000000008000afc                __aeabi_dcmplt
                0x0000000008000b10                __aeabi_dcmple
                0x0000000008000b24                __aeabi_dcmpge
                0x0000000008000b38                __aeabi_dcmpgt
 .text          0x0000000008000b4c       0x2c c:/st/stm32cubeide_1.8.0/stm32cubeide/plugins/com.st.stm32cube.ide.mcu.externaltools.gnu-tools-for-stm32.9-2020-q2-update.win32_2.0.0.202105311346/tools/bin/../lib/gcc/arm-none-eabi/9.3.1/thumb/v7e-m+fp/hard\libgcc.a(_arm_unorddf2.o)
                0x0000000008000b4c                __unorddf2
                0x0000000008000b4c                __aeabi_dcmpun
 .text          0x0000000008000b78       0x50 c:/st/stm32cubeide_1.8.0/stm32cubeide/plugins/com.st.stm32cube.ide.mcu.externaltools.gnu-tools-for-stm32.9-2020-q2-update.win32_2.0.0.202105311346/tools/bin/../lib/gcc/arm-none-eabi/9.3.1/thumb/v7e-m+fp/hard\libgcc.a(_arm_fixdfsi.o)
                0x0000000008000b78                __aeabi_d2iz
                0x0000000008000b78                __fixdfsi
 .text          0x0000000008000bc8       0x40 c:/st/stm32cubeide_1.8.0/stm32cubeide/plugins/com.st.stm32cube.ide.mcu.externaltools.gnu-tools-for-stm32.9-2020-q2-update.win32_2.0.0.202105311346/tools/bin/../lib/gcc/arm-none-eabi/9.3.1/thumb/v7e-m+fp/hard\libgcc.a(_arm_fixunsdfsi.o)
                0x0000000008000bc8                __aeabi_d2uiz
                0x0000000008000bc8                __fixunsdfsi
 .text          0x0000000008000c08       0xa0 c:/st/stm32cubeide_1.8.0/stm32cubeide/plugins/com.st.stm32cube.ide.mcu.externaltools.gnu-tools-for-stm32.9-2020-q2-update.win32_2.0.0.202105311346/tools/bin/../lib/gcc/arm-none-eabi/9.3.1/thumb/v7e-m+fp/hard\libgcc.a(_arm_truncdfsf2.o)
                0x0000000008000c08                __truncdfsf2
                0x0000000008000c08                __aeabi_d2f
 .text          0x0000000008000ca8       0x30 c:/st/stm32cubeide_1.8.0/stm32cubeide/plugins/com.st.stm32cube.ide.mcu.externaltools.gnu-tools-for-stm32.9-2020-q2-update.win32_2.0.0.202105311346/tools/bin/../lib/gcc/arm-none-eabi/9.3.1/thumb/v7e-m+fp/hard\libgcc.a(_fixdfdi.o)
                0x0000000008000ca8                __fixdfdi
                0x0000000008000ca8                __aeabi_d2lz
 .text          0x0000000008000cd8       0x3c c:/st/stm32cubeide_1.8.0/stm32cubeide/plugins/com.st.stm32cube.ide.mcu.externaltools.gnu-tools-for-stm32.9-2020-q2-update.win32_2.0.0.202105311346/tools/bin/../lib/gcc/arm-none-eabi/9.3.1/thumb/v7e-m+fp/hard\libgcc.a(_fixunsdfdi.o)
                0x0000000008000cd8                __fixunsdfdi
                0x0000000008000cd8                __aeabi_d2ulz
 *(.text*)
 .text.GFX_draw_char
                0x0000000008000d14      0x234 ./Core/Src/GFX.o
                0x0000000008000d14                GFX_draw_char
 .text.GFX_draw_string
                0x0000000008000f48       0x74 ./Core/Src/GFX.o
                0x0000000008000f48                GFX_draw_string
 .text.GFX_draw_fill_rect
                0x0000000008000fbc       0x5e ./Core/Src/GFX.o
                0x0000000008000fbc                GFX_draw_fill_rect
 *fill*         0x000000000800101a        0x2 
 .text.platform_write
                0x000000000800101c       0x38 ./Core/Src/SSD1306.o
 .text.platform_write_dma
                0x0000000008001054       0x34 ./Core/Src/SSD1306.o
 .text.SSD1306_send_com
                0x0000000008001088       0x1e ./Core/Src/SSD1306.o
 *fill*         0x00000000080010a6        0x2 
 .text.SSD1306_init
                0x00000000080010a8      0x118 ./Core/Src/SSD1306.o
                0x00000000080010a8                SSD1306_init
 .text.SSD1306_draw_pixel
                0x00000000080011c0      0x1b4 ./Core/Src/SSD1306.o
                0x00000000080011c0                SSD1306_draw_pixel
 .text.SSD1306_display_clear
                0x0000000008001374       0x1c ./Core/Src/SSD1306.o
                0x0000000008001374                SSD1306_display_clear
 .text.SSD1306_draw_fast_hline_internal
                0x0000000008001390      0x124 ./Core/Src/SSD1306.o
                0x0000000008001390                SSD1306_draw_fast_hline_internal
 .text.SSD1306_draw_fast_vline
                0x00000000080014b4       0xf0 ./Core/Src/SSD1306.o
                0x00000000080014b4                SSD1306_draw_fast_vline
 .text.SSD1306_draw_fast_vline_internal
                0x00000000080015a4      0x1f4 ./Core/Src/SSD1306.o
                0x00000000080015a4                SSD1306_draw_fast_vline_internal
 .text.SSD1306_display_repaint
                0x0000000008001798       0x4c ./Core/Src/SSD1306.o
                0x0000000008001798                SSD1306_display_repaint
 .text.SSD1306_set_rotation
                0x00000000080017e4       0x20 ./Core/Src/SSD1306.o
                0x00000000080017e4                SSD1306_set_rotation
 .text.SSD1306_get_rotation
                0x0000000008001804       0x18 ./Core/Src/SSD1306.o
                0x0000000008001804                SSD1306_get_rotation
 .text.MX_ADC1_Init
                0x000000000800181c       0xec ./Core/Src/adc.o
                0x000000000800181c                MX_ADC1_Init
 .text.HAL_ADC_MspInit
                0x0000000008001908       0x88 ./Core/Src/adc.o
                0x0000000008001908                HAL_ADC_MspInit
 .text.bmp280_get_regs
                0x0000000008001990       0x6e ./Core/Src/bmp280.o
                0x0000000008001990                bmp280_get_regs
 .text.bmp280_set_regs
                0x00000000080019fe       0xdc ./Core/Src/bmp280.o
                0x00000000080019fe                bmp280_set_regs
 .text.bmp280_soft_reset
                0x0000000008001ada       0x4a ./Core/Src/bmp280.o
                0x0000000008001ada                bmp280_soft_reset
 .text.bmp280_init
                0x0000000008001b24       0xcc ./Core/Src/bmp280.o
                0x0000000008001b24                bmp280_init
 .text.bmp280_get_config
                0x0000000008001bf0       0xa0 ./Core/Src/bmp280.o
                0x0000000008001bf0                bmp280_get_config
 .text.bmp280_set_config
                0x0000000008001c90       0x1e ./Core/Src/bmp280.o
                0x0000000008001c90                bmp280_set_config
 .text.bmp280_set_power_mode
                0x0000000008001cae       0x3e ./Core/Src/bmp280.o
                0x0000000008001cae                bmp280_set_power_mode
 .text.bmp280_get_uncomp_data
                0x0000000008001cec       0x9c ./Core/Src/bmp280.o
                0x0000000008001cec                bmp280_get_uncomp_data
 .text.bmp280_get_comp_temp_double
                0x0000000008001d88      0x1b0 ./Core/Src/bmp280.o
                0x0000000008001d88                bmp280_get_comp_temp_double
 .text.bmp280_get_comp_pres_double
                0x0000000008001f38      0x390 ./Core/Src/bmp280.o
                0x0000000008001f38                bmp280_get_comp_pres_double
 .text.null_ptr_check
                0x00000000080022c8       0x40 ./Core/Src/bmp280.o
 .text.interleave_data
                0x0000000008002308       0x58 ./Core/Src/bmp280.o
 .text.get_calib_param
                0x0000000008002360      0x13c ./Core/Src/bmp280.o
 .text.conf_sensor
                0x000000000800249c      0x16a ./Core/Src/bmp280.o
 *fill*         0x0000000008002606        0x2 
 .text.st_check_boundaries
                0x0000000008002608       0x70 ./Core/Src/bmp280.o
 .text.BMP280_init
                0x0000000008002678       0xc4 ./Core/Src/bmp280_add.o
                0x0000000008002678                BMP280_init
 .text.BMP280_read
                0x000000000800273c      0x128 ./Core/Src/bmp280_add.o
                0x000000000800273c                BMP280_read
 .text.delay_ms
                0x0000000008002864       0x16 ./Core/Src/bmp280_add.o
                0x0000000008002864                delay_ms
 *fill*         0x000000000800287a        0x2 
 .text.i2c_reg_write
                0x000000000800287c       0x40 ./Core/Src/bmp280_add.o
                0x000000000800287c                i2c_reg_write
 .text.i2c_reg_read
                0x00000000080028bc       0x40 ./Core/Src/bmp280_add.o
                0x00000000080028bc                i2c_reg_read
 .text.print_rslt
                0x00000000080028fc       0xa8 ./Core/Src/bmp280_add.o
                0x00000000080028fc                print_rslt
 .text.MX_DMA_Init
                0x00000000080029a4       0x3c ./Core/Src/dma.o
                0x00000000080029a4                MX_DMA_Init
 .text.MX_GPIO_Init
                0x00000000080029e0      0x150 ./Core/Src/gpio.o
                0x00000000080029e0                MX_GPIO_Init
 .text.MX_I2C1_Init
                0x0000000008002b30       0x80 ./Core/Src/i2c.o
                0x0000000008002b30                MX_I2C1_Init
 .text.MX_I2C2_Init
                0x0000000008002bb0       0x80 ./Core/Src/i2c.o
                0x0000000008002bb0                MX_I2C2_Init
 .text.HAL_I2C_MspInit
                0x0000000008002c30      0x1b0 ./Core/Src/i2c.o
                0x0000000008002c30                HAL_I2C_MspInit
 .text.get_time
                0x0000000008002de0       0x6c ./Core/Src/main.o
                0x0000000008002de0                get_time
 .text.set_time
                0x0000000008002e4c       0x70 ./Core/Src/main.o
                0x0000000008002e4c                set_time
 .text.main     0x0000000008002ebc       0x4e ./Core/Src/main.o
                0x0000000008002ebc                main
 *fill*         0x0000000008002f0a        0x2 
 .text.SystemClock_Config
                0x0000000008002f0c       0xc4 ./Core/Src/main.o
                0x0000000008002f0c                SystemClock_Config
 .text.HAL_TIM_PeriodElapsedCallback
                0x0000000008002fd0       0x1e ./Core/Src/main.o
                0x0000000008002fd0                HAL_TIM_PeriodElapsedCallback
 .text.Error_Handler
                0x0000000008002fee        0xa ./Core/Src/main.o
                0x0000000008002fee                Error_Handler
 .text.MX_RTC_Init
                0x0000000008002ff8       0xb8 ./Core/Src/rtc.o
                0x0000000008002ff8                MX_RTC_Init
 .text.HAL_RTC_MspInit
                0x00000000080030b0       0x64 ./Core/Src/rtc.o
                0x00000000080030b0                HAL_RTC_MspInit
 .text.HAL_MspInit
                0x0000000008003114       0x48 ./Core/Src/stm32l4xx_hal_msp.o
                0x0000000008003114                HAL_MspInit
 .text.HAL_InitTick
                0x000000000800315c       0xb0 ./Core/Src/stm32l4xx_hal_timebase_tim.o
                0x000000000800315c                HAL_InitTick
 .text.NMI_Handler
                0x000000000800320c        0x6 ./Core/Src/stm32l4xx_it.o
                0x000000000800320c                NMI_Handler
 .text.HardFault_Handler
                0x0000000008003212        0x6 ./Core/Src/stm32l4xx_it.o
                0x0000000008003212                HardFault_Handler
 .text.MemManage_Handler
                0x0000000008003218        0x6 ./Core/Src/stm32l4xx_it.o
                0x0000000008003218                MemManage_Handler
 .text.BusFault_Handler
                0x000000000800321e        0x6 ./Core/Src/stm32l4xx_it.o
                0x000000000800321e                BusFault_Handler
 .text.UsageFault_Handler
                0x0000000008003224        0x6 ./Core/Src/stm32l4xx_it.o
                0x0000000008003224                UsageFault_Handler
 .text.SVC_Handler
                0x000000000800322a        0xe ./Core/Src/stm32l4xx_it.o
                0x000000000800322a                SVC_Handler
 .text.DebugMon_Handler
                0x0000000008003238        0xe ./Core/Src/stm32l4xx_it.o
                0x0000000008003238                DebugMon_Handler
 .text.PendSV_Handler
                0x0000000008003246        0xe ./Core/Src/stm32l4xx_it.o
                0x0000000008003246                PendSV_Handler
 .text.SysTick_Handler
                0x0000000008003254        0xe ./Core/Src/stm32l4xx_it.o
                0x0000000008003254                SysTick_Handler
 *fill*         0x0000000008003262        0x2 
 .text.DMA1_Channel6_IRQHandler
                0x0000000008003264       0x14 ./Core/Src/stm32l4xx_it.o
                0x0000000008003264                DMA1_Channel6_IRQHandler
 .text.TIM2_IRQHandler
                0x0000000008003278       0x14 ./Core/Src/stm32l4xx_it.o
                0x0000000008003278                TIM2_IRQHandler
 .text.I2C1_EV_IRQHandler
                0x000000000800328c       0x14 ./Core/Src/stm32l4xx_it.o
                0x000000000800328c                I2C1_EV_IRQHandler
 .text.OTG_FS_IRQHandler
                0x00000000080032a0       0x14 ./Core/Src/stm32l4xx_it.o
                0x00000000080032a0                OTG_FS_IRQHandler
 .text._getpid  0x00000000080032b4       0x10 ./Core/Src/syscalls.o
                0x00000000080032b4                _getpid
 .text._kill    0x00000000080032c4       0x20 ./Core/Src/syscalls.o
                0x00000000080032c4                _kill
 .text._exit    0x00000000080032e4       0x14 ./Core/Src/syscalls.o
                0x00000000080032e4                _exit
 .text._read    0x00000000080032f8       0x3a ./Core/Src/syscalls.o
                0x00000000080032f8                _read
 .text._write   0x0000000008003332       0x38 ./Core/Src/syscalls.o
                0x0000000008003332                _write
 .text._close   0x000000000800336a       0x18 ./Core/Src/syscalls.o
                0x000000000800336a                _close
 .text._fstat   0x0000000008003382       0x20 ./Core/Src/syscalls.o
                0x0000000008003382                _fstat
 .text._isatty  0x00000000080033a2       0x16 ./Core/Src/syscalls.o
                0x00000000080033a2                _isatty
 .text._lseek   0x00000000080033b8       0x1a ./Core/Src/syscalls.o
                0x00000000080033b8                _lseek
 *fill*         0x00000000080033d2        0x2 
 .text._sbrk    0x00000000080033d4       0x6c ./Core/Src/sysmem.o
                0x00000000080033d4                _sbrk
 .text.SystemInit
                0x0000000008003440       0x64 ./Core/Src/system_stm32l4xx.o
                0x0000000008003440                SystemInit
 .text.Reset_Handler
                0x00000000080034a4       0x50 ./Core/Startup/startup_stm32l4a6zgtx.o
                0x00000000080034a4                Reset_Handler
 .text.Default_Handler
                0x00000000080034f4        0x2 ./Core/Startup/startup_stm32l4a6zgtx.o
                0x00000000080034f4                RTC_Alarm_IRQHandler
                0x00000000080034f4                HASH_RNG_IRQHandler
                0x00000000080034f4                EXTI2_IRQHandler
                0x00000000080034f4                TIM8_TRG_COM_IRQHandler
                0x00000000080034f4                TIM8_CC_IRQHandler
                0x00000000080034f4                TIM1_CC_IRQHandler
                0x00000000080034f4                TSC_IRQHandler
                0x00000000080034f4                TAMP_STAMP_IRQHandler
                0x00000000080034f4                CAN2_RX1_IRQHandler
                0x00000000080034f4                EXTI3_IRQHandler
                0x00000000080034f4                LPTIM2_IRQHandler
                0x00000000080034f4                DFSDM1_FLT1_IRQHandler
                0x00000000080034f4                I2C3_ER_IRQHandler
                0x00000000080034f4                DFSDM1_FLT2_IRQHandler
                0x00000000080034f4                EXTI0_IRQHandler
                0x00000000080034f4                I2C2_EV_IRQHandler
                0x00000000080034f4                CAN1_RX0_IRQHandler
                0x00000000080034f4                FPU_IRQHandler
                0x00000000080034f4                TIM1_UP_TIM16_IRQHandler
                0x00000000080034f4                CAN2_SCE_IRQHandler
                0x00000000080034f4                ADC1_2_IRQHandler
                0x00000000080034f4                SPI1_IRQHandler
                0x00000000080034f4                TIM6_DAC_IRQHandler
                0x00000000080034f4                DCMI_IRQHandler
                0x00000000080034f4                CAN2_RX0_IRQHandler
                0x00000000080034f4                TIM8_UP_IRQHandler
                0x00000000080034f4                DMA2_Channel2_IRQHandler
                0x00000000080034f4                DMA1_Channel4_IRQHandler
                0x00000000080034f4                SAI2_IRQHandler
                0x00000000080034f4                DFSDM1_FLT3_IRQHandler
                0x00000000080034f4                USART3_IRQHandler
                0x00000000080034f4                DMA1_Channel7_IRQHandler
                0x00000000080034f4                CAN1_RX1_IRQHandler
                0x00000000080034f4                LCD_IRQHandler
                0x00000000080034f4                UART5_IRQHandler
                0x00000000080034f4                ADC3_IRQHandler
                0x00000000080034f4                TIM4_IRQHandler
                0x00000000080034f4                DMA2_Channel1_IRQHandler
                0x00000000080034f4                QUADSPI_IRQHandler
                0x00000000080034f4                UART4_IRQHandler
                0x00000000080034f4                DMA2_Channel4_IRQHandler
                0x00000000080034f4                TIM3_IRQHandler
                0x00000000080034f4                RCC_IRQHandler
                0x00000000080034f4                DMA1_Channel1_IRQHandler
                0x00000000080034f4                Default_Handler
                0x00000000080034f4                DMA2_Channel7_IRQHandler
                0x00000000080034f4                EXTI15_10_IRQHandler
                0x00000000080034f4                TIM7_IRQHandler
                0x00000000080034f4                SDMMC1_IRQHandler
                0x00000000080034f4                CAN2_TX_IRQHandler
                0x00000000080034f4                TIM5_IRQHandler
                0x00000000080034f4                I2C3_EV_IRQHandler
                0x00000000080034f4                EXTI9_5_IRQHandler
                0x00000000080034f4                RTC_WKUP_IRQHandler
                0x00000000080034f4                PVD_PVM_IRQHandler
                0x00000000080034f4                SPI2_IRQHandler
                0x00000000080034f4                CAN1_TX_IRQHandler
                0x00000000080034f4                DMA2_Channel5_IRQHandler
                0x00000000080034f4                CRS_IRQHandler
                0x00000000080034f4                DMA1_Channel5_IRQHandler
                0x00000000080034f4                EXTI4_IRQHandler
                0x00000000080034f4                TIM1_TRG_COM_TIM17_IRQHandler
                0x00000000080034f4                DMA1_Channel3_IRQHandler
                0x00000000080034f4                COMP_IRQHandler
                0x00000000080034f4                WWDG_IRQHandler
                0x00000000080034f4                I2C4_EV_IRQHandler
                0x00000000080034f4                LPUART1_IRQHandler
                0x00000000080034f4                DMA2_Channel6_IRQHandler
                0x00000000080034f4                DMA2D_IRQHandler
                0x00000000080034f4                EXTI1_IRQHandler
                0x00000000080034f4                AES_IRQHandler
                0x00000000080034f4                USART2_IRQHandler
                0x00000000080034f4                DFSDM1_FLT0_IRQHandler
                0x00000000080034f4                I2C2_ER_IRQHandler
                0x00000000080034f4                DMA1_Channel2_IRQHandler
                0x00000000080034f4                TIM8_BRK_IRQHandler
                0x00000000080034f4                CAN1_SCE_IRQHandler
                0x00000000080034f4                FLASH_IRQHandler
                0x00000000080034f4                USART1_IRQHandler
                0x00000000080034f4                SPI3_IRQHandler
                0x00000000080034f4                I2C1_ER_IRQHandler
                0x00000000080034f4                FMC_IRQHandler
                0x00000000080034f4                SWPMI1_IRQHandler
                0x00000000080034f4                LPTIM1_IRQHandler
                0x00000000080034f4                I2C4_ER_IRQHandler
                0x00000000080034f4                SAI1_IRQHandler
                0x00000000080034f4                DMA2_Channel3_IRQHandler
                0x00000000080034f4                TIM1_BRK_TIM15_IRQHandler
 .text.HAL_Init
                0x00000000080034f6       0x30 ./Drivers/STM32L4xx_HAL_Driver/stm32l4xx_hal.o
                0x00000000080034f6                HAL_Init
 *fill*         0x0000000008003526        0x2 
 .text.HAL_IncTick
                0x0000000008003528       0x28 ./Drivers/STM32L4xx_HAL_Driver/stm32l4xx_hal.o
                0x0000000008003528                HAL_IncTick
 .text.HAL_GetTick
                0x0000000008003550       0x18 ./Drivers/STM32L4xx_HAL_Driver/stm32l4xx_hal.o
                0x0000000008003550                HAL_GetTick
 .text.HAL_Delay
                0x0000000008003568       0x48 ./Drivers/STM32L4xx_HAL_Driver/stm32l4xx_hal.o
                0x0000000008003568                HAL_Delay
 .text.LL_ADC_SetCommonClock
                0x00000000080035b0       0x26 ./Drivers/STM32L4xx_HAL_Driver/stm32l4xx_hal_adc.o
 .text.LL_ADC_SetCommonPathInternalCh
                0x00000000080035d6       0x26 ./Drivers/STM32L4xx_HAL_Driver/stm32l4xx_hal_adc.o
 .text.LL_ADC_GetCommonPathInternalCh
                0x00000000080035fc       0x1c ./Drivers/STM32L4xx_HAL_Driver/stm32l4xx_hal_adc.o
 .text.LL_ADC_SetOffset
                0x0000000008003618       0x48 ./Drivers/STM32L4xx_HAL_Driver/stm32l4xx_hal_adc.o
 .text.LL_ADC_GetOffsetChannel
                0x0000000008003660       0x2c ./Drivers/STM32L4xx_HAL_Driver/stm32l4xx_hal_adc.o
 .text.LL_ADC_SetOffsetState
                0x000000000800368c       0x36 ./Drivers/STM32L4xx_HAL_Driver/stm32l4xx_hal_adc.o
 .text.LL_ADC_SetSamplingTimeCommonConfig
                0x00000000080036c2       0x26 ./Drivers/STM32L4xx_HAL_Driver/stm32l4xx_hal_adc.o
 .text.LL_ADC_REG_SetSequencerRanks
                0x00000000080036e8       0x58 ./Drivers/STM32L4xx_HAL_Driver/stm32l4xx_hal_adc.o
 .text.LL_ADC_SetChannelSamplingTime
                0x0000000008003740       0x56 ./Drivers/STM32L4xx_HAL_Driver/stm32l4xx_hal_adc.o
 *fill*         0x0000000008003796        0x2 
 .text.LL_ADC_SetChannelSingleDiff
                0x0000000008003798       0x48 ./Drivers/STM32L4xx_HAL_Driver/stm32l4xx_hal_adc.o
 .text.LL_ADC_DisableDeepPowerDown
                0x00000000080037e0       0x24 ./Drivers/STM32L4xx_HAL_Driver/stm32l4xx_hal_adc.o
 .text.LL_ADC_IsDeepPowerDownEnabled
                0x0000000008003804       0x28 ./Drivers/STM32L4xx_HAL_Driver/stm32l4xx_hal_adc.o
 .text.LL_ADC_EnableInternalRegulator
                0x000000000800382c       0x28 ./Drivers/STM32L4xx_HAL_Driver/stm32l4xx_hal_adc.o
 .text.LL_ADC_IsInternalRegulatorEnabled
                0x0000000008003854       0x28 ./Drivers/STM32L4xx_HAL_Driver/stm32l4xx_hal_adc.o
 .text.LL_ADC_IsEnabled
                0x000000000800387c       0x26 ./Drivers/STM32L4xx_HAL_Driver/stm32l4xx_hal_adc.o
 .text.LL_ADC_REG_IsConversionOngoing
                0x00000000080038a2       0x26 ./Drivers/STM32L4xx_HAL_Driver/stm32l4xx_hal_adc.o
 .text.LL_ADC_INJ_IsConversionOngoing
                0x00000000080038c8       0x26 ./Drivers/STM32L4xx_HAL_Driver/stm32l4xx_hal_adc.o
 *fill*         0x00000000080038ee        0x2 
 .text.HAL_ADC_Init
                0x00000000080038f0      0x2b4 ./Drivers/STM32L4xx_HAL_Driver/stm32l4xx_hal_adc.o
                0x00000000080038f0                HAL_ADC_Init
 .text.HAL_ADC_ConfigChannel
                0x0000000008003ba4      0x818 ./Drivers/STM32L4xx_HAL_Driver/stm32l4xx_hal_adc.o
                0x0000000008003ba4                HAL_ADC_ConfigChannel
 .text.LL_ADC_IsEnabled
                0x00000000080043bc       0x26 ./Drivers/STM32L4xx_HAL_Driver/stm32l4xx_hal_adc_ex.o
 .text.LL_ADC_REG_IsConversionOngoing
                0x00000000080043e2       0x26 ./Drivers/STM32L4xx_HAL_Driver/stm32l4xx_hal_adc_ex.o
 .text.HAL_ADCEx_MultiModeConfigChannel
                0x0000000008004408      0x160 ./Drivers/STM32L4xx_HAL_Driver/stm32l4xx_hal_adc_ex.o
                0x0000000008004408                HAL_ADCEx_MultiModeConfigChannel
 .text.__NVIC_SetPriorityGrouping
                0x0000000008004568       0x48 ./Drivers/STM32L4xx_HAL_Driver/stm32l4xx_hal_cortex.o
 .text.__NVIC_GetPriorityGrouping
                0x00000000080045b0       0x1c ./Drivers/STM32L4xx_HAL_Driver/stm32l4xx_hal_cortex.o
 .text.__NVIC_EnableIRQ
                0x00000000080045cc       0x3c ./Drivers/STM32L4xx_HAL_Driver/stm32l4xx_hal_cortex.o
 .text.__NVIC_SetPriority
                0x0000000008004608       0x54 ./Drivers/STM32L4xx_HAL_Driver/stm32l4xx_hal_cortex.o
 .text.NVIC_EncodePriority
                0x000000000800465c       0x66 ./Drivers/STM32L4xx_HAL_Driver/stm32l4xx_hal_cortex.o
 .text.HAL_NVIC_SetPriorityGrouping
                0x00000000080046c2       0x16 ./Drivers/STM32L4xx_HAL_Driver/stm32l4xx_hal_cortex.o
                0x00000000080046c2                HAL_NVIC_SetPriorityGrouping
 .text.HAL_NVIC_SetPriority
                0x00000000080046d8       0x38 ./Drivers/STM32L4xx_HAL_Driver/stm32l4xx_hal_cortex.o
                0x00000000080046d8                HAL_NVIC_SetPriority
 .text.HAL_NVIC_EnableIRQ
                0x0000000008004710       0x1c ./Drivers/STM32L4xx_HAL_Driver/stm32l4xx_hal_cortex.o
                0x0000000008004710                HAL_NVIC_EnableIRQ
 .text.HAL_DMA_Init
                0x000000000800472c      0x170 ./Drivers/STM32L4xx_HAL_Driver/stm32l4xx_hal_dma.o
                0x000000000800472c                HAL_DMA_Init
 .text.HAL_DMA_Start_IT
                0x000000000800489c       0xc0 ./Drivers/STM32L4xx_HAL_Driver/stm32l4xx_hal_dma.o
                0x000000000800489c                HAL_DMA_Start_IT
 .text.HAL_DMA_Abort_IT
                0x000000000800495c       0x82 ./Drivers/STM32L4xx_HAL_Driver/stm32l4xx_hal_dma.o
                0x000000000800495c                HAL_DMA_Abort_IT
 .text.HAL_DMA_IRQHandler
                0x00000000080049de      0x15e ./Drivers/STM32L4xx_HAL_Driver/stm32l4xx_hal_dma.o
                0x00000000080049de                HAL_DMA_IRQHandler
 .text.HAL_DMA_GetState
                0x0000000008004b3c       0x1c ./Drivers/STM32L4xx_HAL_Driver/stm32l4xx_hal_dma.o
                0x0000000008004b3c                HAL_DMA_GetState
 .text.DMA_SetConfig
                0x0000000008004b58       0x60 ./Drivers/STM32L4xx_HAL_Driver/stm32l4xx_hal_dma.o
 .text.HAL_GPIO_Init
                0x0000000008004bb8      0x324 ./Drivers/STM32L4xx_HAL_Driver/stm32l4xx_hal_gpio.o
                0x0000000008004bb8                HAL_GPIO_Init
 .text.HAL_GPIO_WritePin
                0x0000000008004edc       0x30 ./Drivers/STM32L4xx_HAL_Driver/stm32l4xx_hal_gpio.o
                0x0000000008004edc                HAL_GPIO_WritePin
 .text.HAL_I2C_Init
                0x0000000008004f0c      0x11e ./Drivers/STM32L4xx_HAL_Driver/stm32l4xx_hal_i2c.o
                0x0000000008004f0c                HAL_I2C_Init
 *fill*         0x000000000800502a        0x2 
 .text.HAL_I2C_Mem_Write
                0x000000000800502c      0x228 ./Drivers/STM32L4xx_HAL_Driver/stm32l4xx_hal_i2c.o
                0x000000000800502c                HAL_I2C_Mem_Write
 .text.HAL_I2C_Mem_Read
                0x0000000008005254      0x234 ./Drivers/STM32L4xx_HAL_Driver/stm32l4xx_hal_i2c.o
                0x0000000008005254                HAL_I2C_Mem_Read
 .text.HAL_I2C_Mem_Write_DMA
                0x0000000008005488      0x1ec ./Drivers/STM32L4xx_HAL_Driver/stm32l4xx_hal_i2c.o
                0x0000000008005488                HAL_I2C_Mem_Write_DMA
 .text.HAL_I2C_EV_IRQHandler
                0x0000000008005674       0x34 ./Drivers/STM32L4xx_HAL_Driver/stm32l4xx_hal_i2c.o
                0x0000000008005674                HAL_I2C_EV_IRQHandler
 .text.HAL_I2C_MasterTxCpltCallback
                0x00000000080056a8       0x14 ./Drivers/STM32L4xx_HAL_Driver/stm32l4xx_hal_i2c.o
                0x00000000080056a8                HAL_I2C_MasterTxCpltCallback
 .text.HAL_I2C_MasterRxCpltCallback
                0x00000000080056bc       0x14 ./Drivers/STM32L4xx_HAL_Driver/stm32l4xx_hal_i2c.o
                0x00000000080056bc                HAL_I2C_MasterRxCpltCallback
 .text.HAL_I2C_SlaveTxCpltCallback
                0x00000000080056d0       0x14 ./Drivers/STM32L4xx_HAL_Driver/stm32l4xx_hal_i2c.o
                0x00000000080056d0                HAL_I2C_SlaveTxCpltCallback
 .text.HAL_I2C_SlaveRxCpltCallback
                0x00000000080056e4       0x14 ./Drivers/STM32L4xx_HAL_Driver/stm32l4xx_hal_i2c.o
                0x00000000080056e4                HAL_I2C_SlaveRxCpltCallback
 .text.HAL_I2C_AddrCallback
                0x00000000080056f8       0x1c ./Drivers/STM32L4xx_HAL_Driver/stm32l4xx_hal_i2c.o
                0x00000000080056f8                HAL_I2C_AddrCallback
 .text.HAL_I2C_ListenCpltCallback
                0x0000000008005714       0x14 ./Drivers/STM32L4xx_HAL_Driver/stm32l4xx_hal_i2c.o
                0x0000000008005714                HAL_I2C_ListenCpltCallback
 .text.HAL_I2C_MemTxCpltCallback
                0x0000000008005728       0x14 ./Drivers/STM32L4xx_HAL_Driver/stm32l4xx_hal_i2c.o
                0x0000000008005728                HAL_I2C_MemTxCpltCallback
 .text.HAL_I2C_MemRxCpltCallback
                0x000000000800573c       0x14 ./Drivers/STM32L4xx_HAL_Driver/stm32l4xx_hal_i2c.o
                0x000000000800573c                HAL_I2C_MemRxCpltCallback
 .text.HAL_I2C_ErrorCallback
                0x0000000008005750       0x14 ./Drivers/STM32L4xx_HAL_Driver/stm32l4xx_hal_i2c.o
                0x0000000008005750                HAL_I2C_ErrorCallback
 .text.HAL_I2C_AbortCpltCallback
                0x0000000008005764       0x14 ./Drivers/STM32L4xx_HAL_Driver/stm32l4xx_hal_i2c.o
                0x0000000008005764                HAL_I2C_AbortCpltCallback
 .text.I2C_Slave_ISR_IT
                0x0000000008005778      0x206 ./Drivers/STM32L4xx_HAL_Driver/stm32l4xx_hal_i2c.o
 .text.I2C_Master_ISR_DMA
                0x000000000800597e      0x1e6 ./Drivers/STM32L4xx_HAL_Driver/stm32l4xx_hal_i2c.o
 .text.I2C_Slave_ISR_DMA
                0x0000000008005b64      0x1c0 ./Drivers/STM32L4xx_HAL_Driver/stm32l4xx_hal_i2c.o
 .text.I2C_RequestMemoryWrite
                0x0000000008005d24       0xa8 ./Drivers/STM32L4xx_HAL_Driver/stm32l4xx_hal_i2c.o
 .text.I2C_RequestMemoryRead
                0x0000000008005dcc       0xa8 ./Drivers/STM32L4xx_HAL_Driver/stm32l4xx_hal_i2c.o
 .text.I2C_ITAddrCplt
                0x0000000008005e74      0x108 ./Drivers/STM32L4xx_HAL_Driver/stm32l4xx_hal_i2c.o
 .text.I2C_ITMasterSeqCplt
                0x0000000008005f7c       0x7a ./Drivers/STM32L4xx_HAL_Driver/stm32l4xx_hal_i2c.o
 .text.I2C_ITSlaveSeqCplt
                0x0000000008005ff6       0xbc ./Drivers/STM32L4xx_HAL_Driver/stm32l4xx_hal_i2c.o
 *fill*         0x00000000080060b2        0x2 
 .text.I2C_ITMasterCplt
                0x00000000080060b4      0x194 ./Drivers/STM32L4xx_HAL_Driver/stm32l4xx_hal_i2c.o
 .text.I2C_ITSlaveCplt
                0x0000000008006248      0x214 ./Drivers/STM32L4xx_HAL_Driver/stm32l4xx_hal_i2c.o
 .text.I2C_ITListenCplt
                0x000000000800645c       0xac ./Drivers/STM32L4xx_HAL_Driver/stm32l4xx_hal_i2c.o
 .text.I2C_ITError
                0x0000000008006508      0x1a0 ./Drivers/STM32L4xx_HAL_Driver/stm32l4xx_hal_i2c.o
 .text.I2C_TreatErrorCallback
                0x00000000080066a8       0x4e ./Drivers/STM32L4xx_HAL_Driver/stm32l4xx_hal_i2c.o
 .text.I2C_Flush_TXDR
                0x00000000080066f6       0x48 ./Drivers/STM32L4xx_HAL_Driver/stm32l4xx_hal_i2c.o
 .text.I2C_DMAMasterTransmitCplt
                0x000000000800673e       0x96 ./Drivers/STM32L4xx_HAL_Driver/stm32l4xx_hal_i2c.o
 .text.I2C_DMAError
                0x00000000080067d4       0x2e ./Drivers/STM32L4xx_HAL_Driver/stm32l4xx_hal_i2c.o
 .text.I2C_DMAAbort
                0x0000000008006802       0x3c ./Drivers/STM32L4xx_HAL_Driver/stm32l4xx_hal_i2c.o
 .text.I2C_WaitOnFlagUntilTimeout
                0x000000000800683e       0x80 ./Drivers/STM32L4xx_HAL_Driver/stm32l4xx_hal_i2c.o
 .text.I2C_WaitOnTXISFlagUntilTimeout
                0x00000000080068be       0x80 ./Drivers/STM32L4xx_HAL_Driver/stm32l4xx_hal_i2c.o
 .text.I2C_WaitOnSTOPFlagUntilTimeout
                0x000000000800693e       0x78 ./Drivers/STM32L4xx_HAL_Driver/stm32l4xx_hal_i2c.o
 *fill*         0x00000000080069b6        0x2 
 .text.I2C_IsErrorOccurred
                0x00000000080069b8      0x1d8 ./Drivers/STM32L4xx_HAL_Driver/stm32l4xx_hal_i2c.o
 .text.I2C_TransferConfig
                0x0000000008006b90       0x64 ./Drivers/STM32L4xx_HAL_Driver/stm32l4xx_hal_i2c.o
 .text.I2C_Enable_IRQ
                0x0000000008006bf4       0xc8 ./Drivers/STM32L4xx_HAL_Driver/stm32l4xx_hal_i2c.o
 .text.I2C_Disable_IRQ
                0x0000000008006cbc       0xbc ./Drivers/STM32L4xx_HAL_Driver/stm32l4xx_hal_i2c.o
 .text.HAL_I2CEx_ConfigAnalogFilter
                0x0000000008006d78       0x96 ./Drivers/STM32L4xx_HAL_Driver/stm32l4xx_hal_i2c_ex.o
                0x0000000008006d78                HAL_I2CEx_ConfigAnalogFilter
 .text.HAL_I2CEx_ConfigDigitalFilter
                0x0000000008006e0e       0x98 ./Drivers/STM32L4xx_HAL_Driver/stm32l4xx_hal_i2c_ex.o
                0x0000000008006e0e                HAL_I2CEx_ConfigDigitalFilter
 .text.HAL_PCD_Init
                0x0000000008006ea6      0x248 ./Drivers/STM32L4xx_HAL_Driver/stm32l4xx_hal_pcd.o
                0x0000000008006ea6                HAL_PCD_Init
 .text.HAL_PCD_Start
                0x00000000080070ee       0x5e ./Drivers/STM32L4xx_HAL_Driver/stm32l4xx_hal_pcd.o
                0x00000000080070ee                HAL_PCD_Start
 .text.HAL_PCD_IRQHandler
                0x000000000800714c      0x732 ./Drivers/STM32L4xx_HAL_Driver/stm32l4xx_hal_pcd.o
                0x000000000800714c                HAL_PCD_IRQHandler
 .text.HAL_PCD_SetAddress
                0x000000000800787e       0x4a ./Drivers/STM32L4xx_HAL_Driver/stm32l4xx_hal_pcd.o
                0x000000000800787e                HAL_PCD_SetAddress
 .text.HAL_PCD_EP_Open
                0x00000000080078c8       0xd0 ./Drivers/STM32L4xx_HAL_Driver/stm32l4xx_hal_pcd.o
                0x00000000080078c8                HAL_PCD_EP_Open
 .text.HAL_PCD_EP_Close
                0x0000000008007998       0x94 ./Drivers/STM32L4xx_HAL_Driver/stm32l4xx_hal_pcd.o
                0x0000000008007998                HAL_PCD_EP_Close
 .text.HAL_PCD_EP_Receive
                0x0000000008007a2c       0x7c ./Drivers/STM32L4xx_HAL_Driver/stm32l4xx_hal_pcd.o
                0x0000000008007a2c                HAL_PCD_EP_Receive
 .text.HAL_PCD_EP_GetRxCount
                0x0000000008007aa8       0x30 ./Drivers/STM32L4xx_HAL_Driver/stm32l4xx_hal_pcd.o
                0x0000000008007aa8                HAL_PCD_EP_GetRxCount
 .text.HAL_PCD_EP_Transmit
                0x0000000008007ad8       0x7a ./Drivers/STM32L4xx_HAL_Driver/stm32l4xx_hal_pcd.o
                0x0000000008007ad8                HAL_PCD_EP_Transmit
 .text.HAL_PCD_EP_SetStall
                0x0000000008007b52       0xc4 ./Drivers/STM32L4xx_HAL_Driver/stm32l4xx_hal_pcd.o
                0x0000000008007b52                HAL_PCD_EP_SetStall
 .text.HAL_PCD_EP_ClrStall
                0x0000000008007c16       0xac ./Drivers/STM32L4xx_HAL_Driver/stm32l4xx_hal_pcd.o
                0x0000000008007c16                HAL_PCD_EP_ClrStall
 .text.PCD_WriteEmptyTxFifo
                0x0000000008007cc2      0x110 ./Drivers/STM32L4xx_HAL_Driver/stm32l4xx_hal_pcd.o
 *fill*         0x0000000008007dd2        0x2 
 .text.PCD_EP_OutXfrComplete_int
                0x0000000008007dd4       0x9c ./Drivers/STM32L4xx_HAL_Driver/stm32l4xx_hal_pcd.o
 .text.PCD_EP_OutSetupPacket_int
                0x0000000008007e70       0x68 ./Drivers/STM32L4xx_HAL_Driver/stm32l4xx_hal_pcd.o
 .text.HAL_PCDEx_SetTxFiFo
                0x0000000008007ed8       0x8e ./Drivers/STM32L4xx_HAL_Driver/stm32l4xx_hal_pcd_ex.o
                0x0000000008007ed8                HAL_PCDEx_SetTxFiFo
 .text.HAL_PCDEx_SetRxFiFo
                0x0000000008007f66       0x22 ./Drivers/STM32L4xx_HAL_Driver/stm32l4xx_hal_pcd_ex.o
                0x0000000008007f66                HAL_PCDEx_SetRxFiFo
 .text.HAL_PCDEx_ActivateLPM
                0x0000000008007f88       0x48 ./Drivers/STM32L4xx_HAL_Driver/stm32l4xx_hal_pcd_ex.o
                0x0000000008007f88                HAL_PCDEx_ActivateLPM
 .text.HAL_PWR_EnableBkUpAccess
                0x0000000008007fd0       0x20 ./Drivers/STM32L4xx_HAL_Driver/stm32l4xx_hal_pwr.o
                0x0000000008007fd0                HAL_PWR_EnableBkUpAccess
 .text.HAL_PWREx_GetVoltageRange
                0x0000000008007ff0       0x1c ./Drivers/STM32L4xx_HAL_Driver/stm32l4xx_hal_pwr_ex.o
                0x0000000008007ff0                HAL_PWREx_GetVoltageRange
 .text.HAL_PWREx_ControlVoltageScaling
                0x000000000800800c       0xac ./Drivers/STM32L4xx_HAL_Driver/stm32l4xx_hal_pwr_ex.o
                0x000000000800800c                HAL_PWREx_ControlVoltageScaling
 .text.HAL_PWREx_EnableVddUSB
                0x00000000080080b8       0x20 ./Drivers/STM32L4xx_HAL_Driver/stm32l4xx_hal_pwr_ex.o
                0x00000000080080b8                HAL_PWREx_EnableVddUSB
 .text.HAL_PWREx_EnableVddIO2
                0x00000000080080d8       0x20 ./Drivers/STM32L4xx_HAL_Driver/stm32l4xx_hal_pwr_ex.o
                0x00000000080080d8                HAL_PWREx_EnableVddIO2
 .text.HAL_RCC_OscConfig
                0x00000000080080f8      0x84c ./Drivers/STM32L4xx_HAL_Driver/stm32l4xx_hal_rcc.o
                0x00000000080080f8                HAL_RCC_OscConfig
 .text.HAL_RCC_ClockConfig
                0x0000000008008944      0x1c4 ./Drivers/STM32L4xx_HAL_Driver/stm32l4xx_hal_rcc.o
                0x0000000008008944                HAL_RCC_ClockConfig
 .text.HAL_RCC_GetSysClockFreq
                0x0000000008008b08      0x118 ./Drivers/STM32L4xx_HAL_Driver/stm32l4xx_hal_rcc.o
                0x0000000008008b08                HAL_RCC_GetSysClockFreq
 .text.HAL_RCC_GetHCLKFreq
                0x0000000008008c20       0x18 ./Drivers/STM32L4xx_HAL_Driver/stm32l4xx_hal_rcc.o
                0x0000000008008c20                HAL_RCC_GetHCLKFreq
 .text.HAL_RCC_GetPCLK1Freq
                0x0000000008008c38       0x2c ./Drivers/STM32L4xx_HAL_Driver/stm32l4xx_hal_rcc.o
                0x0000000008008c38                HAL_RCC_GetPCLK1Freq
 .text.HAL_RCC_GetClockConfig
                0x0000000008008c64       0x64 ./Drivers/STM32L4xx_HAL_Driver/stm32l4xx_hal_rcc.o
                0x0000000008008c64                HAL_RCC_GetClockConfig
 .text.RCC_SetFlashLatencyFromMSIRange
                0x0000000008008cc8       0xc0 ./Drivers/STM32L4xx_HAL_Driver/stm32l4xx_hal_rcc.o
 .text.HAL_RCCEx_PeriphCLKConfig
                0x0000000008008d88      0x5f8 ./Drivers/STM32L4xx_HAL_Driver/stm32l4xx_hal_rcc_ex.o
                0x0000000008008d88                HAL_RCCEx_PeriphCLKConfig
 .text.RCCEx_PLLSAI1_Config
                0x0000000008009380      0x1e4 ./Drivers/STM32L4xx_HAL_Driver/stm32l4xx_hal_rcc_ex.o
 .text.RCCEx_PLLSAI2_Config
                0x0000000008009564      0x1b8 ./Drivers/STM32L4xx_HAL_Driver/stm32l4xx_hal_rcc_ex.o
 .text.HAL_RTC_Init
                0x000000000800971c       0xf6 ./Drivers/STM32L4xx_HAL_Driver/stm32l4xx_hal_rtc.o
                0x000000000800971c                HAL_RTC_Init
 .text.HAL_RTC_SetTime
                0x0000000008009812      0x13a ./Drivers/STM32L4xx_HAL_Driver/stm32l4xx_hal_rtc.o
                0x0000000008009812                HAL_RTC_SetTime
 .text.HAL_RTC_GetTime
                0x000000000800994c       0xb8 ./Drivers/STM32L4xx_HAL_Driver/stm32l4xx_hal_rtc.o
                0x000000000800994c                HAL_RTC_GetTime
 .text.HAL_RTC_SetDate
                0x0000000008009a04      0x10e ./Drivers/STM32L4xx_HAL_Driver/stm32l4xx_hal_rtc.o
                0x0000000008009a04                HAL_RTC_SetDate
 .text.HAL_RTC_GetDate
                0x0000000008009b12       0x9a ./Drivers/STM32L4xx_HAL_Driver/stm32l4xx_hal_rtc.o
                0x0000000008009b12                HAL_RTC_GetDate
 .text.HAL_RTC_WaitForSynchro
                0x0000000008009bac       0x4c ./Drivers/STM32L4xx_HAL_Driver/stm32l4xx_hal_rtc.o
                0x0000000008009bac                HAL_RTC_WaitForSynchro
 .text.RTC_EnterInitMode
                0x0000000008009bf8       0x66 ./Drivers/STM32L4xx_HAL_Driver/stm32l4xx_hal_rtc.o
                0x0000000008009bf8                RTC_EnterInitMode
 *fill*         0x0000000008009c5e        0x2 
 .text.RTC_ExitInitMode
                0x0000000008009c60       0x7c ./Drivers/STM32L4xx_HAL_Driver/stm32l4xx_hal_rtc.o
                0x0000000008009c60                RTC_ExitInitMode
 .text.RTC_ByteToBcd2
                0x0000000008009cdc       0x40 ./Drivers/STM32L4xx_HAL_Driver/stm32l4xx_hal_rtc.o
                0x0000000008009cdc                RTC_ByteToBcd2
 .text.RTC_Bcd2ToByte
                0x0000000008009d1c       0x34 ./Drivers/STM32L4xx_HAL_Driver/stm32l4xx_hal_rtc.o
                0x0000000008009d1c                RTC_Bcd2ToByte
 .text.HAL_RTCEx_BKUPWrite
                0x0000000008009d50       0x32 ./Drivers/STM32L4xx_HAL_Driver/stm32l4xx_hal_rtc_ex.o
                0x0000000008009d50                HAL_RTCEx_BKUPWrite
 .text.HAL_TIM_Base_Init
                0x0000000008009d82       0xae ./Drivers/STM32L4xx_HAL_Driver/stm32l4xx_hal_tim.o
                0x0000000008009d82                HAL_TIM_Base_Init
 .text.HAL_TIM_Base_MspInit
                0x0000000008009e30       0x14 ./Drivers/STM32L4xx_HAL_Driver/stm32l4xx_hal_tim.o
                0x0000000008009e30                HAL_TIM_Base_MspInit
 .text.HAL_TIM_Base_Start_IT
                0x0000000008009e44       0xe0 ./Drivers/STM32L4xx_HAL_Driver/stm32l4xx_hal_tim.o
                0x0000000008009e44                HAL_TIM_Base_Start_IT
 .text.HAL_TIM_IRQHandler
                0x0000000008009f24      0x23e ./Drivers/STM32L4xx_HAL_Driver/stm32l4xx_hal_tim.o
                0x0000000008009f24                HAL_TIM_IRQHandler
 .text.HAL_TIM_OC_DelayElapsedCallback
                0x000000000800a162       0x14 ./Drivers/STM32L4xx_HAL_Driver/stm32l4xx_hal_tim.o
                0x000000000800a162                HAL_TIM_OC_DelayElapsedCallback
 .text.HAL_TIM_IC_CaptureCallback
                0x000000000800a176       0x14 ./Drivers/STM32L4xx_HAL_Driver/stm32l4xx_hal_tim.o
                0x000000000800a176                HAL_TIM_IC_CaptureCallback
 .text.HAL_TIM_PWM_PulseFinishedCallback
                0x000000000800a18a       0x14 ./Drivers/STM32L4xx_HAL_Driver/stm32l4xx_hal_tim.o
                0x000000000800a18a                HAL_TIM_PWM_PulseFinishedCallback
 .text.HAL_TIM_TriggerCallback
                0x000000000800a19e       0x14 ./Drivers/STM32L4xx_HAL_Driver/stm32l4xx_hal_tim.o
                0x000000000800a19e                HAL_TIM_TriggerCallback
 *fill*         0x000000000800a1b2        0x2 
 .text.TIM_Base_SetConfig
                0x000000000800a1b4      0x134 ./Drivers/STM32L4xx_HAL_Driver/stm32l4xx_hal_tim.o
                0x000000000800a1b4                TIM_Base_SetConfig
 .text.HAL_TIMEx_CommutCallback
                0x000000000800a2e8       0x14 ./Drivers/STM32L4xx_HAL_Driver/stm32l4xx_hal_tim_ex.o
                0x000000000800a2e8                HAL_TIMEx_CommutCallback
 .text.HAL_TIMEx_BreakCallback
                0x000000000800a2fc       0x14 ./Drivers/STM32L4xx_HAL_Driver/stm32l4xx_hal_tim_ex.o
                0x000000000800a2fc                HAL_TIMEx_BreakCallback
 .text.HAL_TIMEx_Break2Callback
                0x000000000800a310       0x14 ./Drivers/STM32L4xx_HAL_Driver/stm32l4xx_hal_tim_ex.o
                0x000000000800a310                HAL_TIMEx_Break2Callback
 .text.USB_CoreInit
                0x000000000800a324       0x58 ./Drivers/STM32L4xx_HAL_Driver/stm32l4xx_ll_usb.o
                0x000000000800a324                USB_CoreInit
 .text.USB_SetTurnaroundTime
                0x000000000800a37c      0x138 ./Drivers/STM32L4xx_HAL_Driver/stm32l4xx_ll_usb.o
                0x000000000800a37c                USB_SetTurnaroundTime
 .text.USB_EnableGlobalInt
                0x000000000800a4b4       0x22 ./Drivers/STM32L4xx_HAL_Driver/stm32l4xx_ll_usb.o
                0x000000000800a4b4                USB_EnableGlobalInt
 .text.USB_DisableGlobalInt
                0x000000000800a4d6       0x22 ./Drivers/STM32L4xx_HAL_Driver/stm32l4xx_ll_usb.o
                0x000000000800a4d6                USB_DisableGlobalInt
 .text.USB_SetCurrentMode
                0x000000000800a4f8       0x98 ./Drivers/STM32L4xx_HAL_Driver/stm32l4xx_ll_usb.o
                0x000000000800a4f8                USB_SetCurrentMode
 .text.USB_DevInit
                0x000000000800a590      0x298 ./Drivers/STM32L4xx_HAL_Driver/stm32l4xx_ll_usb.o
                0x000000000800a590                USB_DevInit
 .text.USB_FlushTxFifo
                0x000000000800a828       0x64 ./Drivers/STM32L4xx_HAL_Driver/stm32l4xx_ll_usb.o
                0x000000000800a828                USB_FlushTxFifo
 .text.USB_FlushRxFifo
                0x000000000800a88c       0x5c ./Drivers/STM32L4xx_HAL_Driver/stm32l4xx_ll_usb.o
                0x000000000800a88c                USB_FlushRxFifo
 .text.USB_SetDevSpeed
                0x000000000800a8e8       0x32 ./Drivers/STM32L4xx_HAL_Driver/stm32l4xx_ll_usb.o
                0x000000000800a8e8                USB_SetDevSpeed
 .text.USB_GetDevSpeed
                0x000000000800a91a       0x3e ./Drivers/STM32L4xx_HAL_Driver/stm32l4xx_ll_usb.o
                0x000000000800a91a                USB_GetDevSpeed
 .text.USB_ActivateEndpoint
                0x000000000800a958      0x10e ./Drivers/STM32L4xx_HAL_Driver/stm32l4xx_ll_usb.o
                0x000000000800a958                USB_ActivateEndpoint
 *fill*         0x000000000800aa66        0x2 
 .text.USB_DeactivateEndpoint
                0x000000000800aa68      0x1b8 ./Drivers/STM32L4xx_HAL_Driver/stm32l4xx_ll_usb.o
                0x000000000800aa68                USB_DeactivateEndpoint
 .text.USB_EPStartXfer
                0x000000000800ac20      0x3b8 ./Drivers/STM32L4xx_HAL_Driver/stm32l4xx_ll_usb.o
                0x000000000800ac20                USB_EPStartXfer
 .text.USB_EP0StartXfer
                0x000000000800afd8      0x23c ./Drivers/STM32L4xx_HAL_Driver/stm32l4xx_ll_usb.o
                0x000000000800afd8                USB_EP0StartXfer
 .text.USB_WritePacket
                0x000000000800b214       0x74 ./Drivers/STM32L4xx_HAL_Driver/stm32l4xx_ll_usb.o
                0x000000000800b214                USB_WritePacket
 .text.USB_ReadPacket
                0x000000000800b288       0xb0 ./Drivers/STM32L4xx_HAL_Driver/stm32l4xx_ll_usb.o
                0x000000000800b288                USB_ReadPacket
 .text.USB_EPSetStall
                0x000000000800b338       0xdc ./Drivers/STM32L4xx_HAL_Driver/stm32l4xx_ll_usb.o
                0x000000000800b338                USB_EPSetStall
 .text.USB_EPClearStall
                0x000000000800b414       0xcc ./Drivers/STM32L4xx_HAL_Driver/stm32l4xx_ll_usb.o
                0x000000000800b414                USB_EPClearStall
 .text.USB_SetDevAddress
                0x000000000800b4e0       0x4c ./Drivers/STM32L4xx_HAL_Driver/stm32l4xx_ll_usb.o
                0x000000000800b4e0                USB_SetDevAddress
 .text.USB_DevConnect
                0x000000000800b52c       0x42 ./Drivers/STM32L4xx_HAL_Driver/stm32l4xx_ll_usb.o
                0x000000000800b52c                USB_DevConnect
 .text.USB_DevDisconnect
                0x000000000800b56e       0x42 ./Drivers/STM32L4xx_HAL_Driver/stm32l4xx_ll_usb.o
                0x000000000800b56e                USB_DevDisconnect
 .text.USB_ReadInterrupts
                0x000000000800b5b0       0x26 ./Drivers/STM32L4xx_HAL_Driver/stm32l4xx_ll_usb.o
                0x000000000800b5b0                USB_ReadInterrupts
 .text.USB_ReadDevAllOutEpInterrupt
                0x000000000800b5d6       0x34 ./Drivers/STM32L4xx_HAL_Driver/stm32l4xx_ll_usb.o
                0x000000000800b5d6                USB_ReadDevAllOutEpInterrupt
 .text.USB_ReadDevAllInEpInterrupt
                0x000000000800b60a       0x34 ./Drivers/STM32L4xx_HAL_Driver/stm32l4xx_ll_usb.o
                0x000000000800b60a                USB_ReadDevAllInEpInterrupt
 .text.USB_ReadDevOutEPInterrupt
                0x000000000800b63e       0x3c ./Drivers/STM32L4xx_HAL_Driver/stm32l4xx_ll_usb.o
                0x000000000800b63e                USB_ReadDevOutEPInterrupt
 .text.USB_ReadDevInEPInterrupt
                0x000000000800b67a       0x5c ./Drivers/STM32L4xx_HAL_Driver/stm32l4xx_ll_usb.o
                0x000000000800b67a                USB_ReadDevInEPInterrupt
 .text.USB_GetMode
                0x000000000800b6d6       0x1c ./Drivers/STM32L4xx_HAL_Driver/stm32l4xx_ll_usb.o
                0x000000000800b6d6                USB_GetMode
 .text.USB_ActivateSetup
                0x000000000800b6f2       0x46 ./Drivers/STM32L4xx_HAL_Driver/stm32l4xx_ll_usb.o
                0x000000000800b6f2                USB_ActivateSetup
 .text.USB_EP0_OutStart
                0x000000000800b738       0x90 ./Drivers/STM32L4xx_HAL_Driver/stm32l4xx_ll_usb.o
                0x000000000800b738                USB_EP0_OutStart
 .text.USB_CoreReset
                0x000000000800b7c8       0x64 ./Drivers/STM32L4xx_HAL_Driver/stm32l4xx_ll_usb.o
 .text.USBD_CDC_Init
                0x000000000800b82c       0xfe ./Middlewares/USB_Device_Library/usbd_cdc.o
 .text.USBD_CDC_DeInit
                0x000000000800b92a       0x74 ./Middlewares/USB_Device_Library/usbd_cdc.o
 *fill*         0x000000000800b99e        0x2 
 .text.USBD_CDC_Setup
                0x000000000800b9a0      0x190 ./Middlewares/USB_Device_Library/usbd_cdc.o
 .text.USBD_CDC_DataIn
                0x000000000800bb30       0xca ./Middlewares/USB_Device_Library/usbd_cdc.o
 .text.USBD_CDC_DataOut
                0x000000000800bbfa       0x56 ./Middlewares/USB_Device_Library/usbd_cdc.o
 .text.USBD_CDC_EP0_RxReady
                0x000000000800bc50       0x5a ./Middlewares/USB_Device_Library/usbd_cdc.o
 *fill*         0x000000000800bcaa        0x2 
 .text.USBD_CDC_GetFSCfgDesc
                0x000000000800bcac       0x20 ./Middlewares/USB_Device_Library/usbd_cdc.o
 .text.USBD_CDC_GetHSCfgDesc
                0x000000000800bccc       0x20 ./Middlewares/USB_Device_Library/usbd_cdc.o
 .text.USBD_CDC_GetOtherSpeedCfgDesc
                0x000000000800bcec       0x20 ./Middlewares/USB_Device_Library/usbd_cdc.o
 .text.USBD_CDC_GetDeviceQualifierDescriptor
                0x000000000800bd0c       0x20 ./Middlewares/USB_Device_Library/usbd_cdc.o
                0x000000000800bd0c                USBD_CDC_GetDeviceQualifierDescriptor
 .text.USBD_CDC_RegisterInterface
                0x000000000800bd2c       0x2a ./Middlewares/USB_Device_Library/usbd_cdc.o
                0x000000000800bd2c                USBD_CDC_RegisterInterface
 .text.USBD_CDC_SetTxBuffer
                0x000000000800bd56       0x3c ./Middlewares/USB_Device_Library/usbd_cdc.o
                0x000000000800bd56                USBD_CDC_SetTxBuffer
 .text.USBD_CDC_SetRxBuffer
                0x000000000800bd92       0x32 ./Middlewares/USB_Device_Library/usbd_cdc.o
                0x000000000800bd92                USBD_CDC_SetRxBuffer
 .text.USBD_CDC_TransmitPacket
                0x000000000800bdc4       0x60 ./Middlewares/USB_Device_Library/usbd_cdc.o
                0x000000000800bdc4                USBD_CDC_TransmitPacket
 .text.USBD_CDC_ReceivePacket
                0x000000000800be24       0x54 ./Middlewares/USB_Device_Library/usbd_cdc.o
                0x000000000800be24                USBD_CDC_ReceivePacket
 .text.USBD_Init
                0x000000000800be78       0x60 ./Middlewares/USB_Device_Library/usbd_core.o
                0x000000000800be78                USBD_Init
 .text.USBD_RegisterClass
                0x000000000800bed8       0x4e ./Middlewares/USB_Device_Library/usbd_core.o
                0x000000000800bed8                USBD_RegisterClass
 .text.USBD_Start
                0x000000000800bf26       0x18 ./Middlewares/USB_Device_Library/usbd_core.o
                0x000000000800bf26                USBD_Start
 .text.USBD_RunTestMode
                0x000000000800bf3e       0x16 ./Middlewares/USB_Device_Library/usbd_core.o
                0x000000000800bf3e                USBD_RunTestMode
 .text.USBD_SetClassConfig
                0x000000000800bf54       0x38 ./Middlewares/USB_Device_Library/usbd_core.o
                0x000000000800bf54                USBD_SetClassConfig
 .text.USBD_ClrClassConfig
                0x000000000800bf8c       0x30 ./Middlewares/USB_Device_Library/usbd_core.o
                0x000000000800bf8c                USBD_ClrClassConfig
 .text.USBD_LL_SetupStage
                0x000000000800bfbc       0xaa ./Middlewares/USB_Device_Library/usbd_core.o
                0x000000000800bfbc                USBD_LL_SetupStage
 .text.USBD_LL_DataOutStage
                0x000000000800c066       0xc6 ./Middlewares/USB_Device_Library/usbd_core.o
                0x000000000800c066                USBD_LL_DataOutStage
 .text.USBD_LL_DataInStage
                0x000000000800c12c      0x12c ./Middlewares/USB_Device_Library/usbd_core.o
                0x000000000800c12c                USBD_LL_DataInStage
 .text.USBD_LL_Reset
                0x000000000800c258       0x9c ./Middlewares/USB_Device_Library/usbd_core.o
                0x000000000800c258                USBD_LL_Reset
 .text.USBD_LL_SetSpeed
                0x000000000800c2f4       0x20 ./Middlewares/USB_Device_Library/usbd_core.o
                0x000000000800c2f4                USBD_LL_SetSpeed
 .text.USBD_LL_Suspend
                0x000000000800c314       0x2c ./Middlewares/USB_Device_Library/usbd_core.o
                0x000000000800c314                USBD_LL_Suspend
 .text.USBD_LL_Resume
                0x000000000800c340       0x30 ./Middlewares/USB_Device_Library/usbd_core.o
                0x000000000800c340                USBD_LL_Resume
 .text.USBD_LL_SOF
                0x000000000800c370       0x44 ./Middlewares/USB_Device_Library/usbd_core.o
                0x000000000800c370                USBD_LL_SOF
 .text.USBD_LL_IsoINIncomplete
                0x000000000800c3b4       0x4c ./Middlewares/USB_Device_Library/usbd_core.o
                0x000000000800c3b4                USBD_LL_IsoINIncomplete
 .text.USBD_LL_IsoOUTIncomplete
                0x000000000800c400       0x4c ./Middlewares/USB_Device_Library/usbd_core.o
                0x000000000800c400                USBD_LL_IsoOUTIncomplete
 .text.USBD_LL_DevConnected
                0x000000000800c44c       0x16 ./Middlewares/USB_Device_Library/usbd_core.o
                0x000000000800c44c                USBD_LL_DevConnected
 .text.USBD_LL_DevDisconnected
                0x000000000800c462       0x38 ./Middlewares/USB_Device_Library/usbd_core.o
                0x000000000800c462                USBD_LL_DevDisconnected
 .text.SWAPBYTE
                0x000000000800c49a       0x3c ./Middlewares/USB_Device_Library/usbd_ctlreq.o
 *fill*         0x000000000800c4d6        0x2 
 .text.USBD_StdDevReq
                0x000000000800c4d8       0xdc ./Middlewares/USB_Device_Library/usbd_ctlreq.o
                0x000000000800c4d8                USBD_StdDevReq
 .text.USBD_StdItfReq
                0x000000000800c5b4       0x92 ./Middlewares/USB_Device_Library/usbd_ctlreq.o
                0x000000000800c5b4                USBD_StdItfReq
 .text.USBD_StdEPReq
                0x000000000800c646      0x2c4 ./Middlewares/USB_Device_Library/usbd_ctlreq.o
                0x000000000800c646                USBD_StdEPReq
 *fill*         0x000000000800c90a        0x2 
 .text.USBD_GetDescriptor
                0x000000000800c90c      0x328 ./Middlewares/USB_Device_Library/usbd_ctlreq.o
 .text.USBD_SetAddress
                0x000000000800cc34       0x88 ./Middlewares/USB_Device_Library/usbd_ctlreq.o
 .text.USBD_SetConfig
                0x000000000800ccbc      0x14c ./Middlewares/USB_Device_Library/usbd_ctlreq.o
 .text.USBD_GetConfig
                0x000000000800ce08       0x6c ./Middlewares/USB_Device_Library/usbd_ctlreq.o
 .text.USBD_GetStatus
                0x000000000800ce74       0x68 ./Middlewares/USB_Device_Library/usbd_ctlreq.o
 .text.USBD_SetFeature
                0x000000000800cedc       0x28 ./Middlewares/USB_Device_Library/usbd_ctlreq.o
 .text.USBD_ClrFeature
                0x000000000800cf04       0x44 ./Middlewares/USB_Device_Library/usbd_ctlreq.o
 .text.USBD_ParseSetupRequest
                0x000000000800cf48       0x74 ./Middlewares/USB_Device_Library/usbd_ctlreq.o
                0x000000000800cf48                USBD_ParseSetupRequest
 .text.USBD_CtlError
                0x000000000800cfbc       0x22 ./Middlewares/USB_Device_Library/usbd_ctlreq.o
                0x000000000800cfbc                USBD_CtlError
 .text.USBD_GetString
                0x000000000800cfde       0x8c ./Middlewares/USB_Device_Library/usbd_ctlreq.o
                0x000000000800cfde                USBD_GetString
 .text.USBD_GetLen
                0x000000000800d06a       0x34 ./Middlewares/USB_Device_Library/usbd_ctlreq.o
 .text.USBD_CtlSendData
                0x000000000800d09e       0x36 ./Middlewares/USB_Device_Library/usbd_ioreq.o
                0x000000000800d09e                USBD_CtlSendData
 .text.USBD_CtlContinueSendData
                0x000000000800d0d4       0x22 ./Middlewares/USB_Device_Library/usbd_ioreq.o
                0x000000000800d0d4                USBD_CtlContinueSendData
 .text.USBD_CtlPrepareRx
                0x000000000800d0f6       0x3a ./Middlewares/USB_Device_Library/usbd_ioreq.o
                0x000000000800d0f6                USBD_CtlPrepareRx
 .text.USBD_CtlContinueRx
                0x000000000800d130       0x22 ./Middlewares/USB_Device_Library/usbd_ioreq.o
                0x000000000800d130                USBD_CtlContinueRx
 .text.USBD_CtlSendStatus
                0x000000000800d152       0x26 ./Middlewares/USB_Device_Library/usbd_ioreq.o
                0x000000000800d152                USBD_CtlSendStatus
 .text.USBD_CtlReceiveStatus
                0x000000000800d178       0x26 ./Middlewares/USB_Device_Library/usbd_ioreq.o
                0x000000000800d178                USBD_CtlReceiveStatus
 *fill*         0x000000000800d19e        0x2 
 .text.MX_USB_DEVICE_Init
                0x000000000800d1a0       0x60 ./USB_DEVICE/App/usb_device.o
                0x000000000800d1a0                MX_USB_DEVICE_Init
 .text.CDC_Init_FS
                0x000000000800d200       0x28 ./USB_DEVICE/App/usbd_cdc_if.o
 .text.CDC_DeInit_FS
                0x000000000800d228       0x10 ./USB_DEVICE/App/usbd_cdc_if.o
 .text.CDC_Control_FS
                0x000000000800d238       0xbc ./USB_DEVICE/App/usbd_cdc_if.o
 .text.CDC_Receive_FS
                0x000000000800d2f4       0x28 ./USB_DEVICE/App/usbd_cdc_if.o
 .text.CDC_Transmit_FS
                0x000000000800d31c       0x4c ./USB_DEVICE/App/usbd_cdc_if.o
                0x000000000800d31c                CDC_Transmit_FS
 .text.CDC_TransmitCplt_FS
                0x000000000800d368       0x22 ./USB_DEVICE/App/usbd_cdc_if.o
 *fill*         0x000000000800d38a        0x2 
 .text.USBD_FS_DeviceDescriptor
                0x000000000800d38c       0x24 ./USB_DEVICE/App/usbd_desc.o
                0x000000000800d38c                USBD_FS_DeviceDescriptor
 .text.USBD_FS_LangIDStrDescriptor
                0x000000000800d3b0       0x24 ./USB_DEVICE/App/usbd_desc.o
                0x000000000800d3b0                USBD_FS_LangIDStrDescriptor
 .text.USBD_FS_ProductStrDescriptor
                0x000000000800d3d4       0x3c ./USB_DEVICE/App/usbd_desc.o
                0x000000000800d3d4                USBD_FS_ProductStrDescriptor
 .text.USBD_FS_ManufacturerStrDescriptor
                0x000000000800d410       0x28 ./USB_DEVICE/App/usbd_desc.o
                0x000000000800d410                USBD_FS_ManufacturerStrDescriptor
 .text.USBD_FS_SerialStrDescriptor
                0x000000000800d438       0x24 ./USB_DEVICE/App/usbd_desc.o
                0x000000000800d438                USBD_FS_SerialStrDescriptor
 .text.USBD_FS_ConfigStrDescriptor
                0x000000000800d45c       0x3c ./USB_DEVICE/App/usbd_desc.o
                0x000000000800d45c                USBD_FS_ConfigStrDescriptor
 .text.USBD_FS_InterfaceStrDescriptor
                0x000000000800d498       0x3c ./USB_DEVICE/App/usbd_desc.o
                0x000000000800d498                USBD_FS_InterfaceStrDescriptor
 .text.USBD_FS_USR_BOSDescriptor
                0x000000000800d4d4       0x24 ./USB_DEVICE/App/usbd_desc.o
                0x000000000800d4d4                USBD_FS_USR_BOSDescriptor
 .text.Get_SerialNum
                0x000000000800d4f8       0x58 ./USB_DEVICE/App/usbd_desc.o
 .text.IntToUnicode
                0x000000000800d550       0x7e ./USB_DEVICE/App/usbd_desc.o
 *fill*         0x000000000800d5ce        0x2 
 .text.HAL_PCD_MspInit
                0x000000000800d5d0      0x104 ./USB_DEVICE/Target/usbd_conf.o
                0x000000000800d5d0                HAL_PCD_MspInit
 .text.HAL_PCD_SetupStageCallback
                0x000000000800d6d4       0x24 ./USB_DEVICE/Target/usbd_conf.o
                0x000000000800d6d4                HAL_PCD_SetupStageCallback
 .text.HAL_PCD_DataOutStageCallback
                0x000000000800d6f8       0x36 ./USB_DEVICE/Target/usbd_conf.o
                0x000000000800d6f8                HAL_PCD_DataOutStageCallback
 .text.HAL_PCD_DataInStageCallback
                0x000000000800d72e       0x34 ./USB_DEVICE/Target/usbd_conf.o
                0x000000000800d72e                HAL_PCD_DataInStageCallback
 .text.HAL_PCD_SOFCallback
                0x000000000800d762       0x1c ./USB_DEVICE/Target/usbd_conf.o
                0x000000000800d762                HAL_PCD_SOFCallback
 .text.HAL_PCD_ResetCallback
                0x000000000800d77e       0x3c ./USB_DEVICE/Target/usbd_conf.o
                0x000000000800d77e                HAL_PCD_ResetCallback
 *fill*         0x000000000800d7ba        0x2 
 .text.HAL_PCD_SuspendCallback
                0x000000000800d7bc       0x4c ./USB_DEVICE/Target/usbd_conf.o
                0x000000000800d7bc                HAL_PCD_SuspendCallback
 .text.HAL_PCD_ResumeCallback
                0x000000000800d808       0x50 ./USB_DEVICE/Target/usbd_conf.o
                0x000000000800d808                HAL_PCD_ResumeCallback
 .text.HAL_PCD_ISOOUTIncompleteCallback
                0x000000000800d858       0x24 ./USB_DEVICE/Target/usbd_conf.o
                0x000000000800d858                HAL_PCD_ISOOUTIncompleteCallback
 .text.HAL_PCD_ISOINIncompleteCallback
                0x000000000800d87c       0x24 ./USB_DEVICE/Target/usbd_conf.o
                0x000000000800d87c                HAL_PCD_ISOINIncompleteCallback
 .text.HAL_PCD_ConnectCallback
                0x000000000800d8a0       0x1c ./USB_DEVICE/Target/usbd_conf.o
                0x000000000800d8a0                HAL_PCD_ConnectCallback
 .text.HAL_PCD_DisconnectCallback
                0x000000000800d8bc       0x1c ./USB_DEVICE/Target/usbd_conf.o
                0x000000000800d8bc                HAL_PCD_DisconnectCallback
 .text.USBD_LL_Init
                0x000000000800d8d8       0x98 ./USB_DEVICE/Target/usbd_conf.o
                0x000000000800d8d8                USBD_LL_Init
 .text.USBD_LL_Start
                0x000000000800d970       0x64 ./USB_DEVICE/Target/usbd_conf.o
                0x000000000800d970                USBD_LL_Start
 .text.USBD_LL_OpenEP
                0x000000000800d9d4       0x7c ./USB_DEVICE/Target/usbd_conf.o
                0x000000000800d9d4                USBD_LL_OpenEP
 .text.USBD_LL_CloseEP
                0x000000000800da50       0x6c ./USB_DEVICE/Target/usbd_conf.o
                0x000000000800da50                USBD_LL_CloseEP
 .text.USBD_LL_StallEP
                0x000000000800dabc       0x6c ./USB_DEVICE/Target/usbd_conf.o
                0x000000000800dabc                USBD_LL_StallEP
 .text.USBD_LL_ClearStallEP
                0x000000000800db28       0x6c ./USB_DEVICE/Target/usbd_conf.o
                0x000000000800db28                USBD_LL_ClearStallEP
 .text.USBD_LL_IsStallEP
                0x000000000800db94       0x58 ./USB_DEVICE/Target/usbd_conf.o
                0x000000000800db94                USBD_LL_IsStallEP
 .text.USBD_LL_SetUSBAddress
                0x000000000800dbec       0x6c ./USB_DEVICE/Target/usbd_conf.o
                0x000000000800dbec                USBD_LL_SetUSBAddress
 .text.USBD_LL_Transmit
                0x000000000800dc58       0x70 ./USB_DEVICE/Target/usbd_conf.o
                0x000000000800dc58                USBD_LL_Transmit
 .text.USBD_LL_PrepareReceive
                0x000000000800dcc8       0x70 ./USB_DEVICE/Target/usbd_conf.o
                0x000000000800dcc8                USBD_LL_PrepareReceive
 .text.USBD_LL_GetRxDataSize
                0x000000000800dd38       0x26 ./USB_DEVICE/Target/usbd_conf.o
                0x000000000800dd38                USBD_LL_GetRxDataSize
 *fill*         0x000000000800dd5e        0x2 
 .text.HAL_PCDEx_LPM_Callback
                0x000000000800dd60       0x9c ./USB_DEVICE/Target/usbd_conf.o
                0x000000000800dd60                HAL_PCDEx_LPM_Callback
 .text.USBD_static_malloc
                0x000000000800ddfc       0x1c ./USB_DEVICE/Target/usbd_conf.o
                0x000000000800ddfc                USBD_static_malloc
 .text.USBD_static_free
                0x000000000800de18       0x14 ./USB_DEVICE/Target/usbd_conf.o
                0x000000000800de18                USBD_static_free
 .text.SystemClockConfig_Resume
                0x000000000800de2c        0xc ./USB_DEVICE/Target/usbd_conf.o
 .text.__errno  0x000000000800de38        0xc c:/st/stm32cubeide_1.8.0/stm32cubeide/plugins/com.st.stm32cube.ide.mcu.externaltools.gnu-tools-for-stm32.9-2020-q2-update.win32_2.0.0.202105311346/tools/bin/../lib/gcc/arm-none-eabi/9.3.1/../../../../arm-none-eabi/lib/thumb/v7e-m+fp/hard\libc_nano.a(lib_a-errno.o)
                0x000000000800de38                __errno
 .text.__libc_init_array
                0x000000000800de44       0x48 c:/st/stm32cubeide_1.8.0/stm32cubeide/plugins/com.st.stm32cube.ide.mcu.externaltools.gnu-tools-for-stm32.9-2020-q2-update.win32_2.0.0.202105311346/tools/bin/../lib/gcc/arm-none-eabi/9.3.1/../../../../arm-none-eabi/lib/thumb/v7e-m+fp/hard\libc_nano.a(lib_a-init.o)
                0x000000000800de44                __libc_init_array
 .text.malloc   0x000000000800de8c       0x10 c:/st/stm32cubeide_1.8.0/stm32cubeide/plugins/com.st.stm32cube.ide.mcu.externaltools.gnu-tools-for-stm32.9-2020-q2-update.win32_2.0.0.202105311346/tools/bin/../lib/gcc/arm-none-eabi/9.3.1/../../../../arm-none-eabi/lib/thumb/v7e-m+fp/hard\libc_nano.a(lib_a-malloc.o)
                0x000000000800de8c                malloc
 .text.memset   0x000000000800de9c       0x10 c:/st/stm32cubeide_1.8.0/stm32cubeide/plugins/com.st.stm32cube.ide.mcu.externaltools.gnu-tools-for-stm32.9-2020-q2-update.win32_2.0.0.202105311346/tools/bin/../lib/gcc/arm-none-eabi/9.3.1/../../../../arm-none-eabi/lib/thumb/v7e-m+fp/hard\libc_nano.a(lib_a-memset.o)
                0x000000000800de9c                memset
 .text._free_r  0x000000000800deac       0xa0 c:/st/stm32cubeide_1.8.0/stm32cubeide/plugins/com.st.stm32cube.ide.mcu.externaltools.gnu-tools-for-stm32.9-2020-q2-update.win32_2.0.0.202105311346/tools/bin/../lib/gcc/arm-none-eabi/9.3.1/../../../../arm-none-eabi/lib/thumb/v7e-m+fp/hard\libc_nano.a(lib_a-nano-freer.o)
                0x000000000800deac                _free_r
 .text._malloc_r
                0x000000000800df4c       0xb4 c:/st/stm32cubeide_1.8.0/stm32cubeide/plugins/com.st.stm32cube.ide.mcu.externaltools.gnu-tools-for-stm32.9-2020-q2-update.win32_2.0.0.202105311346/tools/bin/../lib/gcc/arm-none-eabi/9.3.1/../../../../arm-none-eabi/lib/thumb/v7e-m+fp/hard\libc_nano.a(lib_a-nano-mallocr.o)
                0x000000000800df4c                _malloc_r
 .text.__cvt    0x000000000800e000       0xc4 c:/st/stm32cubeide_1.8.0/stm32cubeide/plugins/com.st.stm32cube.ide.mcu.externaltools.gnu-tools-for-stm32.9-2020-q2-update.win32_2.0.0.202105311346/tools/bin/../lib/gcc/arm-none-eabi/9.3.1/../../../../arm-none-eabi/lib/thumb/v7e-m+fp/hard\libc_nano.a(lib_a-nano-vfprintf_float.o)
                0x000000000800e000                __cvt
 .text.__exponent
                0x000000000800e0c4       0x7c c:/st/stm32cubeide_1.8.0/stm32cubeide/plugins/com.st.stm32cube.ide.mcu.externaltools.gnu-tools-for-stm32.9-2020-q2-update.win32_2.0.0.202105311346/tools/bin/../lib/gcc/arm-none-eabi/9.3.1/../../../../arm-none-eabi/lib/thumb/v7e-m+fp/hard\libc_nano.a(lib_a-nano-vfprintf_float.o)
                0x000000000800e0c4                __exponent
 .text._printf_float
                0x000000000800e140      0x46c c:/st/stm32cubeide_1.8.0/stm32cubeide/plugins/com.st.stm32cube.ide.mcu.externaltools.gnu-tools-for-stm32.9-2020-q2-update.win32_2.0.0.202105311346/tools/bin/../lib/gcc/arm-none-eabi/9.3.1/../../../../arm-none-eabi/lib/thumb/v7e-m+fp/hard\libc_nano.a(lib_a-nano-vfprintf_float.o)
                0x000000000800e140                _printf_float
 .text._printf_common
                0x000000000800e5ac       0xda c:/st/stm32cubeide_1.8.0/stm32cubeide/plugins/com.st.stm32cube.ide.mcu.externaltools.gnu-tools-for-stm32.9-2020-q2-update.win32_2.0.0.202105311346/tools/bin/../lib/gcc/arm-none-eabi/9.3.1/../../../../arm-none-eabi/lib/thumb/v7e-m+fp/hard\libc_nano.a(lib_a-nano-vfprintf_i.o)
                0x000000000800e5ac                _printf_common
 *fill*         0x000000000800e686        0x2 
 .text._printf_i
                0x000000000800e688      0x24c c:/st/stm32cubeide_1.8.0/stm32cubeide/plugins/com.st.stm32cube.ide.mcu.externaltools.gnu-tools-for-stm32.9-2020-q2-update.win32_2.0.0.202105311346/tools/bin/../lib/gcc/arm-none-eabi/9.3.1/../../../../arm-none-eabi/lib/thumb/v7e-m+fp/hard\libc_nano.a(lib_a-nano-vfprintf_i.o)
                0x000000000800e688                _printf_i
 .text._scanf_float
                0x000000000800e8d4      0x420 c:/st/stm32cubeide_1.8.0/stm32cubeide/plugins/com.st.stm32cube.ide.mcu.externaltools.gnu-tools-for-stm32.9-2020-q2-update.win32_2.0.0.202105311346/tools/bin/../lib/gcc/arm-none-eabi/9.3.1/../../../../arm-none-eabi/lib/thumb/v7e-m+fp/hard\libc_nano.a(lib_a-nano-vfscanf_float.o)
                0x000000000800e8d4                _scanf_float
 .text.printf   0x000000000800ecf4       0x30 c:/st/stm32cubeide_1.8.0/stm32cubeide/plugins/com.st.stm32cube.ide.mcu.externaltools.gnu-tools-for-stm32.9-2020-q2-update.win32_2.0.0.202105311346/tools/bin/../lib/gcc/arm-none-eabi/9.3.1/../../../../arm-none-eabi/lib/thumb/v7e-m+fp/hard\libc_nano.a(lib_a-printf.o)
                0x000000000800ecf4                iprintf
                0x000000000800ecf4                printf
 .text._sbrk_r  0x000000000800ed24       0x20 c:/st/stm32cubeide_1.8.0/stm32cubeide/plugins/com.st.stm32cube.ide.mcu.externaltools.gnu-tools-for-stm32.9-2020-q2-update.win32_2.0.0.202105311346/tools/bin/../lib/gcc/arm-none-eabi/9.3.1/../../../../arm-none-eabi/lib/thumb/v7e-m+fp/hard\libc_nano.a(lib_a-sbrkr.o)
                0x000000000800ed24                _sbrk_r
 .text.nanf     0x000000000800ed44        0xc c:/st/stm32cubeide_1.8.0/stm32cubeide/plugins/com.st.stm32cube.ide.mcu.externaltools.gnu-tools-for-stm32.9-2020-q2-update.win32_2.0.0.202105311346/tools/bin/../lib/gcc/arm-none-eabi/9.3.1/../../../../arm-none-eabi/lib/thumb/v7e-m+fp/hard\libc_nano.a(lib_a-sf_nan.o)
                0x000000000800ed44                nanf
 .text.sprintf  0x000000000800ed50       0x40 c:/st/stm32cubeide_1.8.0/stm32cubeide/plugins/com.st.stm32cube.ide.mcu.externaltools.gnu-tools-for-stm32.9-2020-q2-update.win32_2.0.0.202105311346/tools/bin/../lib/gcc/arm-none-eabi/9.3.1/../../../../arm-none-eabi/lib/thumb/v7e-m+fp/hard\libc_nano.a(lib_a-sprintf.o)
                0x000000000800ed50                siprintf
                0x000000000800ed50                sprintf
 .text.sulp     0x000000000800ed90       0x38 c:/st/stm32cubeide_1.8.0/stm32cubeide/plugins/com.st.stm32cube.ide.mcu.externaltools.gnu-tools-for-stm32.9-2020-q2-update.win32_2.0.0.202105311346/tools/bin/../lib/gcc/arm-none-eabi/9.3.1/../../../../arm-none-eabi/lib/thumb/v7e-m+fp/hard\libc_nano.a(lib_a-strtod.o)
 .text._strtod_l
                0x000000000800edc8      0xc14 c:/st/stm32cubeide_1.8.0/stm32cubeide/plugins/com.st.stm32cube.ide.mcu.externaltools.gnu-tools-for-stm32.9-2020-q2-update.win32_2.0.0.202105311346/tools/bin/../lib/gcc/arm-none-eabi/9.3.1/../../../../arm-none-eabi/lib/thumb/v7e-m+fp/hard\libc_nano.a(lib_a-strtod.o)
                0x000000000800edc8                _strtod_l
 .text._strtod_r
                0x000000000800f9dc        0xc c:/st/stm32cubeide_1.8.0/stm32cubeide/plugins/com.st.stm32cube.ide.mcu.externaltools.gnu-tools-for-stm32.9-2020-q2-update.win32_2.0.0.202105311346/tools/bin/../lib/gcc/arm-none-eabi/9.3.1/../../../../arm-none-eabi/lib/thumb/v7e-m+fp/hard\libc_nano.a(lib_a-strtod.o)
                0x000000000800f9dc                _strtod_r
 .text._strtol_l.isra.0
                0x000000000800f9e8      0x108 c:/st/stm32cubeide_1.8.0/stm32cubeide/plugins/com.st.stm32cube.ide.mcu.externaltools.gnu-tools-for-stm32.9-2020-q2-update.win32_2.0.0.202105311346/tools/bin/../lib/gcc/arm-none-eabi/9.3.1/../../../../arm-none-eabi/lib/thumb/v7e-m+fp/hard\libc_nano.a(lib_a-strtol.o)
 .text._strtol_r
                0x000000000800faf0        0x4 c:/st/stm32cubeide_1.8.0/stm32cubeide/plugins/com.st.stm32cube.ide.mcu.externaltools.gnu-tools-for-stm32.9-2020-q2-update.win32_2.0.0.202105311346/tools/bin/../lib/gcc/arm-none-eabi/9.3.1/../../../../arm-none-eabi/lib/thumb/v7e-m+fp/hard\libc_nano.a(lib_a-strtol.o)
                0x000000000800faf0                _strtol_r
 .text.quorem   0x000000000800faf4      0x116 c:/st/stm32cubeide_1.8.0/stm32cubeide/plugins/com.st.stm32cube.ide.mcu.externaltools.gnu-tools-for-stm32.9-2020-q2-update.win32_2.0.0.202105311346/tools/bin/../lib/gcc/arm-none-eabi/9.3.1/../../../../arm-none-eabi/lib/thumb/v7e-m+fp/hard\libc_nano.a(lib_a-dtoa.o)
 *fill*         0x000000000800fc0a        0x6 
 .text._dtoa_r  0x000000000800fc10      0xbd8 c:/st/stm32cubeide_1.8.0/stm32cubeide/plugins/com.st.stm32cube.ide.mcu.externaltools.gnu-tools-for-stm32.9-2020-q2-update.win32_2.0.0.202105311346/tools/bin/../lib/gcc/arm-none-eabi/9.3.1/../../../../arm-none-eabi/lib/thumb/v7e-m+fp/hard\libc_nano.a(lib_a-dtoa.o)
                0x000000000800fc10                _dtoa_r
 .text.std      0x00000000080107e8       0x48 c:/st/stm32cubeide_1.8.0/stm32cubeide/plugins/com.st.stm32cube.ide.mcu.externaltools.gnu-tools-for-stm32.9-2020-q2-update.win32_2.0.0.202105311346/tools/bin/../lib/gcc/arm-none-eabi/9.3.1/../../../../arm-none-eabi/lib/thumb/v7e-m+fp/hard\libc_nano.a(lib_a-findfp.o)
 .text._cleanup_r
                0x0000000008010830        0xc c:/st/stm32cubeide_1.8.0/stm32cubeide/plugins/com.st.stm32cube.ide.mcu.externaltools.gnu-tools-for-stm32.9-2020-q2-update.win32_2.0.0.202105311346/tools/bin/../lib/gcc/arm-none-eabi/9.3.1/../../../../arm-none-eabi/lib/thumb/v7e-m+fp/hard\libc_nano.a(lib_a-findfp.o)
                0x0000000008010830                _cleanup_r
 .text.__sfmoreglue
                0x000000000801083c       0x2c c:/st/stm32cubeide_1.8.0/stm32cubeide/plugins/com.st.stm32cube.ide.mcu.externaltools.gnu-tools-for-stm32.9-2020-q2-update.win32_2.0.0.202105311346/tools/bin/../lib/gcc/arm-none-eabi/9.3.1/../../../../arm-none-eabi/lib/thumb/v7e-m+fp/hard\libc_nano.a(lib_a-findfp.o)
                0x000000000801083c                __sfmoreglue
 .text.__sfp_lock_acquire
                0x0000000008010868        0xc c:/st/stm32cubeide_1.8.0/stm32cubeide/plugins/com.st.stm32cube.ide.mcu.externaltools.gnu-tools-for-stm32.9-2020-q2-update.win32_2.0.0.202105311346/tools/bin/../lib/gcc/arm-none-eabi/9.3.1/../../../../arm-none-eabi/lib/thumb/v7e-m+fp/hard\libc_nano.a(lib_a-findfp.o)
                0x0000000008010868                __sfp_lock_acquire
 .text.__sfp_lock_release
                0x0000000008010874        0xc c:/st/stm32cubeide_1.8.0/stm32cubeide/plugins/com.st.stm32cube.ide.mcu.externaltools.gnu-tools-for-stm32.9-2020-q2-update.win32_2.0.0.202105311346/tools/bin/../lib/gcc/arm-none-eabi/9.3.1/../../../../arm-none-eabi/lib/thumb/v7e-m+fp/hard\libc_nano.a(lib_a-findfp.o)
                0x0000000008010874                __sfp_lock_release
 .text.__sinit_lock_acquire
                0x0000000008010880        0xc c:/st/stm32cubeide_1.8.0/stm32cubeide/plugins/com.st.stm32cube.ide.mcu.externaltools.gnu-tools-for-stm32.9-2020-q2-update.win32_2.0.0.202105311346/tools/bin/../lib/gcc/arm-none-eabi/9.3.1/../../../../arm-none-eabi/lib/thumb/v7e-m+fp/hard\libc_nano.a(lib_a-findfp.o)
                0x0000000008010880                __sinit_lock_acquire
 .text.__sinit_lock_release
                0x000000000801088c        0xc c:/st/stm32cubeide_1.8.0/stm32cubeide/plugins/com.st.stm32cube.ide.mcu.externaltools.gnu-tools-for-stm32.9-2020-q2-update.win32_2.0.0.202105311346/tools/bin/../lib/gcc/arm-none-eabi/9.3.1/../../../../arm-none-eabi/lib/thumb/v7e-m+fp/hard\libc_nano.a(lib_a-findfp.o)
                0x000000000801088c                __sinit_lock_release
 .text.__sinit  0x0000000008010898       0x70 c:/st/stm32cubeide_1.8.0/stm32cubeide/plugins/com.st.stm32cube.ide.mcu.externaltools.gnu-tools-for-stm32.9-2020-q2-update.win32_2.0.0.202105311346/tools/bin/../lib/gcc/arm-none-eabi/9.3.1/../../../../arm-none-eabi/lib/thumb/v7e-m+fp/hard\libc_nano.a(lib_a-findfp.o)
                0x0000000008010898                __sinit
 .text.__sfp    0x0000000008010908       0x8c c:/st/stm32cubeide_1.8.0/stm32cubeide/plugins/com.st.stm32cube.ide.mcu.externaltools.gnu-tools-for-stm32.9-2020-q2-update.win32_2.0.0.202105311346/tools/bin/../lib/gcc/arm-none-eabi/9.3.1/../../../../arm-none-eabi/lib/thumb/v7e-m+fp/hard\libc_nano.a(lib_a-findfp.o)
                0x0000000008010908                __sfp
 .text._fwalk_reent
                0x0000000008010994       0x3e c:/st/stm32cubeide_1.8.0/stm32cubeide/plugins/com.st.stm32cube.ide.mcu.externaltools.gnu-tools-for-stm32.9-2020-q2-update.win32_2.0.0.202105311346/tools/bin/../lib/gcc/arm-none-eabi/9.3.1/../../../../arm-none-eabi/lib/thumb/v7e-m+fp/hard\libc_nano.a(lib_a-fwalk.o)
                0x0000000008010994                _fwalk_reent
 .text.rshift   0x00000000080109d2       0xa4 c:/st/stm32cubeide_1.8.0/stm32cubeide/plugins/com.st.stm32cube.ide.mcu.externaltools.gnu-tools-for-stm32.9-2020-q2-update.win32_2.0.0.202105311346/tools/bin/../lib/gcc/arm-none-eabi/9.3.1/../../../../arm-none-eabi/lib/thumb/v7e-m+fp/hard\libc_nano.a(lib_a-gdtoa-gethex.o)
 .text.__hexdig_fun
                0x0000000008010a76       0x2a c:/st/stm32cubeide_1.8.0/stm32cubeide/plugins/com.st.stm32cube.ide.mcu.externaltools.gnu-tools-for-stm32.9-2020-q2-update.win32_2.0.0.202105311346/tools/bin/../lib/gcc/arm-none-eabi/9.3.1/../../../../arm-none-eabi/lib/thumb/v7e-m+fp/hard\libc_nano.a(lib_a-gdtoa-gethex.o)
                0x0000000008010a76                __hexdig_fun
 .text.__gethex
                0x0000000008010aa0      0x48c c:/st/stm32cubeide_1.8.0/stm32cubeide/plugins/com.st.stm32cube.ide.mcu.externaltools.gnu-tools-for-stm32.9-2020-q2-update.win32_2.0.0.202105311346/tools/bin/../lib/gcc/arm-none-eabi/9.3.1/../../../../arm-none-eabi/lib/thumb/v7e-m+fp/hard\libc_nano.a(lib_a-gdtoa-gethex.o)
                0x0000000008010aa0                __gethex
 .text.L_shift  0x0000000008010f2c       0x24 c:/st/stm32cubeide_1.8.0/stm32cubeide/plugins/com.st.stm32cube.ide.mcu.externaltools.gnu-tools-for-stm32.9-2020-q2-update.win32_2.0.0.202105311346/tools/bin/../lib/gcc/arm-none-eabi/9.3.1/../../../../arm-none-eabi/lib/thumb/v7e-m+fp/hard\libc_nano.a(lib_a-gdtoa-hexnan.o)
 .text.__match  0x0000000008010f50       0x28 c:/st/stm32cubeide_1.8.0/stm32cubeide/plugins/com.st.stm32cube.ide.mcu.externaltools.gnu-tools-for-stm32.9-2020-q2-update.win32_2.0.0.202105311346/tools/bin/../lib/gcc/arm-none-eabi/9.3.1/../../../../arm-none-eabi/lib/thumb/v7e-m+fp/hard\libc_nano.a(lib_a-gdtoa-hexnan.o)
                0x0000000008010f50                __match
 .text.__hexnan
                0x0000000008010f78      0x138 c:/st/stm32cubeide_1.8.0/stm32cubeide/plugins/com.st.stm32cube.ide.mcu.externaltools.gnu-tools-for-stm32.9-2020-q2-update.win32_2.0.0.202105311346/tools/bin/../lib/gcc/arm-none-eabi/9.3.1/../../../../arm-none-eabi/lib/thumb/v7e-m+fp/hard\libc_nano.a(lib_a-gdtoa-hexnan.o)
                0x0000000008010f78                __hexnan
 .text._localeconv_r
                0x00000000080110b0        0x8 c:/st/stm32cubeide_1.8.0/stm32cubeide/plugins/com.st.stm32cube.ide.mcu.externaltools.gnu-tools-for-stm32.9-2020-q2-update.win32_2.0.0.202105311346/tools/bin/../lib/gcc/arm-none-eabi/9.3.1/../../../../arm-none-eabi/lib/thumb/v7e-m+fp/hard\libc_nano.a(lib_a-localeconv.o)
                0x00000000080110b0                _localeconv_r
 .text.__retarget_lock_init_recursive
                0x00000000080110b8        0x2 c:/st/stm32cubeide_1.8.0/stm32cubeide/plugins/com.st.stm32cube.ide.mcu.externaltools.gnu-tools-for-stm32.9-2020-q2-update.win32_2.0.0.202105311346/tools/bin/../lib/gcc/arm-none-eabi/9.3.1/../../../../arm-none-eabi/lib/thumb/v7e-m+fp/hard\libc_nano.a(lib_a-lock.o)
                0x00000000080110b8                __retarget_lock_init_recursive
 .text.__retarget_lock_acquire_recursive
                0x00000000080110ba        0x2 c:/st/stm32cubeide_1.8.0/stm32cubeide/plugins/com.st.stm32cube.ide.mcu.externaltools.gnu-tools-for-stm32.9-2020-q2-update.win32_2.0.0.202105311346/tools/bin/../lib/gcc/arm-none-eabi/9.3.1/../../../../arm-none-eabi/lib/thumb/v7e-m+fp/hard\libc_nano.a(lib_a-lock.o)
                0x00000000080110ba                __retarget_lock_acquire_recursive
 .text.__retarget_lock_release_recursive
                0x00000000080110bc        0x2 c:/st/stm32cubeide_1.8.0/stm32cubeide/plugins/com.st.stm32cube.ide.mcu.externaltools.gnu-tools-for-stm32.9-2020-q2-update.win32_2.0.0.202105311346/tools/bin/../lib/gcc/arm-none-eabi/9.3.1/../../../../arm-none-eabi/lib/thumb/v7e-m+fp/hard\libc_nano.a(lib_a-lock.o)
                0x00000000080110bc                __retarget_lock_release_recursive
 .text.__ascii_mbtowc
                0x00000000080110be       0x24 c:/st/stm32cubeide_1.8.0/stm32cubeide/plugins/com.st.stm32cube.ide.mcu.externaltools.gnu-tools-for-stm32.9-2020-q2-update.win32_2.0.0.202105311346/tools/bin/../lib/gcc/arm-none-eabi/9.3.1/../../../../arm-none-eabi/lib/thumb/v7e-m+fp/hard\libc_nano.a(lib_a-mbtowc_r.o)
                0x00000000080110be                __ascii_mbtowc
 .text.memcpy   0x00000000080110e2       0x1c c:/st/stm32cubeide_1.8.0/stm32cubeide/plugins/com.st.stm32cube.ide.mcu.externaltools.gnu-tools-for-stm32.9-2020-q2-update.win32_2.0.0.202105311346/tools/bin/../lib/gcc/arm-none-eabi/9.3.1/../../../../arm-none-eabi/lib/thumb/v7e-m+fp/hard\libc_nano.a(lib_a-memcpy-stub.o)
                0x00000000080110e2                memcpy
 *fill*         0x00000000080110fe        0x2 
 .text.__malloc_lock