SSD1306.c:23:16:platform_write	32	static
SSD1306.c:29:16:platform_write_dma	24	static
SSD1306.c:35:13:SSD1306_send_com	16	static
SSD1306.c:40:6:SSD1306_init	16	static
SSD1306.c:123:6:SSD1306_draw_pixel	24	static
SSD1306.c:166:6:SSD1306_display_clear	8	static
SSD1306.c:187:6:SSD1306_draw_fast_hline	32	static
SSD1306.c:225:6:SSD1306_draw_fast_hline_internal	24	static
SSD1306.c:287:6:SSD1306_draw_fast_vline	32	static
SSD1306.c:324:6:SSD1306_draw_fast_vline_internal	32	static
SSD1306.c:452:6:SSD1306_get_pixel	16	static
SSD1306.c:483:10:SSD1306_get_buffer	4	static
SSD1306.c:495:6:SSD1306_display_repaint	16	static
SSD1306.c:519:6:SSD1306_start_scroll_right	16	static
SSD1306.c:542:6:SSD1306_start_scroll_left	16	static
SSD1306.c:565:6:SSD1306_start_scroll_diagright	16	static
SSD1306.c:591:6:SSD1306_start_scroll_diagleft	16	static
SSD1306.c:612:6:SSD1306_stop_scroll	8	static
SSD1306.c:630:6:SSD1306_display_invert	16	static
SSD1306.c:643:6:SSD1306_set_contrast	16	static
SSD1306.c:653:6:SSD1306_set_rotation	16	static
SSD1306.c:658:9:SSD1306_get_rotation	4	static
